Archive member included to satisfy reference by file (symbol)

C:\Users\Eli Hughes\Desktop\FIT2017_LPC54628\SRC\Demo 4 - Starfield\libs\libfsl_power_lib.a(fsl_power_lib.o)
                              ./source/lpcxpresso54608/clock_config.o (POWER_SetVoltageForFreq)
c:/nxp/mcuxpressoide_10.0.2_411/ide/tools/bin/../lib/gcc/arm-none-eabi/5.4.1/../../../../arm-none-eabi/lib/armv7e-m/fpu\libcr_nohost_nf.a(_cr__main.o)
                              ./source/startup/startup_LPC54608.o (__main)
c:/nxp/mcuxpressoide_10.0.2_411/ide/tools/bin/../lib/gcc/arm-none-eabi/5.4.1/../../../../arm-none-eabi/lib/armv7e-m/fpu\libcr_nohost_nf.a(_cr_assert.o)
                              ./source/lpcxpresso54608/board.o (__assertion_failed)
c:/nxp/mcuxpressoide_10.0.2_411/ide/tools/bin/../lib/gcc/arm-none-eabi/5.4.1/../../../../arm-none-eabi/lib/armv7e-m/fpu\libcr_nohost_nf.a(__ciob.o)
                              c:/nxp/mcuxpressoide_10.0.2_411/ide/tools/bin/../lib/gcc/arm-none-eabi/5.4.1/../../../../arm-none-eabi/lib/armv7e-m/fpu\libcr_nohost_nf.a(_cr_assert.o) (__Ciob)
c:/nxp/mcuxpressoide_10.0.2_411/ide/tools/bin/../lib/gcc/arm-none-eabi/5.4.1/../../../../arm-none-eabi/lib/armv7e-m/fpu\libcr_nohost_nf.a(__sys_appexit.o)
                              c:/nxp/mcuxpressoide_10.0.2_411/ide/tools/bin/../lib/gcc/arm-none-eabi/5.4.1/../../../../arm-none-eabi/lib/armv7e-m/fpu\libcr_nohost_nf.a(_cr_assert.o) (__sys_appexit)
c:/nxp/mcuxpressoide_10.0.2_411/ide/tools/bin/../lib/gcc/arm-none-eabi/5.4.1/../../../../arm-none-eabi/lib/armv7e-m/fpu\libcr_c.a(memcpy.o)
                              ./source/eGFX/eGFX.o (memcpy)
c:/nxp/mcuxpressoide_10.0.2_411/ide/tools/bin/../lib/gcc/arm-none-eabi/5.4.1/../../../../arm-none-eabi/lib/armv7e-m/fpu\libcr_c.a(memset.o)
                              ./source/eGFX/Drivers/eGFX_Driver_LPCXPresso_54608.o (memset)
c:/nxp/mcuxpressoide_10.0.2_411/ide/tools/bin/../lib/gcc/arm-none-eabi/5.4.1/../../../../arm-none-eabi/lib/armv7e-m/fpu\libcr_c.a(_deferredlazyseek.o)
                              c:/nxp/mcuxpressoide_10.0.2_411/ide/tools/bin/../lib/gcc/arm-none-eabi/5.4.1/../../../../arm-none-eabi/lib/armv7e-m/fpu\libcr_nohost_nf.a(_cr_assert.o) (__flsbuf)
c:/nxp/mcuxpressoide_10.0.2_411/ide/tools/bin/../lib/gcc/arm-none-eabi/5.4.1/../../../../arm-none-eabi/lib/armv7e-m/fpu\libcr_c.a(_fflush.o)
                              c:/nxp/mcuxpressoide_10.0.2_411/ide/tools/bin/../lib/gcc/arm-none-eabi/5.4.1/../../../../arm-none-eabi/lib/armv7e-m/fpu\libcr_c.a(_deferredlazyseek.o) (_fflush)
c:/nxp/mcuxpressoide_10.0.2_411/ide/tools/bin/../lib/gcc/arm-none-eabi/5.4.1/../../../../arm-none-eabi/lib/armv7e-m/fpu\libcr_c.a(_writebuf.o)
                              c:/nxp/mcuxpressoide_10.0.2_411/ide/tools/bin/../lib/gcc/arm-none-eabi/5.4.1/../../../../arm-none-eabi/lib/armv7e-m/fpu\libcr_c.a(_deferredlazyseek.o) (_Cwritebuf)
c:/nxp/mcuxpressoide_10.0.2_411/ide/tools/bin/../lib/gcc/arm-none-eabi/5.4.1/../../../../arm-none-eabi/lib/armv7e-m/fpu\libcr_c.a(alloc.o)
                              c:/nxp/mcuxpressoide_10.0.2_411/ide/tools/bin/../lib/gcc/arm-none-eabi/5.4.1/../../../../arm-none-eabi/lib/armv7e-m/fpu\libcr_c.a(_deferredlazyseek.o) (_Csys_alloc)
c:/nxp/mcuxpressoide_10.0.2_411/ide/tools/bin/../lib/gcc/arm-none-eabi/5.4.1/../../../../arm-none-eabi/lib/armv7e-m/fpu\libcr_c.a(fabs.o)
                              ./source/eGFX/eGFX.o (fabs)
c:/nxp/mcuxpressoide_10.0.2_411/ide/tools/bin/../lib/gcc/arm-none-eabi/5.4.1/../../../../arm-none-eabi/lib/armv7e-m/fpu\libcr_c.a(fpprintf.o)
                              ./source/eGFX/eGFX.o (vsnprintf)
c:/nxp/mcuxpressoide_10.0.2_411/ide/tools/bin/../lib/gcc/arm-none-eabi/5.4.1/../../../../arm-none-eabi/lib/armv7e-m/fpu\libcr_c.a(fputs.o)
                              c:/nxp/mcuxpressoide_10.0.2_411/ide/tools/bin/../lib/gcc/arm-none-eabi/5.4.1/../../../../arm-none-eabi/lib/armv7e-m/fpu\libcr_nohost_nf.a(_cr_assert.o) (fputs)
c:/nxp/mcuxpressoide_10.0.2_411/ide/tools/bin/../lib/gcc/arm-none-eabi/5.4.1/../../../../arm-none-eabi/lib/armv7e-m/fpu\libcr_c.a(fseek.o)
                              c:/nxp/mcuxpressoide_10.0.2_411/ide/tools/bin/../lib/gcc/arm-none-eabi/5.4.1/../../../../arm-none-eabi/lib/armv7e-m/fpu\libcr_c.a(_deferredlazyseek.o) (fseek)
c:/nxp/mcuxpressoide_10.0.2_411/ide/tools/bin/../lib/gcc/arm-none-eabi/5.4.1/../../../../arm-none-eabi/lib/armv7e-m/fpu\libcr_c.a(ftell.o)
                              c:/nxp/mcuxpressoide_10.0.2_411/ide/tools/bin/../lib/gcc/arm-none-eabi/5.4.1/../../../../arm-none-eabi/lib/armv7e-m/fpu\libcr_c.a(fseek.o) (ftell)
c:/nxp/mcuxpressoide_10.0.2_411/ide/tools/bin/../lib/gcc/arm-none-eabi/5.4.1/../../../../arm-none-eabi/lib/armv7e-m/fpu\libcr_c.a(initio.o)
                              c:/nxp/mcuxpressoide_10.0.2_411/ide/tools/bin/../lib/gcc/arm-none-eabi/5.4.1/../../../../arm-none-eabi/lib/armv7e-m/fpu\libcr_nohost_nf.a(_cr__main.o) (_initio)
[...]
Memory Configuration

Name             Origin             Length             Attributes
PROGRAM_FLASH    0x00000000         0x00080000         xr
BOARD_FLASH      0x10000000         0x01000000         xr
SRAM_0_1_2_3     0x20000000         0x00028000         xrw
SRAMX            0x04000000         0x00008000         xrw
USB_RAM          0x40100000         0x00002000         xrw
BOARD_SDRAM      0xa0000000         0x01000000         xrw
*default*        0x00000000         0xffffffff

Linker script and memory map

LOAD ./source/utilities/fsl_debug_console.o
LOAD ./source/startup/startup_LPC54608.o
LOAD ./source/lpcxpresso54608/board.o
LOAD ./source/lpcxpresso54608/clock_config.o
LOAD ./source/lpcxpresso54608/pin_mux.o
LOAD ./source/eGFX/Sprites/Sprites_16BPP_565.o
LOAD ./source/eGFX/Fonts/OCR_A_Extended__20px__Bold__SingleBitPerPixelGridFit_1BPP/OCR_A_Extended__20px__Bold__SingleBitPerPixelGridFit_1BPP.o
LOAD ./source/eGFX/Fonts/Magneto__26px__Regular__AntiAliasGridFit_16BPP_565/Magneto__26px__Regular__AntiAliasGridFit_16BPP_565.o
LOAD ./source/eGFX/Fonts/Consolas__26px__Regular__AntiAliasGridFit_1BPP/Consolas__26px__Regular__AntiAliasGridFit_1BPP.o
LOAD ./source/eGFX/Fonts/Arial__23px__Regular__SystemDefault_1BPP/Arial__23px__Regular__SystemDefault_1BPP.o
LOAD ./source/eGFX/Fonts/FONT_3_5_1BPP.o
LOAD ./source/eGFX/Fonts/FONT_3_5_4BPP.o
LOAD ./source/eGFX/Fonts/FONT_3_5_8BPP.o
LOAD ./source/eGFX/Fonts/FONT_5_7_1BPP.o
LOAD ./source/eGFX/Fonts/FONT_5_7_4BPP.o
LOAD ./source/eGFX/Fonts/FONT_5_7_8BPP.o
LOAD ./source/eGFX/Drivers/eGFX_Driver_LPCXPresso_54608.o
LOAD ./source/eGFX/eGFX.o
LOAD ./source/drivers/fsl_adc.o
LOAD ./source/drivers/fsl_clock.o
LOAD ./source/drivers/fsl_common.o
LOAD ./source/drivers/fsl_crc.o
LOAD ./source/drivers/fsl_ctimer.o
LOAD ./source/drivers/fsl_dma.o
LOAD ./source/drivers/fsl_dmic.o
LOAD ./source/drivers/fsl_dmic_dma.o
LOAD ./source/drivers/fsl_eeprom.o
LOAD ./source/drivers/fsl_emc.o
LOAD ./source/drivers/fsl_enet.o
LOAD ./source/drivers/fsl_flashiap.o
LOAD ./source/drivers/fsl_flexcomm.o
LOAD ./source/drivers/fsl_fmc.o
LOAD ./source/drivers/fsl_fmeas.o
LOAD ./source/drivers/fsl_gint.o
LOAD ./source/drivers/fsl_gpio.o
LOAD ./source/drivers/fsl_i2c.o
LOAD ./source/drivers/fsl_i2c_dma.o
LOAD ./source/drivers/fsl_i2s.o
LOAD ./source/drivers/fsl_i2s_dma.o
LOAD ./source/drivers/fsl_inputmux.o
LOAD ./source/drivers/fsl_lcdc.o
LOAD ./source/drivers/fsl_mcan.o
LOAD ./source/drivers/fsl_mrt.o
LOAD ./source/drivers/fsl_pint.o
LOAD ./source/drivers/fsl_power.o
LOAD ./source/drivers/fsl_reset.o
LOAD ./source/drivers/fsl_rit.o
LOAD ./source/drivers/fsl_rtc.o
LOAD ./source/drivers/fsl_sctimer.o
LOAD ./source/drivers/fsl_sdif.o
LOAD ./source/drivers/fsl_spi.o
LOAD ./source/drivers/fsl_spi_dma.o
LOAD ./source/drivers/fsl_spifi.o
LOAD ./source/drivers/fsl_spifi_dma.o
LOAD ./source/drivers/fsl_usart.o
LOAD ./source/drivers/fsl_usart_dma.o
LOAD ./source/drivers/fsl_utick.o
LOAD ./source/drivers/fsl_wwdt.o
LOAD ./source/TouchScreen/fsl_ft5406.o
LOAD ./source/CMSIS/system_LPC54608.o
LOAD ./source/Audio/Audio.o
LOAD ./source/Audio/fsl_wm8904.o
LOAD ./source/main.o
LOAD C:\Users\Eli Hughes\Desktop\FIT2017_LPC54628\SRC\Demo 4 - Starfield\libs\libfsl_power_lib.a
START GROUP
LOAD c:/nxp/mcuxpressoide_10.0.2_411/ide/tools/bin/../lib/gcc/arm-none-eabi/5.4.1/../../../../arm-none-eabi/lib/armv7e-m/fpu\libcr_nohost_nf.a
LOAD c:/nxp/mcuxpressoide_10.0.2_411/ide/tools/bin/../lib/gcc/arm-none-eabi/5.4.1/../../../../arm-none-eabi/lib/armv7e-m/fpu\libcr_c.a
LOAD c:/nxp/mcuxpressoide_10.0.2_411/ide/tools/bin/../lib/gcc/arm-none-eabi/5.4.1/armv7e-m/fpu\libcr_eabihelpers.a
END GROUP
                0x00000000                __base_PROGRAM_FLASH = 0x0
                0x00000000                __base_Flash = 0x0
                0x00080000                __top_PROGRAM_FLASH = 0x80000
                0x00080000                __top_Flash = 0x80000
                0x10000000                __base_BOARD_FLASH = 0x10000000
                0x10000000                __base_Flash2 = 0x10000000
                0x11000000                __top_BOARD_FLASH = 0x11000000
                0x11000000                __top_Flash2 = 0x11000000
                0x20000000                __base_SRAM_0_1_2_3 = 0x20000000
                0x20000000                __base_RAM = 0x20000000
                0x20028000                __top_SRAM_0_1_2_3 = 0x20028000
                0x20028000                __top_RAM = 0x20028000
                0x04000000                __base_SRAMX = 0x4000000
                0x04000000                __base_RAM2 = 0x4000000
                0x04008000                __top_SRAMX = 0x4008000
                0x04008000                __top_RAM2 = 0x4008000
                0x40100000                __base_USB_RAM = 0x40100000
                0x40100000                __base_RAM3 = 0x40100000
                0x40102000                __top_USB_RAM = 0x40102000
                0x40102000                __top_RAM3 = 0x40102000
                0xa0000000                __base_BOARD_SDRAM = 0xa0000000
                0xa0000000                __base_RAM4 = 0xa0000000
                0xa1000000                __top_BOARD_SDRAM = 0xa1000000
                0xa1000000                __top_RAM4 = 0xa1000000

.text_Flash2    0x10000000     0x39dc
 FILL mask 0xff
 *(.text_Flash2*)
 *(.text_BOARD_FLASH*)
 *(.text.$Flash2*)
 *(.text.$BOARD_FLASH*)
 *(.rodata.$Flash2*)
 *(.rodata.$BOARD_FLASH*)
 .rodata.$BOARD_FLASH
                0x10000000     0x39dc ./source/eGFX/Sprites/Sprites_16BPP_565.o
                0x10000000                Sprite_16BPP_565_enterprise
                0x1000000c                Sprite_16BPP_565_enterprise_Data

.text           0x00000000     0xacd8
 FILL mask 0xff
                0x00000000                __vectors_start__ = ABSOLUTE (.)
 *(.isr_vector)
 .isr_vector    0x00000000      0x124 ./source/startup/startup_LPC54608.o
                0x00000000                g_pfnVectors
                0x00000000                __Vectors
                0x00000124                . = ALIGN (0x4)
                0x00000124                __section_table_start = .
                0x00000124                __data_section_table = .
                0x00000124        0x4 LONG 0xacd8 LOADADDR (.data)
                0x00000128        0x4 LONG 0x20000000 ADDR (.data)
                0x0000012c        0x4 LONG 0x124 SIZEOF (.data)
                0x00000130        0x4 LONG 0xacd8 LOADADDR (.data_RAM2)
                0x00000134        0x4 LONG 0x4000000 ADDR (.data_RAM2)
                0x00000138        0x4 LONG 0x0 SIZEOF (.data_RAM2)
                0x0000013c        0x4 LONG 0xacd8 LOADADDR (.data_RAM3)
                0x00000140        0x4 LONG 0x40100000 ADDR (.data_RAM3)
                0x00000144        0x4 LONG 0x0 SIZEOF (.data_RAM3)
                0x00000148        0x4 LONG 0xacd8 LOADADDR (.data_RAM4)
                0x0000014c        0x4 LONG 0xa0000000 ADDR (.data_RAM4)
                0x00000150        0x4 LONG 0x0 SIZEOF (.data_RAM4)
                0x00000154                __data_section_table_end = .
                0x00000154                __bss_section_table = .
                0x00000154        0x4 LONG 0x20000200 ADDR (.bss)
                0x00000158        0x4 LONG 0x297c SIZEOF (.bss)
                0x0000015c        0x4 LONG 0x4000000 ADDR (.bss_RAM2)
                0x00000160        0x4 LONG 0x0 SIZEOF (.bss_RAM2)
                0x00000164        0x4 LONG 0x40100000 ADDR (.bss_RAM3)
                0x00000168        0x4 LONG 0x0 SIZEOF (.bss_RAM3)
                0x0000016c        0x4 LONG 0xa0000000 ADDR (.bss_RAM4)
                0x00000170        0x4 LONG 0x0 SIZEOF (.bss_RAM4)
                0x00000174                __bss_section_table_end = .
                0x00000174                __section_table_end = .
 *(.after_vectors*)
 .after_vectors.init_data
                0x00000174       0x1c ./source/startup/startup_LPC54608.o
                0x00000174                data_init
 .after_vectors.init_bss
                0x00000190       0x14 ./source/startup/startup_LPC54608.o
                0x00000190                bss_init
 .after_vectors.reset
                0x000001a4       0x58 ./source/startup/startup_LPC54608.o
                0x000001a4                ResetISR
 .after_vectors
                0x000001fc       0x28 ./source/startup/startup_LPC54608.o
                0x000001fc                NMI_Handler
                0x00000200                HardFault_Handler
                0x00000204                MemManage_Handler
                0x00000208                BusFault_Handler
                0x0000020c                UsageFault_Handler
                0x00000210                SVC_Handler
                0x00000214                DebugMon_Handler
                0x00000218                PendSV_Handler
                0x0000021c                SysTick_Handler
                0x00000220                IntDefaultHandler
                0x00000220                USB0_DriverIRQHandler
                0x00000220                MRT0_DriverIRQHandler
                0x00000220                Reserved47_DriverIRQHandler
                0x00000220                ADC0_THCMP_DriverIRQHandler
                0x00000220                USB0_NEEDCLK_DriverIRQHandler
                0x00000220                ADC0_SEQB_DriverIRQHandler
                0x00000220                RIT_DriverIRQHandler
                0x00000220                ETHERNET_MACLP_DriverIRQHandler
                0x00000220                HWVAD0_DriverIRQHandler
                0x00000220                RTC_DriverIRQHandler
                0x00000220                LCD_DriverIRQHandler
                0x00000220                SPIFI0_DriverIRQHandler
                0x00000220                EEPROM_DriverIRQHandler
                0x00000220                ETHERNET_PMT_DriverIRQHandler
                0x00000220                USB1_DriverIRQHandler
                0x00000220                ADC0_SEQA_DriverIRQHandler
                0x00000220                USB1_NEEDCLK_DriverIRQHandler
                0x00000220                SMARTCARD0_DriverIRQHandler
                0x00000220                FLEXCOMM7_DriverIRQHandler
                0x00000220                SHA_DriverIRQHandler
                0x00000220                SMARTCARD1_DriverIRQHandler
                0x00000220                FLEXCOMM6_DriverIRQHandler
                0x00000220                Reserved46_DriverIRQHandler
                0x00000220                WDT_BOD_DriverIRQHandler
                0x00000220                SCT0_DriverIRQHandler
 *(.text*)
 .text.DbgConsole_Init
                0x00000224       0x74 ./source/utilities/fsl_debug_console.o
                0x00000224                DbgConsole_Init
 .text.__sys_write
                0x00000298       0x54 ./source/utilities/fsl_debug_console.o
                0x00000298                __sys_write
 .text.WDT_BOD_IRQHandler
                0x000002ec        0x8 ./source/startup/startup_LPC54608.o
                0x000002ec                WDT_BOD_IRQHandler
 .text.DMA0_IRQHandler
                0x000002f4        0x8 ./source/startup/startup_LPC54608.o
                0x000002f4                DMA0_IRQHandler
 .text.GINT0_IRQHandler
                0x000002fc        0x8 ./source/startup/startup_LPC54608.o
                0x000002fc                GINT0_IRQHandler
 .text.GINT1_IRQHandler
                0x00000304        0x8 ./source/startup/startup_LPC54608.o
                0x00000304                GINT1_IRQHandler
 .text.PIN_INT0_IRQHandler
                0x0000030c        0x8 ./source/startup/startup_LPC54608.o
                0x0000030c                PIN_INT0_IRQHandler
 .text.PIN_INT1_IRQHandler
                0x00000314        0x8 ./source/startup/startup_LPC54608.o
                0x00000314                PIN_INT1_IRQHandler
 .text.PIN_INT2_IRQHandler
                0x0000031c        0x8 ./source/startup/startup_LPC54608.o
                0x0000031c                PIN_INT2_IRQHandler
 .text.PIN_INT3_IRQHandler
                0x00000324        0x8 ./source/startup/startup_LPC54608.o
                0x00000324                PIN_INT3_IRQHandler
 .text.UTICK0_IRQHandler
                0x0000032c        0x8 ./source/startup/startup_LPC54608.o
                0x0000032c                UTICK0_IRQHandler
 .text.MRT0_IRQHandler
                0x00000334        0x8 ./source/startup/startup_LPC54608.o
                0x00000334                MRT0_IRQHandler
 .text.CTIMER0_IRQHandler
                0x0000033c        0x8 ./source/startup/startup_LPC54608.o
                0x0000033c                CTIMER0_IRQHandler
 .text.CTIMER1_IRQHandler
                0x00000344        0x8 ./source/startup/startup_LPC54608.o
                0x00000344                CTIMER1_IRQHandler
 .text.CTIMER3_IRQHandler
                0x0000034c        0x8 ./source/startup/startup_LPC54608.o
                0x0000034c                CTIMER3_IRQHandler
 .text.FLEXCOMM0_IRQHandler
                0x00000354        0x8 ./source/startup/startup_LPC54608.o
                0x00000354                FLEXCOMM0_IRQHandler
 .text.FLEXCOMM1_IRQHandler
                0x0000035c        0x8 ./source/startup/startup_LPC54608.o
                0x0000035c                FLEXCOMM1_IRQHandler
 .text.FLEXCOMM2_IRQHandler
                0x00000364        0x8 ./source/startup/startup_LPC54608.o
                0x00000364                FLEXCOMM2_IRQHandler
 .text.FLEXCOMM3_IRQHandler
                0x0000036c        0x8 ./source/startup/startup_LPC54608.o
                0x0000036c                FLEXCOMM3_IRQHandler
 .text.FLEXCOMM4_IRQHandler
                0x00000374        0x8 ./source/startup/startup_LPC54608.o
                0x00000374                FLEXCOMM4_IRQHandler
 .text.FLEXCOMM5_IRQHandler
                0x0000037c        0x8 ./source/startup/startup_LPC54608.o
                0x0000037c                FLEXCOMM5_IRQHandler
 .text.FLEXCOMM6_IRQHandler
                0x00000384        0x8 ./source/startup/startup_LPC54608.o
                0x00000384                FLEXCOMM6_IRQHandler
 .text.FLEXCOMM7_IRQHandler
                0x0000038c        0x8 ./source/startup/startup_LPC54608.o
                0x0000038c                FLEXCOMM7_IRQHandler
 .text.ADC0_SEQA_IRQHandler
                0x00000394        0x8 ./source/startup/startup_LPC54608.o
                0x00000394                ADC0_SEQA_IRQHandler
 .text.ADC0_SEQB_IRQHandler
                0x0000039c        0x8 ./source/startup/startup_LPC54608.o
                0x0000039c                ADC0_SEQB_IRQHandler
 .text.ADC0_THCMP_IRQHandler
                0x000003a4        0x8 ./source/startup/startup_LPC54608.o
                0x000003a4                ADC0_THCMP_IRQHandler
 .text.DMIC0_IRQHandler
                0x000003ac        0x8 ./source/startup/startup_LPC54608.o
                0x000003ac                DMIC0_IRQHandler
 .text.USB0_NEEDCLK_IRQHandler
                0x000003b4        0x8 ./source/startup/startup_LPC54608.o
                0x000003b4                USB0_NEEDCLK_IRQHandler
 .text.USB0_IRQHandler
                0x000003bc        0x8 ./source/startup/startup_LPC54608.o
                0x000003bc                USB0_IRQHandler
 .text.RTC_IRQHandler
                0x000003c4        0x8 ./source/startup/startup_LPC54608.o
                0x000003c4                RTC_IRQHandler
 .text.Reserved46_IRQHandler
                0x000003cc        0x8 ./source/startup/startup_LPC54608.o
                0x000003cc                Reserved46_IRQHandler
 .text.Reserved47_IRQHandler
                0x000003d4        0x8 ./source/startup/startup_LPC54608.o
                0x000003d4                Reserved47_IRQHandler
 .text.PIN_INT4_IRQHandler
                0x000003dc        0x8 ./source/startup/startup_LPC54608.o
                0x000003dc                PIN_INT4_IRQHandler
 .text.PIN_INT5_IRQHandler
                0x000003e4        0x8 ./source/startup/startup_LPC54608.o
                0x000003e4                PIN_INT5_IRQHandler
 .text.PIN_INT6_IRQHandler
                0x000003ec        0x8 ./source/startup/startup_LPC54608.o
                0x000003ec                PIN_INT6_IRQHandler
 .text.PIN_INT7_IRQHandler
                0x000003f4        0x8 ./source/startup/startup_LPC54608.o
                0x000003f4                PIN_INT7_IRQHandler
 .text.CTIMER2_IRQHandler
                0x000003fc        0x8 ./source/startup/startup_LPC54608.o
                0x000003fc                CTIMER2_IRQHandler
 .text.CTIMER4_IRQHandler
                0x00000404        0x8 ./source/startup/startup_LPC54608.o
                0x00000404                CTIMER4_IRQHandler
 .text.RIT_IRQHandler
                0x0000040c        0x8 ./source/startup/startup_LPC54608.o
                0x0000040c                RIT_IRQHandler
 .text.SPIFI0_IRQHandler
                0x00000414        0x8 ./source/startup/startup_LPC54608.o
                0x00000414                SPIFI0_IRQHandler
 .text.FLEXCOMM8_IRQHandler
                0x0000041c        0x8 ./source/startup/startup_LPC54608.o
                0x0000041c                FLEXCOMM8_IRQHandler
 .text.FLEXCOMM9_IRQHandler
                0x00000424        0x8 ./source/startup/startup_LPC54608.o
                0x00000424                FLEXCOMM9_IRQHandler
 .text.SDIO_IRQHandler
                0x0000042c        0x8 ./source/startup/startup_LPC54608.o
                0x0000042c                SDIO_IRQHandler
 .text.CAN0_IRQ0_IRQHandler
                0x00000434        0x8 ./source/startup/startup_LPC54608.o
                0x00000434                CAN0_IRQ0_IRQHandler
 .text.CAN0_IRQ1_IRQHandler
                0x0000043c        0x8 ./source/startup/startup_LPC54608.o
                0x0000043c                CAN0_IRQ1_IRQHandler
 .text.CAN1_IRQ0_IRQHandler
                0x00000444        0x8 ./source/startup/startup_LPC54608.o
                0x00000444                CAN1_IRQ0_IRQHandler
 .text.CAN1_IRQ1_IRQHandler
                0x0000044c        0x8 ./source/startup/startup_LPC54608.o
                0x0000044c                CAN1_IRQ1_IRQHandler
 .text.USB1_IRQHandler
                0x00000454        0x8 ./source/startup/startup_LPC54608.o
                0x00000454                USB1_IRQHandler
 .text.USB1_NEEDCLK_IRQHandler
                0x0000045c        0x8 ./source/startup/startup_LPC54608.o
                0x0000045c                USB1_NEEDCLK_IRQHandler
 .text.ETHERNET_IRQHandler
                0x00000464        0x8 ./source/startup/startup_LPC54608.o
                0x00000464                ETHERNET_IRQHandler
 .text.ETHERNET_PMT_IRQHandler
                0x0000046c        0x8 ./source/startup/startup_LPC54608.o
                0x0000046c                ETHERNET_PMT_IRQHandler
 .text.ETHERNET_MACLP_IRQHandler
                0x00000474        0x8 ./source/startup/startup_LPC54608.o
                0x00000474                ETHERNET_MACLP_IRQHandler
 .text.EEPROM_IRQHandler
                0x0000047c        0x8 ./source/startup/startup_LPC54608.o
                0x0000047c                EEPROM_IRQHandler
 .text.SHA_IRQHandler
                0x00000484        0x8 ./source/startup/startup_LPC54608.o
                0x00000484                SHA_IRQHandler
 .text.SMARTCARD0_IRQHandler
                0x0000048c        0x8 ./source/startup/startup_LPC54608.o
                0x0000048c                SMARTCARD0_IRQHandler
 .text.SMARTCARD1_IRQHandler
                0x00000494        0x8 ./source/startup/startup_LPC54608.o
                0x00000494                SMARTCARD1_IRQHandler
 .text.SPIFI_WriteData
                0x0000049c       0x1c ./source/lpcxpresso54608/board.o
 .text.SPIFI_ReadData
                0x000004b8       0x18 ./source/lpcxpresso54608/board.o
 .text.BOARD_InitDebugConsole
                0x000004d0       0x4c ./source/lpcxpresso54608/board.o
                0x000004d0                BOARD_InitDebugConsole
 .text.BOARD_InitSDRAM
                0x0000051c       0xa4 ./source/lpcxpresso54608/board.o
                0x0000051c                BOARD_InitSDRAM
 .text.check_if_finish
                0x000005c0       0x44 ./source/lpcxpresso54608/board.o
                0x000005c0                check_if_finish
 .text.enable_quad_mode
                0x00000604       0x30 ./source/lpcxpresso54608/board.o
                0x00000604                enable_quad_mode
 .text.BOARD_InitSPIFI_ExternalFlash
                0x00000634       0x68 ./source/lpcxpresso54608/board.o
                0x00000634                BOARD_InitSPIFI_ExternalFlash
 .text.POWER_DisablePD
                0x0000069c       0x30 ./source/lpcxpresso54608/clock_config.o
 .text.BOARD_BootClockPLL180M
                0x000006cc       0x88 ./source/lpcxpresso54608/clock_config.o
                0x000006cc                BOARD_BootClockPLL180M
 .text.CLOCK_EnableClock
                0x00000754       0x58 ./source/lpcxpresso54608/pin_mux.o
 .text.IOCON_PinMuxSet
                0x000007ac       0x30 ./source/lpcxpresso54608/pin_mux.o
 .text.BOARD_InitPins
                0x000007dc      0x6c8 ./source/lpcxpresso54608/pin_mux.o
                0x000007dc                BOARD_InitPins
 .text.NVIC_EnableIRQ
                0x00000ea4       0x34 ./source/eGFX/Drivers/eGFX_Driver_LPCXPresso_54608.o
 .text.LCDC_Start
                0x00000ed8       0x20 ./source/eGFX/Drivers/eGFX_Driver_LPCXPresso_54608.o
 .text.LCDC_PowerUp
                0x00000ef8       0x20 ./source/eGFX/Drivers/eGFX_Driver_LPCXPresso_54608.o
 .text.DMA_ChannelIsActive
                0x00000f18       0x54 ./source/eGFX/Drivers/eGFX_Driver_LPCXPresso_54608.o
 .text.DMA_EnableChannel
                0x00000f6c       0x64 ./source/eGFX/Drivers/eGFX_Driver_LPCXPresso_54608.o
 .text.BOARD_InitPWM
                0x00000fd0       0x64 ./source/eGFX/Drivers/eGFX_Driver_LPCXPresso_54608.o
 .text.LCD_IRQHandler
                0x00001034       0x3c ./source/eGFX/Drivers/eGFX_Driver_LPCXPresso_54608.o
                0x00001034                LCD_IRQHandler
 .text.APP_LCDC_Init
                0x00001070       0x94 ./source/eGFX/Drivers/eGFX_Driver_LPCXPresso_54608.o
                0x00001070                APP_LCDC_Init
 .text.eGFX_InitDriver
                0x00001104       0x4c ./source/eGFX/Drivers/eGFX_Driver_LPCXPresso_54608.o
                0x00001104                eGFX_InitDriver
 .text.eGFX_WaitForVSync
                0x00001150       0x24 ./source/eGFX/Drivers/eGFX_Driver_LPCXPresso_54608.o
                0x00001150                eGFX_WaitForVSync
 .text.eGFX_Dump
                0x00001174       0x50 ./source/eGFX/Drivers/eGFX_Driver_LPCXPresso_54608.o
                0x00001174                eGFX_Dump
 .text.DMA_GetFreeChannel
                0x000011c4       0x40 ./source/eGFX/Drivers/eGFX_Driver_LPCXPresso_54608.o
                0x000011c4                DMA_GetFreeChannel
 .text.eGFX_DMA_16BPP_Blit
                0x00001204      0x188 ./source/eGFX/Drivers/eGFX_Driver_LPCXPresso_54608.o
                0x00001204                eGFX_DMA_16BPP_Blit
 .text.eGFX_ImagePlane_Clear_Callback
                0x0000138c       0x30 ./source/eGFX/Drivers/eGFX_Driver_LPCXPresso_54608.o
                0x0000138c                eGFX_ImagePlane_Clear_Callback
 .text.eGFX_ImagePlane_16BPP_ClearToColor
                0x000013bc      0x174 ./source/eGFX/Drivers/eGFX_Driver_LPCXPresso_54608.o
                0x000013bc                eGFX_ImagePlane_16BPP_ClearToColor
 .text.eGFX_BitStreamPut
                0x00001530       0x78 ./source/eGFX/eGFX.o
                0x00001530                eGFX_BitStreamPut
 .text.eGFX_PutPixel
                0x000015a8      0x2b4 ./source/eGFX/eGFX.o
                0x000015a8                eGFX_PutPixel
 .text.eGFX_ImagePlaneInit
                0x0000185c       0x3c ./source/eGFX/eGFX.o
                0x0000185c                eGFX_ImagePlaneInit
 .text.CLOCK_SetFLASHAccessCycles
                0x00001898       0x34 ./source/drivers/fsl_clock.o
 .text.CLOCK_GetAsyncApbClkSrc
                0x000018cc       0x20 ./source/drivers/fsl_clock.o
 .text.CLOCK_IsSystemPLLLocked
                0x000018ec       0x24 ./source/drivers/fsl_clock.o
 .text.CLOCK_Enable_SysOsc
                0x00001910       0x5c ./source/drivers/fsl_clock.o
 .text.POWER_EnablePD
                0x0000196c       0x30 ./source/drivers/fsl_clock.o
 .text.POWER_DisablePD
                0x0000199c       0x30 ./source/drivers/fsl_clock.o
 .text.CLOCK_AttachClk
                0x000019cc       0x98 ./source/drivers/fsl_clock.o
                0x000019cc                CLOCK_AttachClk
 .text.CLOCK_SetClkDiv
                0x00001a64       0x5c ./source/drivers/fsl_clock.o
                0x00001a64                CLOCK_SetClkDiv
 .text.CLOCK_GetClockOutClkFreq
                0x00001ac0       0xac ./source/drivers/fsl_clock.o
                0x00001ac0                CLOCK_GetClockOutClkFreq
 .text.CLOCK_GetSpifiClkFreq
                0x00001b6c       0x78 ./source/drivers/fsl_clock.o
                0x00001b6c                CLOCK_GetSpifiClkFreq
 .text.CLOCK_GetAdcClkFreq
                0x00001be4       0x64 ./source/drivers/fsl_clock.o
                0x00001be4                CLOCK_GetAdcClkFreq
 .text.CLOCK_GetUsb0ClkFreq
                0x00001c48       0x50 ./source/drivers/fsl_clock.o
                0x00001c48                CLOCK_GetUsb0ClkFreq
 .text.CLOCK_GetUsb1ClkFreq
                0x00001c98       0x50 ./source/drivers/fsl_clock.o
                0x00001c98                CLOCK_GetUsb1ClkFreq
 .text.CLOCK_GetMclkClkFreq
                0x00001ce8       0x4c ./source/drivers/fsl_clock.o
                0x00001ce8                CLOCK_GetMclkClkFreq
 .text.CLOCK_GetSctClkFreq
                0x00001d34       0x64 ./source/drivers/fsl_clock.o
                0x00001d34                CLOCK_GetSctClkFreq
 .text.CLOCK_GetSdioClkFreq
                0x00001d98       0x78 ./source/drivers/fsl_clock.o
                0x00001d98                CLOCK_GetSdioClkFreq
 .text.CLOCK_GetLcdClkFreq
                0x00001e10       0x50 ./source/drivers/fsl_clock.o
                0x00001e10                CLOCK_GetLcdClkFreq
 .text.CLOCK_GetLcdClkIn
                0x00001e60       0x10 ./source/drivers/fsl_clock.o
                0x00001e60                CLOCK_GetLcdClkIn
 .text.CLOCK_GetFro12MFreq
                0x00001e70       0x28 ./source/drivers/fsl_clock.o
                0x00001e70                CLOCK_GetFro12MFreq
 .text.CLOCK_GetExtClkFreq
                0x00001e98       0x14 ./source/drivers/fsl_clock.o
                0x00001e98                CLOCK_GetExtClkFreq
 .text.CLOCK_GetWdtOscFreq
                0x00001eac       0x68 ./source/drivers/fsl_clock.o
                0x00001eac                CLOCK_GetWdtOscFreq
 .text.CLOCK_GetFroHfFreq
                0x00001f14       0x54 ./source/drivers/fsl_clock.o
                0x00001f14                CLOCK_GetFroHfFreq
 .text.CLOCK_GetPllOutFreq
                0x00001f68       0x18 ./source/drivers/fsl_clock.o
                0x00001f68                CLOCK_GetPllOutFreq
 .text.CLOCK_GetAudioPllOutFreq
                0x00001f80       0x18 ./source/drivers/fsl_clock.o
                0x00001f80                CLOCK_GetAudioPllOutFreq
 .text.CLOCK_GetUsbPllOutFreq
                0x00001f98       0x18 ./source/drivers/fsl_clock.o
                0x00001f98                CLOCK_GetUsbPllOutFreq
 .text.CLOCK_GetOsc32KFreq
                0x00001fb0       0x14 ./source/drivers/fsl_clock.o
                0x00001fb0                CLOCK_GetOsc32KFreq
 .text.CLOCK_GetCoreSysClkFreq
                0x00001fc4       0xb4 ./source/drivers/fsl_clock.o
                0x00001fc4                CLOCK_GetCoreSysClkFreq
 .text.CLOCK_GetI2SMClkFreq
                0x00002078       0x10 ./source/drivers/fsl_clock.o
                0x00002078                CLOCK_GetI2SMClkFreq
 .text.CLOCK_GetAsyncApbClkFreq
                0x00002088       0x3c ./source/drivers/fsl_clock.o
                0x00002088                CLOCK_GetAsyncApbClkFreq
 .text.CLOCK_GetFlexCommClkFreq
                0x000020c4       0x8c ./source/drivers/fsl_clock.o
                0x000020c4                CLOCK_GetFlexCommClkFreq
 .text.CLOCK_GetFreq
                0x00002150      0x3a4 ./source/drivers/fsl_clock.o
                0x00002150                CLOCK_GetFreq
 .text.CLOCK_SetFLASHAccessCyclesForFreq
                0x000024f4       0xb8 ./source/drivers/fsl_clock.o
                0x000024f4                CLOCK_SetFLASHAccessCyclesForFreq
 .text.CLOCK_SetPLLFreq
                0x000025ac      0x12c ./source/drivers/fsl_clock.o
                0x000025ac                CLOCK_SetPLLFreq
 .text.CTIMER_GetStatusFlags
                0x000026d8       0x18 ./source/drivers/fsl_ctimer.o
 .text.CTIMER_ClearStatusFlags
                0x000026f0       0x1c ./source/drivers/fsl_ctimer.o
 .text.CTIMER_GenericIRQHandler
                0x0000270c       0xb4 ./source/drivers/fsl_ctimer.o
                0x0000270c                CTIMER_GenericIRQHandler
 .text.CTIMER0_DriverIRQHandler
                0x000027c0       0x10 ./source/drivers/fsl_ctimer.o
                0x000027c0                CTIMER0_DriverIRQHandler
 .text.CTIMER1_DriverIRQHandler
                0x000027d0       0x10 ./source/drivers/fsl_ctimer.o
                0x000027d0                CTIMER1_DriverIRQHandler
 .text.CTIMER2_DriverIRQHandler
                0x000027e0       0x10 ./source/drivers/fsl_ctimer.o
                0x000027e0                CTIMER2_DriverIRQHandler
 .text.CTIMER3_DriverIRQHandler
                0x000027f0       0x10 ./source/drivers/fsl_ctimer.o
                0x000027f0                CTIMER3_DriverIRQHandler
 .text.CTIMER4_DriverIRQHandler
                0x00002800       0x10 ./source/drivers/fsl_ctimer.o
                0x00002800                CTIMER4_DriverIRQHandler
 .text.NVIC_EnableIRQ
                0x00002810       0x34 ./source/drivers/fsl_dma.o
 .text.CLOCK_EnableClock
                0x00002844       0x58 ./source/drivers/fsl_dma.o
 .text.EnableIRQ
                0x0000289c       0x28 ./source/drivers/fsl_dma.o
 .text.DMA_ChannelIsActive
                0x000028c4       0x54 ./source/drivers/fsl_dma.o
 .text.DMA_EnableChannelPeriphRq
                0x00002918       0x40 ./source/drivers/fsl_dma.o
 .text.DMA_DisableChannelPeriphRq
                0x00002958       0x40 ./source/drivers/fsl_dma.o
 .text.DMA_GetInstance
                0x00002998       0x50 ./source/drivers/fsl_dma.o
 .text.DMA_Init
                0x000029e8       0x2c ./source/drivers/fsl_dma.o
                0x000029e8                DMA_Init
 .text.DMA_SetupDescriptor
                0x00002a14       0x34 ./source/drivers/fsl_dma.o
 .text.DMA_SetupXferCFG
                0x00002a48      0x1a4 ./source/drivers/fsl_dma.o
 .text.DMA_CreateDescriptor
                0x00002bec       0xf4 ./source/drivers/fsl_dma.o
                0x00002bec                DMA_CreateDescriptor
 .text.DMA_CreateHandle
                0x00002ce0       0x60 ./source/drivers/fsl_dma.o
                0x00002ce0                DMA_CreateHandle
 .text.DMA_SetCallback
                0x00002d40       0x30 ./source/drivers/fsl_dma.o
                0x00002d40                DMA_SetCallback
 .text.DMA_PrepareTransfer
                0x00002d70      0x138 ./source/drivers/fsl_dma.o
                0x00002d70                DMA_PrepareTransfer
 .text.DMA_SubmitTransfer
                0x00002ea8       0x98 ./source/drivers/fsl_dma.o
                0x00002ea8                DMA_SubmitTransfer
 .text.DMA_StartTransfer
                0x00002f40       0xe0 ./source/drivers/fsl_dma.o
                0x00002f40                DMA_StartTransfer
 .text.DMA0_DriverIRQHandler
                0x00003020       0xec ./source/drivers/fsl_dma.o
                0x00003020                DMA0_DriverIRQHandler
 .text.DMIC0_DriverIRQHandler
                0x0000310c       0x1c ./source/drivers/fsl_dmic.o
                0x0000310c                DMIC0_DriverIRQHandler
 .text.HWVAD0_IRQHandler
                0x00003128       0x1c ./source/drivers/fsl_dmic.o
                0x00003128                HWVAD0_IRQHandler
 .text.CLOCK_EnableClock
                0x00003144       0x58 ./source/drivers/fsl_emc.o
 .text.EMC_GetInstance
                0x0000319c       0x44 ./source/drivers/fsl_emc.o
 .text.EMC_CalculateTimerCycles
                0x000031e0       0x5c ./source/drivers/fsl_emc.o
 .text.EMC_ModeOffset
                0x0000323c       0xa0 ./source/drivers/fsl_emc.o
 .text.EMC_Init
                0x000032dc       0x78 ./source/drivers/fsl_emc.o
                0x000032dc                EMC_Init
 .text.EMC_DynamicMemInit
                0x00003354      0x360 ./source/drivers/fsl_emc.o
                0x00003354                EMC_DynamicMemInit
 .text.ETHERNET_DriverIRQHandler
                0x000036b4       0x24 ./source/drivers/fsl_enet.o
                0x000036b4                ETHERNET_DriverIRQHandler
 .text.CLOCK_EnableClock
                0x000036d8       0x58 ./source/drivers/fsl_flexcomm.o
 .text.FLEXCOMM_PeripheralIsPresent
                0x00003730       0x6c ./source/drivers/fsl_flexcomm.o
 .text.FLEXCOMM_GetInstance
                0x0000379c       0x44 ./source/drivers/fsl_flexcomm.o
                0x0000379c                FLEXCOMM_GetInstance
 .text.FLEXCOMM_SetPeriph
                0x000037e0       0x74 ./source/drivers/fsl_flexcomm.o
                0x000037e0                FLEXCOMM_SetPeriph
 .text.FLEXCOMM_Init
                0x00003854       0x48 ./source/drivers/fsl_flexcomm.o
                0x00003854                FLEXCOMM_Init
 .text.FLEXCOMM0_DriverIRQHandler
                0x0000389c       0x38 ./source/drivers/fsl_flexcomm.o
                0x0000389c                FLEXCOMM0_DriverIRQHandler
 .text.FLEXCOMM1_DriverIRQHandler
                0x000038d4       0x38 ./source/drivers/fsl_flexcomm.o
                0x000038d4                FLEXCOMM1_DriverIRQHandler
 .text.FLEXCOMM2_DriverIRQHandler
                0x0000390c       0x38 ./source/drivers/fsl_flexcomm.o
                0x0000390c                FLEXCOMM2_DriverIRQHandler
 .text.FLEXCOMM3_DriverIRQHandler
                0x00003944       0x38 ./source/drivers/fsl_flexcomm.o
                0x00003944                FLEXCOMM3_DriverIRQHandler
 .text.FLEXCOMM4_DriverIRQHandler
                0x0000397c       0x38 ./source/drivers/fsl_flexcomm.o
                0x0000397c                FLEXCOMM4_DriverIRQHandler
 .text.FLEXCOMM5_DriverIRQHandler
                0x000039b4       0x38 ./source/drivers/fsl_flexcomm.o
                0x000039b4                FLEXCOMM5_DriverIRQHandler
 .text.FLEXCOMM8_DriverIRQHandler
                0x000039ec       0x38 ./source/drivers/fsl_flexcomm.o
                0x000039ec                FLEXCOMM8_DriverIRQHandler
 .text.FLEXCOMM9_DriverIRQHandler
                0x00003a24       0x38 ./source/drivers/fsl_flexcomm.o
                0x00003a24                FLEXCOMM9_DriverIRQHandler
 .text.GINT0_DriverIRQHandler
                0x00003a5c       0x2c ./source/drivers/fsl_gint.o
                0x00003a5c                GINT0_DriverIRQHandler
 .text.GINT1_DriverIRQHandler
                0x00003a88       0x2c ./source/drivers/fsl_gint.o
                0x00003a88                GINT1_DriverIRQHandler
 .text.I2C_MasterEnable
                0x00003ab4       0x44 ./source/drivers/fsl_i2c.o
 .text.I2C_GetStatusFlags
                0x00003af8       0x1c ./source/drivers/fsl_i2c.o
 .text.I2C_MasterClearStatusFlags
                0x00003b14       0x24 ./source/drivers/fsl_i2c.o
 .text.I2C_MasterRepeatedStart
                0x00003b38       0x28 ./source/drivers/fsl_i2c.o
 .text.I2C_MasterGetDefaultConfig
                0x00003b60       0x2c ./source/drivers/fsl_i2c.o
                0x00003b60                I2C_MasterGetDefaultConfig
 .text.I2C_MasterInit
                0x00003b8c       0x38 ./source/drivers/fsl_i2c.o
                0x00003b8c                I2C_MasterInit
 .text.I2C_MasterSetBaudRate
                0x00003bc4       0xb4 ./source/drivers/fsl_i2c.o
                0x00003bc4                I2C_MasterSetBaudRate
 .text.I2C_PendingStatusWait
                0x00003c78       0x2c ./source/drivers/fsl_i2c.o
 .text.I2C_MasterStart
                0x00003ca4       0x3c ./source/drivers/fsl_i2c.o
                0x00003ca4                I2C_MasterStart
 .text.I2C_MasterStop
                0x00003ce0       0x20 ./source/drivers/fsl_i2c.o
                0x00003ce0                I2C_MasterStop
 .text.I2C_MasterWriteBlocking
                0x00003d00      0x100 ./source/drivers/fsl_i2c.o
                0x00003d00                I2C_MasterWriteBlocking
 .text.I2C_MasterReadBlocking
                0x00003e00       0xec ./source/drivers/fsl_i2c.o
                0x00003e00                I2C_MasterReadBlocking
 .text.I2C_MasterTransferBlocking
                0x00003eec      0x154 ./source/drivers/fsl_i2c.o
                0x00003eec                I2C_MasterTransferBlocking
 .text.CLOCK_EnableClock
                0x00004040       0x58 ./source/drivers/fsl_lcdc.o
 .text.LCDC_GetInstance
                0x00004098       0x44 ./source/drivers/fsl_lcdc.o
 .text.LCDC_GetClockDivider
                0x000040dc      0x154 ./source/drivers/fsl_lcdc.o
 .text.LCDC_Init
                0x00004230      0x1c8 ./source/drivers/fsl_lcdc.o
                0x00004230                LCDC_Init
 .text.LCDC_GetDefaultConfig
                0x000043f8       0x8c ./source/drivers/fsl_lcdc.o
                0x000043f8                LCDC_GetDefaultConfig
 .text.LCDC_EnableInterrupts
                0x00004484       0x50 ./source/drivers/fsl_lcdc.o
                0x00004484                LCDC_EnableInterrupts
 .text.LCDC_GetEnabledInterruptsPendingStatus
                0x000044d4       0x28 ./source/drivers/fsl_lcdc.o
                0x000044d4                LCDC_GetEnabledInterruptsPendingStatus
 .text.LCDC_ClearInterruptsStatus
                0x000044fc       0x40 ./source/drivers/fsl_lcdc.o
                0x000044fc                LCDC_ClearInterruptsStatus
 .text.CAN0_IRQ0_DriverIRQHandler
                0x0000453c       0x34 ./source/drivers/fsl_mcan.o
                0x0000453c                CAN0_IRQ0_DriverIRQHandler
 .text.CAN0_IRQ1_DriverIRQHandler
                0x00004570       0x34 ./source/drivers/fsl_mcan.o
                0x00004570                CAN0_IRQ1_DriverIRQHandler
 .text.CAN1_IRQ0_DriverIRQHandler
                0x000045a4       0x34 ./source/drivers/fsl_mcan.o
                0x000045a4                CAN1_IRQ0_DriverIRQHandler
 .text.CAN1_IRQ1_DriverIRQHandler
                0x000045d8       0x34 ./source/drivers/fsl_mcan.o
                0x000045d8                CAN1_IRQ1_DriverIRQHandler
 .text.PINT_PinInterruptClrStatus
                0x0000460c       0x24 ./source/drivers/fsl_pint.o
 .text.PINT_PatternMatchResetDetectLogic
                0x00004630       0x38 ./source/drivers/fsl_pint.o
                0x00004630                PINT_PatternMatchResetDetectLogic
 .text.PIN_INT0_DriverIRQHandler
                0x00004668       0x38 ./source/drivers/fsl_pint.o
                0x00004668                PIN_INT0_DriverIRQHandler
 .text.PIN_INT1_DriverIRQHandler
                0x000046a0       0x38 ./source/drivers/fsl_pint.o
                0x000046a0                PIN_INT1_DriverIRQHandler
 .text.PIN_INT2_DriverIRQHandler
                0x000046d8       0x38 ./source/drivers/fsl_pint.o
                0x000046d8                PIN_INT2_DriverIRQHandler
 .text.PIN_INT3_DriverIRQHandler
                0x00004710       0x38 ./source/drivers/fsl_pint.o
                0x00004710                PIN_INT3_DriverIRQHandler
 .text.PIN_INT4_DriverIRQHandler
                0x00004748       0x38 ./source/drivers/fsl_pint.o
                0x00004748                PIN_INT4_DriverIRQHandler
 .text.PIN_INT5_DriverIRQHandler
                0x00004780       0x38 ./source/drivers/fsl_pint.o
                0x00004780                PIN_INT5_DriverIRQHandler
 .text.PIN_INT6_DriverIRQHandler
                0x000047b8       0x38 ./source/drivers/fsl_pint.o
                0x000047b8                PIN_INT6_DriverIRQHandler
 .text.PIN_INT7_DriverIRQHandler
                0x000047f0       0x38 ./source/drivers/fsl_pint.o
                0x000047f0                PIN_INT7_DriverIRQHandler
 .text.RESET_SetPeripheralReset
                0x00004828       0x7c ./source/drivers/fsl_reset.o
                0x00004828                RESET_SetPeripheralReset
 .text.RESET_ClearPeripheralReset
                0x000048a4       0x80 ./source/drivers/fsl_reset.o
                0x000048a4                RESET_ClearPeripheralReset
 .text.RESET_PeripheralReset
                0x00004924       0x1c ./source/drivers/fsl_reset.o
                0x00004924                RESET_PeripheralReset
 .text.CLOCK_EnableClock
                0x00004940       0x58 ./source/drivers/fsl_sctimer.o
 .text.SCTIMER_SetupOutputSetAction
                0x00004998       0x38 ./source/drivers/fsl_sctimer.o
 .text.SCTIMER_SetupOutputClearAction
                0x000049d0       0x3c ./source/drivers/fsl_sctimer.o
 .text.SCTIMER_SetupCounterLimitAction
                0x00004a0c       0x58 ./source/drivers/fsl_sctimer.o
 .text.SCTIMER_GetInstance
                0x00004a64       0x4c ./source/drivers/fsl_sctimer.o
 .text.SCTIMER_Init
                0x00004ab0      0x10c ./source/drivers/fsl_sctimer.o
                0x00004ab0                SCTIMER_Init
 .text.SCTIMER_GetDefaultConfig
                0x00004bbc       0x50 ./source/drivers/fsl_sctimer.o
                0x00004bbc                SCTIMER_GetDefaultConfig
 .text.SCTIMER_SetupPwm
                0x00004c0c      0x230 ./source/drivers/fsl_sctimer.o
                0x00004c0c                SCTIMER_SetupPwm
 .text.SCTIMER_CreateAndScheduleEvent
                0x00004e3c      0x1d4 ./source/drivers/fsl_sctimer.o
                0x00004e3c                SCTIMER_CreateAndScheduleEvent
 .text.SCTIMER_EventHandleIRQ
                0x00005010       0x7c ./source/drivers/fsl_sctimer.o
                0x00005010                SCTIMER_EventHandleIRQ
 .text.SCT0_IRQHandler
                0x0000508c       0x18 ./source/drivers/fsl_sctimer.o
                0x0000508c                SCT0_IRQHandler
 .text.SDIO_DriverIRQHandler
                0x000050a4       0x34 ./source/drivers/fsl_sdif.o
                0x000050a4                SDIO_DriverIRQHandler
 .text.CLOCK_EnableClock
                0x000050d8       0x58 ./source/drivers/fsl_spifi.o
 .text.SPIFI_ResetCommand
                0x00005130       0x28 ./source/drivers/fsl_spifi.o
 .text.SPIFI_GetStatusFlag
                0x00005158       0x18 ./source/drivers/fsl_spifi.o
 .text.SPIFI_GetInstance
                0x00005170       0x44 ./source/drivers/fsl_spifi.o
                0x00005170                SPIFI_GetInstance
 .text.SPIFI_GetDefaultConfig
                0x000051b4       0x48 ./source/drivers/fsl_spifi.o
                0x000051b4                SPIFI_GetDefaultConfig
 .text.SPIFI_Init
                0x000051fc       0x94 ./source/drivers/fsl_spifi.o
                0x000051fc                SPIFI_Init
 .text.SPIFI_SetCommand
                0x00005290       0x80 ./source/drivers/fsl_spifi.o
                0x00005290                SPIFI_SetCommand
 .text.SPIFI_SetMemoryCommand
                0x00005310       0x54 ./source/drivers/fsl_spifi.o
                0x00005310                SPIFI_SetMemoryCommand
 .text.USART_Init
                0x00005364      0x14c ./source/drivers/fsl_usart.o
                0x00005364                USART_Init
 .text.USART_GetDefaultConfig
                0x000054b0       0x58 ./source/drivers/fsl_usart.o
                0x000054b0                USART_GetDefaultConfig
 .text.USART_SetBaudRate
                0x00005508       0xe4 ./source/drivers/fsl_usart.o
                0x00005508                USART_SetBaudRate
 .text.USART_WriteBlocking
                0x000055ec       0x88 ./source/drivers/fsl_usart.o
                0x000055ec                USART_WriteBlocking
 .text.USART_ReadBlocking
                0x00005674      0x10c ./source/drivers/fsl_usart.o
                0x00005674                USART_ReadBlocking
 .text.UTICK0_DriverIRQHandler
                0x00005780       0x24 ./source/drivers/fsl_utick.o
                0x00005780                UTICK0_DriverIRQHandler
 .text.GPIO_WritePinOutput
                0x000057a4       0x2c ./source/TouchScreen/fsl_ft5406.o
 .text.FT5406_Init
                0x000057d0      0x12c ./source/TouchScreen/fsl_ft5406.o
                0x000057d0                FT5406_Init
 .text.SystemInit
                0x000058fc       0x40 ./source/CMSIS/system_LPC54608.o
                0x000058fc                SystemInit
 .text.ProcessStars
                0x0000593c      0x1f4 ./source/main.o
                0x0000593c                ProcessStars
 .text.RenderStars
                0x00005b30       0xe8 ./source/main.o
                0x00005b30                RenderStars
 .text.GenerateStars
                0x00005c18      0x104 ./source/main.o
                0x00005c18                GenerateStars
 .text.main     0x00005d1c       0x80 ./source/main.o
                0x00005d1c                main
 .text.POWER_SetVoltageForFreq
                0x00005d9c       0x34 C:\Users\Eli Hughes\Desktop\FIT2017_LPC54628\SRC\Demo 4 - Starfield\libs\libfsl_power_lib.a(fsl_power_lib.o)
                0x00005d9c                POWER_SetVoltageForFreq
 .text.POWER_SetPLL
                0x00005dd0       0x1c C:\Users\Eli Hughes\Desktop\FIT2017_LPC54628\SRC\Demo 4 - Starfield\libs\libfsl_power_lib.a(fsl_power_lib.o)
                0x00005dd0                POWER_SetPLL
 .text.__main   0x00005dec        0xe c:/nxp/mcuxpressoide_10.0.2_411/ide/tools/bin/../lib/gcc/arm-none-eabi/5.4.1/../../../../arm-none-eabi/lib/armv7e-m/fpu\libcr_nohost_nf.a(_cr__main.o)
                0x00005dec                __main
 *fill*         0x00005dfa        0x2 ff
 .text.__assertion_failed
                0x00005dfc       0x4c c:/nxp/mcuxpressoide_10.0.2_411/ide/tools/bin/../lib/gcc/arm-none-eabi/5.4.1/../../../../arm-none-eabi/lib/armv7e-m/fpu\libcr_nohost_nf.a(_cr_assert.o)
                0x00005dfc                __assertion_failed
 .text.__sys_appexit
                0x00005e48        0x2 c:/nxp/mcuxpressoide_10.0.2_411/ide/tools/bin/../lib/gcc/arm-none-eabi/5.4.1/../../../../arm-none-eabi/lib/armv7e-m/fpu\libcr_nohost_nf.a(__sys_appexit.o)
                0x00005e48                __sys_appexit
                0x00005e48                __exit
 .text.memcpy   0x00005e4a        0x4 c:/nxp/mcuxpressoide_10.0.2_411/ide/tools/bin/../lib/gcc/arm-none-eabi/5.4.1/../../../../arm-none-eabi/lib/armv7e-m/fpu\libcr_c.a(memcpy.o)
                0x00005e4a                memcpy
 .text.memset   0x00005e4e        0x4 c:/nxp/mcuxpressoide_10.0.2_411/ide/tools/bin/../lib/gcc/arm-none-eabi/5.4.1/../../../../arm-none-eabi/lib/armv7e-m/fpu\libcr_c.a(memset.o)
                0x00005e4e                memset
 .text._deferredlazyseek
                0x00005e52       0x40 c:/nxp/mcuxpressoide_10.0.2_411/ide/tools/bin/../lib/gcc/arm-none-eabi/5.4.1/../../../../arm-none-eabi/lib/armv7e-m/fpu\libcr_c.a(_deferredlazyseek.o)
                0x00005e52                _deferredlazyseek
 .text.__flsbuf
                0x00005e92      0x13e c:/nxp/mcuxpressoide_10.0.2_411/ide/tools/bin/../lib/gcc/arm-none-eabi/5.4.1/../../../../arm-none-eabi/lib/armv7e-m/fpu\libcr_c.a(_deferredlazyseek.o)
                0x00005e92                __flsbuf
 .text._fflush  0x00005fd0       0x54 c:/nxp/mcuxpressoide_10.0.2_411/ide/tools/bin/../lib/gcc/arm-none-eabi/5.4.1/../../../../arm-none-eabi/lib/armv7e-m/fpu\libcr_c.a(_fflush.o)
                0x00005fd0                _fflush
 .text._Cwritebuf
                0x00006024       0x68 c:/nxp/mcuxpressoide_10.0.2_411/ide/tools/bin/../lib/gcc/arm-none-eabi/5.4.1/../../../../arm-none-eabi/lib/armv7e-m/fpu\libcr_c.a(_writebuf.o)
                0x00006024                _Cwritebuf
 .text.malloc   0x0000608c       0xc8 c:/nxp/mcuxpressoide_10.0.2_411/ide/tools/bin/../lib/gcc/arm-none-eabi/5.4.1/../../../../arm-none-eabi/lib/armv7e-m/fpu\libcr_c.a(alloc.o)
                0x0000608c                malloc
 .text.free     0x00006154       0x30 c:/nxp/mcuxpressoide_10.0.2_411/ide/tools/bin/../lib/gcc/arm-none-eabi/5.4.1/../../../../arm-none-eabi/lib/armv7e-m/fpu\libcr_c.a(alloc.o)
                0x00006154                free
 .text._Csys_alloc
                0x00006184       0x20 c:/nxp/mcuxpressoide_10.0.2_411/ide/tools/bin/../lib/gcc/arm-none-eabi/5.4.1/../../../../arm-none-eabi/lib/armv7e-m/fpu\libcr_c.a(alloc.o)
                0x00006184                _Csys_alloc
 .text.fp_round
                0x000061a4       0x4e c:/nxp/mcuxpressoide_10.0.2_411/ide/tools/bin/../lib/gcc/arm-none-eabi/5.4.1/../../../../arm-none-eabi/lib/armv7e-m/fpu\libcr_c.a(fpprintf.o)
 .text.pr_dec.constprop.1
                0x000061f2       0x26 c:/nxp/mcuxpressoide_10.0.2_411/ide/tools/bin/../lib/gcc/arm-none-eabi/5.4.1/../../../../arm-none-eabi/lib/armv7e-m/fpu\libcr_c.a(fpprintf.o)
 .text.sprintf  0x00006218       0x6c c:/nxp/mcuxpressoide_10.0.2_411/ide/tools/bin/../lib/gcc/arm-none-eabi/5.4.1/../../../../arm-none-eabi/lib/armv7e-m/fpu\libcr_c.a(fpprintf.o)
                0x00006218                sprintf
 *fill*         0x00006284        0x4 ff
 .text.fp_display
                0x00006288      0x900 c:/nxp/mcuxpressoide_10.0.2_411/ide/tools/bin/../lib/gcc/arm-none-eabi/5.4.1/../../../../arm-none-eabi/lib/armv7e-m/fpu\libcr_c.a(fpprintf.o)
 .text.vsnprintf
                0x00006b88       0x5c c:/nxp/mcuxpressoide_10.0.2_411/ide/tools/bin/../lib/gcc/arm-none-eabi/5.4.1/../../../../arm-none-eabi/lib/armv7e-m/fpu\libcr_c.a(fpprintf.o)
                0x00006b88                vsnprintf
 .text.printf   0x00006be4       0x54 c:/nxp/mcuxpressoide_10.0.2_411/ide/tools/bin/../lib/gcc/arm-none-eabi/5.4.1/../../../../arm-none-eabi/lib/armv7e-m/fpu\libcr_c.a(fpprintf.o)
                0x00006be4                printf
 .text.fputs    0x00006c38       0x2c c:/nxp/mcuxpressoide_10.0.2_411/ide/tools/bin/../lib/gcc/arm-none-eabi/5.4.1/../../../../arm-none-eabi/lib/armv7e-m/fpu\libcr_c.a(fputs.o)
                0x00006c38                fputs
 .text.fseek    0x00006c64      0x100 c:/nxp/mcuxpressoide_10.0.2_411/ide/tools/bin/../lib/gcc/arm-none-eabi/5.4.1/../../../../arm-none-eabi/lib/armv7e-m/fpu\libcr_c.a(fseek.o)
                0x00006c64                fseek
 .text.ftell    0x00006d64       0x48 c:/nxp/mcuxpressoide_10.0.2_411/ide/tools/bin/../lib/gcc/arm-none-eabi/5.4.1/../../../../arm-none-eabi/lib/armv7e-m/fpu\libcr_c.a(ftell.o)
                0x00006d64                ftell
 .text._initio  0x00006dac       0x78 c:/nxp/mcuxpressoide_10.0.2_411/ide/tools/bin/../lib/gcc/arm-none-eabi/5.4.1/../../../../arm-none-eabi/lib/armv7e-m/fpu\libcr_c.a(initio.o)
                0x00006dac                _initio
 .text.__vfprintf
                0x00006e24      0xd48 c:/nxp/mcuxpressoide_10.0.2_411/ide/tools/bin/../lib/gcc/arm-none-eabi/5.4.1/../../../../arm-none-eabi/lib/armv7e-m/fpu\libcr_c.a(printf.o)
                0x00006e24                __vfprintf
 .text.setvbuf  0x00007b6c       0x44 c:/nxp/mcuxpressoide_10.0.2_411/ide/tools/bin/../lib/gcc/arm-none-eabi/5.4.1/../../../../arm-none-eabi/lib/armv7e-m/fpu\libcr_c.a(setvbuf.o)
                0x00007b6c                setvbuf
 .text.rand     0x00007bb0       0x3c c:/nxp/mcuxpressoide_10.0.2_411/ide/tools/bin/../lib/gcc/arm-none-eabi/5.4.1/../../../../arm-none-eabi/lib/armv7e-m/fpu\libcr_c.a(stdlib.o)
                0x00007bb0                rand
 .text.strlen   0x00007bec       0x4a c:/nxp/mcuxpressoide_10.0.2_411/ide/tools/bin/../lib/gcc/arm-none-eabi/5.4.1/../../../../arm-none-eabi/lib/armv7e-m/fpu\libcr_c.a(strlen.o)
                0x00007bec                strlen
 *fill*         0x00007c36        0x2 ff
 .text._sbrk    0x00007c38       0x40 c:/nxp/mcuxpressoide_10.0.2_411/ide/tools/bin/../lib/gcc/arm-none-eabi/5.4.1/../../../../arm-none-eabi/lib/armv7e-m/fpu\libcr_c.a(_cr_sbrk.o)
                0x00007c38                _sbrk
 .text._fdopen  0x00007c78       0x6a c:/nxp/mcuxpressoide_10.0.2_411/ide/tools/bin/../lib/gcc/arm-none-eabi/5.4.1/../../../../arm-none-eabi/lib/armv7e-m/fpu\libcr_c.a(_fdopen.o)
                0x00007c78                _fdopen
 *fill*         0x00007ce2        0x6 ff
 .text._frexpl  0x00007ce8       0x70 c:/nxp/mcuxpressoide_10.0.2_411/ide/tools/bin/../lib/gcc/arm-none-eabi/5.4.1/../../../../arm-none-eabi/lib/armv7e-m/fpu\libcr_c.a(_frexpl.o)
                0x00007ce8                _frexpl
 .text._ldexpl  0x00007d58       0x60 c:/nxp/mcuxpressoide_10.0.2_411/ide/tools/bin/../lib/gcc/arm-none-eabi/5.4.1/../../../../arm-none-eabi/lib/armv7e-m/fpu\libcr_c.a(_ldexpl.o)
                0x00007d58                _ldexpl
 .text.fclose   0x00007db8       0x58 c:/nxp/mcuxpressoide_10.0.2_411/ide/tools/bin/../lib/gcc/arm-none-eabi/5.4.1/../../../../arm-none-eabi/lib/armv7e-m/fpu\libcr_c.a(fclose.o)
                0x00007db8                fclose
 .text.fflush   0x00007e10       0x48 c:/nxp/mcuxpressoide_10.0.2_411/ide/tools/bin/../lib/gcc/arm-none-eabi/5.4.1/../../../../arm-none-eabi/lib/armv7e-m/fpu\libcr_c.a(fflush.o)
                0x00007e10                fflush
 .text.remove   0x00007e58       0x14 c:/nxp/mcuxpressoide_10.0.2_411/ide/tools/bin/../lib/gcc/arm-none-eabi/5.4.1/../../../../arm-none-eabi/lib/armv7e-m/fpu\libcr_c.a(remove.o)
                0x00007e58                remove
 .text.__check_heap_overflow
                0x00007e6c       0x18 c:/nxp/mcuxpressoide_10.0.2_411/ide/tools/bin/../lib/gcc/arm-none-eabi/5.4.1/../../../../arm-none-eabi/lib/armv7e-m/fpu\libcr_c.a(_cr_check_heap.o)
                0x00007e6c                __check_heap_overflow
 .text._do_fflush
                0x00007e84       0x42 c:/nxp/mcuxpressoide_10.0.2_411/ide/tools/bin/../lib/gcc/arm-none-eabi/5.4.1/../../../../arm-none-eabi/lib/armv7e-m/fpu\libcr_c.a(_do_fflush.o)
                0x00007e84                _do_fflush
 *fill*         0x00007ec6        0x2 ff
 .text.__aeabi_dmul
                0x00007ec8      0x110 c:/nxp/mcuxpressoide_10.0.2_411/ide/tools/bin/../lib/gcc/arm-none-eabi/5.4.1/armv7e-m/fpu\libcr_eabihelpers.a(double.o)
                0x00007ec8                __aeabi_dmul
 .text.__aeabi_ddiv
                0x00007fd8      0x13c c:/nxp/mcuxpressoide_10.0.2_411/ide/tools/bin/../lib/gcc/arm-none-eabi/5.4.1/armv7e-m/fpu\libcr_eabihelpers.a(double.o)
                0x00007fd8                __aeabi_ddiv
 .text.__aeabi_dsub
                0x00008114      0x1b4 c:/nxp/mcuxpressoide_10.0.2_411/ide/tools/bin/../lib/gcc/arm-none-eabi/5.4.1/armv7e-m/fpu\libcr_eabihelpers.a(double.o)
                0x00008114                __aeabi_dsub
 .text.__aeabi_dadd
                0x000082c8      0x114 c:/nxp/mcuxpressoide_10.0.2_411/ide/tools/bin/../lib/gcc/arm-none-eabi/5.4.1/armv7e-m/fpu\libcr_eabihelpers.a(double.o)
                0x000082c8                __aeabi_dadd
 .text.__aeabi_d2iz
                0x000083dc       0x40 c:/nxp/mcuxpressoide_10.0.2_411/ide/tools/bin/../lib/gcc/arm-none-eabi/5.4.1/armv7e-m/fpu\libcr_eabihelpers.a(double.o)
                0x000083dc                __aeabi_d2iz
 .text.__bhs_ui2d
                0x0000841c       0x46 c:/nxp/mcuxpressoide_10.0.2_411/ide/tools/bin/../lib/gcc/arm-none-eabi/5.4.1/armv7e-m/fpu\libcr_eabihelpers.a(double.o)
                0x0000841c                __bhs_ui2d
 .text.__aeabi_i2d
                0x00008462       0x10 c:/nxp/mcuxpressoide_10.0.2_411/ide/tools/bin/../lib/gcc/arm-none-eabi/5.4.1/armv7e-m/fpu\libcr_eabihelpers.a(double.o)
                0x00008462                __aeabi_i2d
 .text.__aeabi_dcmpeq
                0x00008472       0x30 c:/nxp/mcuxpressoide_10.0.2_411/ide/tools/bin/../lib/gcc/arm-none-eabi/5.4.1/armv7e-m/fpu\libcr_eabihelpers.a(double.o)
                0x00008472                __aeabi_dcmpeq
 .text.__aeabi_dcmplt
                0x000084a2       0x58 c:/nxp/mcuxpressoide_10.0.2_411/ide/tools/bin/../lib/gcc/arm-none-eabi/5.4.1/armv7e-m/fpu\libcr_eabihelpers.a(double.o)
                0x000084a2                __aeabi_dcmplt
 .text.__aeabi_dcmple
                0x000084fa       0x54 c:/nxp/mcuxpressoide_10.0.2_411/ide/tools/bin/../lib/gcc/arm-none-eabi/5.4.1/armv7e-m/fpu\libcr_eabihelpers.a(double.o)
                0x000084fa                __aeabi_dcmple
 .text.__aeabi_dcmpge
                0x0000854e       0x54 c:/nxp/mcuxpressoide_10.0.2_411/ide/tools/bin/../lib/gcc/arm-none-eabi/5.4.1/armv7e-m/fpu\libcr_eabihelpers.a(double.o)
                0x0000854e                __aeabi_dcmpge
 .text.__aeabi_memcpy
                0x000085a2       0x34 c:/nxp/mcuxpressoide_10.0.2_411/ide/tools/bin/../lib/gcc/arm-none-eabi/5.4.1/armv7e-m/fpu\libcr_eabihelpers.a(memcpy.o)
                0x000085a2                __aeabi_memcpy
                0x000085ac                __aeabi_memcpy8
                0x000085ac                __aeabi_memcpy4
 .text.__aeabi_memset_lowlevel
                0x000085d6       0x32 c:/nxp/mcuxpressoide_10.0.2_411/ide/tools/bin/../lib/gcc/arm-none-eabi/5.4.1/armv7e-m/fpu\libcr_eabihelpers.a(memcpy.o)
                0x000085d6                __aeabi_lowlevel_memset
 .text.__sys_close
                0x00008608        0x6 c:/nxp/mcuxpressoide_10.0.2_411/ide/tools/bin/../lib/gcc/arm-none-eabi/5.4.1/../../../../arm-none-eabi/lib/armv7e-m/fpu\libcr_nohost_nf.a(__sys_close.o)
                0x00008608                __sys_close
 .text.__sys_flen
                0x0000860e        0x6 c:/nxp/mcuxpressoide_10.0.2_411/ide/tools/bin/../lib/gcc/arm-none-eabi/5.4.1/../../../../arm-none-eabi/lib/armv7e-m/fpu\libcr_nohost_nf.a(__sys_flen.o)
                0x0000860e                __sys_flen
 .text.__sys_istty
                0x00008614        0x6 c:/nxp/mcuxpressoide_10.0.2_411/ide/tools/bin/../lib/gcc/arm-none-eabi/5.4.1/../../../../arm-none-eabi/lib/armv7e-m/fpu\libcr_nohost_nf.a(__sys_istty.o)
                0x00008614                __sys_istty
 .text.__sys_remove
                0x0000861a        0x6 c:/nxp/mcuxpressoide_10.0.2_411/ide/tools/bin/../lib/gcc/arm-none-eabi/5.4.1/../../../../arm-none-eabi/lib/armv7e-m/fpu\libcr_nohost_nf.a(__sys_remove.o)
                0x0000861a                __sys_remove
 .text.__sys_seek
                0x00008620        0x6 c:/nxp/mcuxpressoide_10.0.2_411/ide/tools/bin/../lib/gcc/arm-none-eabi/5.4.1/../../../../arm-none-eabi/lib/armv7e-m/fpu\libcr_nohost_nf.a(__sys_seek.o)
                0x00008620                __sys_seek
 .text.__sys_tmpnam
                0x00008626        0x6 c:/nxp/mcuxpressoide_10.0.2_411/ide/tools/bin/../lib/gcc/arm-none-eabi/5.4.1/../../../../arm-none-eabi/lib/armv7e-m/fpu\libcr_nohost_nf.a(__sys_tmpnam.o)
                0x00008626                __sys_tmpnam
 *(.rodata .rodata.* .constdata .constdata.*)
 .rodata        0x0000862c       0x41 ./source/lpcxpresso54608/board.o
 *fill*         0x0000866d        0x3 ff
 .rodata        0x00008670      0x12e ./source/eGFX/Drivers/eGFX_Driver_LPCXPresso_54608.o
 *fill*         0x0000879e        0x2 ff
 .rodata.wdtFreqLookup
                0x000087a0       0x20 ./source/drivers/fsl_clock.o
 .rodata.s_ctimerBases
                0x000087c0       0x14 ./source/drivers/fsl_ctimer.o
 .rodata        0x000087d4      0x89d ./source/drivers/fsl_dma.o
 *fill*         0x00009071        0x3 ff
 .rodata        0x00009074      0x16b ./source/drivers/fsl_emc.o
 *fill*         0x000091df        0x1 ff
 .rodata.s_flexcommBaseAddrs
                0x000091e0       0x28 ./source/drivers/fsl_flexcomm.o
 .rodata.s_flexcommClocks
                0x00009208       0x14 ./source/drivers/fsl_flexcomm.o
 .rodata        0x0000921c      0x22b ./source/drivers/fsl_flexcomm.o
 *fill*         0x00009447        0x1 ff
 .rodata        0x00009448      0x25a ./source/drivers/fsl_i2c.o
 *fill*         0x000096a2        0x2 ff
 .rodata        0x000096a4      0x25c ./source/drivers/fsl_lcdc.o
 .rodata        0x00009900      0x5ab ./source/drivers/fsl_mcan.o
 *fill*         0x00009eab        0x1 ff
 .rodata        0x00009eac       0x60 ./source/drivers/fsl_reset.o
 .rodata        0x00009f0c      0x173 ./source/drivers/fsl_sctimer.o
 *fill*         0x0000a07f        0x1 ff
 .rodata        0x0000a080      0x3e0 ./source/drivers/fsl_sdif.o
 .rodata        0x0000a460       0x72 ./source/drivers/fsl_spifi.o
 *fill*         0x0000a4d2        0x2 ff
 .rodata        0x0000a4d4      0x68b ./source/drivers/fsl_usart.o
 *fill*         0x0000ab5f        0x1 ff
 .rodata        0x0000ab60       0xc0 ./source/TouchScreen/fsl_ft5406.o
 .rodata        0x0000ac20       0x17 ./source/main.o
 .rodata.str1.1
                0x0000ac37       0x15 c:/nxp/mcuxpressoide_10.0.2_411/ide/tools/bin/../lib/gcc/arm-none-eabi/5.4.1/../../../../arm-none-eabi/lib/armv7e-m/fpu\libcr_nohost_nf.a(_cr_assert.o)
 .rodata.__num_Ciob_streams
                0x0000ac4c        0x4 c:/nxp/mcuxpressoide_10.0.2_411/ide/tools/bin/../lib/gcc/arm-none-eabi/5.4.1/../../../../arm-none-eabi/lib/armv7e-m/fpu\libcr_nohost_nf.a(__ciob.o)
                0x0000ac4c                __num_Ciob_streams
 .rodata.str1.1
                0x0000ac50       0x18 c:/nxp/mcuxpressoide_10.0.2_411/ide/tools/bin/../lib/gcc/arm-none-eabi/5.4.1/../../../../arm-none-eabi/lib/armv7e-m/fpu\libcr_c.a(alloc.o)
 .rodata.str1.1
                0x0000ac68       0x32 c:/nxp/mcuxpressoide_10.0.2_411/ide/tools/bin/../lib/gcc/arm-none-eabi/5.4.1/../../../../arm-none-eabi/lib/armv7e-m/fpu\libcr_c.a(fpprintf.o)
                                 0x35 (size before relaxing)
 .rodata.str1.1
                0x0000ac9a        0x4 c:/nxp/mcuxpressoide_10.0.2_411/ide/tools/bin/../lib/gcc/arm-none-eabi/5.4.1/../../../../arm-none-eabi/lib/armv7e-m/fpu\libcr_c.a(initio.o)
 .rodata.str1.1
                0x0000ac9e       0x31 c:/nxp/mcuxpressoide_10.0.2_411/ide/tools/bin/../lib/gcc/arm-none-eabi/5.4.1/../../../../arm-none-eabi/lib/armv7e-m/fpu\libcr_c.a(printf.o)
                                 0x38 (size before relaxing)
 *fill*         0x0000accf        0x1 ff
 .rodata.__huge_vall
                0x0000acd0        0x8 c:/nxp/mcuxpressoide_10.0.2_411/ide/tools/bin/../lib/gcc/arm-none-eabi/5.4.1/../../../../arm-none-eabi/lib/armv7e-m/fpu\libcr_c.a(_hugeval.o)
                0x0000acd0                __huge_vall
                0x0000acd8                . = ALIGN (0x4)

.glue_7         0x0000acd8        0x0
 .glue_7        0x0000acd8        0x0 linker stubs

.glue_7t        0x0000acd8        0x0
 .glue_7t       0x0000acd8        0x0 linker stubs

.vfp11_veneer   0x0000acd8        0x0
 .vfp11_veneer  0x0000acd8        0x0 linker stubs

.v4_bx          0x0000acd8        0x0
 .v4_bx         0x0000acd8        0x0 linker stubs

.iplt           0x0000acd8        0x0
 .iplt          0x0000acd8        0x0 ./source/utilities/fsl_debug_console.o

.rel.dyn        0x0000acd8        0x0
 .rel.iplt      0x0000acd8        0x0 ./source/utilities/fsl_debug_console.o

.ARM.extab
 *(.ARM.extab* .gnu.linkonce.armextab.*)
                0x0000acd8                __exidx_start = .

.ARM.exidx
 *(.ARM.exidx* .gnu.linkonce.armexidx.*)
                0x0000acd8                __exidx_end = .
                0x0000acd8                _etext = .

.m_usb_data
 *(m_usb_global)

.data_RAM2      0x04000000        0x0 load address 0x0000acd8
 FILL mask 0xff
                [!provide]                PROVIDE (__start_data_RAM2, .)
 *(.ramfunc.$RAM2)
 *(.ramfunc.$SRAMX)
 *(.data.$RAM2*)
 *(.data.$SRAMX*)
                0x04000000                . = ALIGN (0x4)
                [!provide]                PROVIDE (__end_data_RAM2, .)

.data_RAM3      0x40100000        0x0 load address 0x0000acd8
 FILL mask 0xff
                [!provide]                PROVIDE (__start_data_RAM3, .)
 *(.ramfunc.$RAM3)
 *(.ramfunc.$USB_RAM)
 *(.data.$RAM3*)
 *(.data.$USB_RAM*)
                0x40100000                . = ALIGN (0x4)
                [!provide]                PROVIDE (__end_data_RAM3, .)

.data_RAM4      0xa0000000        0x0 load address 0x0000acd8
 FILL mask 0xff
                [!provide]                PROVIDE (__start_data_RAM4, .)
 *(.ramfunc.$RAM4)
 *(.ramfunc.$BOARD_SDRAM)
 *(.data.$RAM4*)
 *(.data.$BOARD_SDRAM*)
                0xa0000000                . = ALIGN (0x4)
                [!provide]                PROVIDE (__end_data_RAM4, .)

.uninit_RESERVED
                0x20000000        0x0
 *(.bss.$RESERVED*)
                0x20000000                . = ALIGN (0x4)
                0x20000000                _end_uninit_RESERVED = .

.data           0x20000000      0x124 load address 0x0000acd8
 FILL mask 0xff
                0x20000000                _data = .
 *(vtable)
 *(.ramfunc*)
 *(.data*)
 .data.command  0x20000000       0x30 ./source/lpcxpresso54608/board.o
                0x20000000                command
 .data.s_EMCDYCSBases
                0x20000030       0x10 ./source/drivers/fsl_emc.o
 .data._random_number_seed
                0x20000040       0xdc c:/nxp/mcuxpressoide_10.0.2_411/ide/tools/bin/../lib/gcc/arm-none-eabi/5.4.1/../../../../arm-none-eabi/lib/armv7e-m/fpu\libcr_c.a(stdlib.o)
 .data._random_j
                0x2000011c        0x4 c:/nxp/mcuxpressoide_10.0.2_411/ide/tools/bin/../lib/gcc/arm-none-eabi/5.4.1/../../../../arm-none-eabi/lib/armv7e-m/fpu\libcr_c.a(stdlib.o)
 .data._random_k
                0x20000120        0x4 c:/nxp/mcuxpressoide_10.0.2_411/ide/tools/bin/../lib/gcc/arm-none-eabi/5.4.1/../../../../arm-none-eabi/lib/armv7e-m/fpu\libcr_c.a(stdlib.o)
                0x20000124                . = ALIGN (0x4)
                0x20000124                _edata = .

.igot.plt       0x20000124        0x0 load address 0x0000adfc
 .igot.plt      0x20000124        0x0 ./source/utilities/fsl_debug_console.o

.bss_RAM2       0x04000000        0x0
                [!provide]                PROVIDE (__start_bss_RAM2, .)
 *(.bss.$RAM2*)
 *(.bss.$SRAMX*)
                0x04000000                . = ALIGN ((. != 0x0)?0x4:0x1)
                [!provide]                PROVIDE (__end_bss_RAM2, .)

.bss_RAM3       0x40100000        0x0
                [!provide]                PROVIDE (__start_bss_RAM3, .)
 *(.bss.$RAM3*)
 *(.bss.$USB_RAM*)
                0x40100000                . = ALIGN ((. != 0x0)?0x4:0x1)
                [!provide]                PROVIDE (__end_bss_RAM3, .)

.bss_RAM4       0xa0000000        0x0
                [!provide]                PROVIDE (__start_bss_RAM4, .)
 *(.bss.$RAM4*)
 *(.bss.$BOARD_SDRAM*)
                0xa0000000                . = ALIGN ((. != 0x0)?0x4:0x1)
                [!provide]                PROVIDE (__end_bss_RAM4, .)

.bss            0x20000200     0x297c
                0x20000200                _bss = .
 *(.bss*)
 .bss.s_debugConsole
                0x20000200       0x10 ./source/utilities/fsl_debug_console.o
 .bss.s_frameEndFlag
                0x20000210        0x1 ./source/eGFX/Drivers/eGFX_Driver_LPCXPresso_54608.o
 *fill*         0x20000211        0x3 
 .bss.eGFX_BackBuffer
                0x20000214        0xc ./source/eGFX/Drivers/eGFX_Driver_LPCXPresso_54608.o
                0x20000214                eGFX_BackBuffer
 .bss.DMA_Handle_Clear
                0x20000220       0x10 ./source/eGFX/Drivers/eGFX_Driver_LPCXPresso_54608.o
                0x20000220                DMA_Handle_Clear
 .bss.DMA_Handle_Blit
                0x20000230       0x10 ./source/eGFX/Drivers/eGFX_Driver_LPCXPresso_54608.o
                0x20000230                DMA_Handle_Blit
 .bss.ClearDone
                0x20000240        0x1 ./source/eGFX/Drivers/eGFX_Driver_LPCXPresso_54608.o
                0x20000240                ClearDone
 *fill*         0x20000241        0xf 
 .bss.line      0x20000250     0x1100 ./source/eGFX/Drivers/eGFX_Driver_LPCXPresso_54608.o
                0x20000250                line
 .bss.C         0x20001350        0x4 ./source/eGFX/Drivers/eGFX_Driver_LPCXPresso_54608.o
 .bss.s_Pll_Freq
                0x20001354        0x4 ./source/drivers/fsl_clock.o
 .bss.s_Usb_Pll_Freq
                0x20001358        0x4 ./source/drivers/fsl_clock.o
 .bss.s_Audio_Pll_Freq
                0x2000135c        0x4 ./source/drivers/fsl_clock.o
 .bss.s_ctimerCallback
                0x20001360       0x14 ./source/drivers/fsl_ctimer.o
 .bss.ctimerCallbackType
                0x20001374        0x5 ./source/drivers/fsl_ctimer.o
 *fill*         0x20001379        0x3 
 .bss.s_DMAHandle
                0x2000137c       0x78 ./source/drivers/fsl_dma.o
 *fill*         0x200013f4        0xc 
 .bss.s_dma_descriptor_table
                0x20001400      0x1e0 ./source/drivers/fsl_dma.o
                0x20001400                s_dma_descriptor_table
 .bss.s_dmicCallback
                0x200015e0        0x4 ./source/drivers/fsl_dmic.o
 .bss.s_dmicHwvadCallback
                0x200015e4        0x4 ./source/drivers/fsl_dmic.o
 .bss.s_ENETHandle
                0x200015e8        0x4 ./source/drivers/fsl_enet.o
 .bss.s_enetIsr
                0x200015ec        0x4 ./source/drivers/fsl_enet.o
 .bss.s_flexcommIrqHandler
                0x200015f0       0x28 ./source/drivers/fsl_flexcomm.o
 .bss.s_flexcommHandle
                0x20001618       0x28 ./source/drivers/fsl_flexcomm.o
 .bss.s_gintCallback
                0x20001640        0x8 ./source/drivers/fsl_gint.o
 .bss.s_mcanHandle
                0x20001648        0x8 ./source/drivers/fsl_mcan.o
 .bss.s_mcanIsr
                0x20001650        0x4 ./source/drivers/fsl_mcan.o
 .bss.s_pintCallback
                0x20001654       0x20 ./source/drivers/fsl_pint.o
 .bss.s_eventCallback
                0x20001674       0x28 ./source/drivers/fsl_sctimer.o
 .bss.s_currentEvent
                0x2000169c        0x4 ./source/drivers/fsl_sctimer.o
 .bss.s_currentState
                0x200016a0        0x4 ./source/drivers/fsl_sctimer.o
 .bss.s_currentMatch
                0x200016a4        0x4 ./source/drivers/fsl_sctimer.o
 .bss.s_sctimerIsr
                0x200016a8        0x4 ./source/drivers/fsl_sctimer.o
 .bss.s_sdifHandle
                0x200016ac        0x4 ./source/drivers/fsl_sdif.o
 .bss.s_sdifIsr
                0x200016b0        0x4 ./source/drivers/fsl_sdif.o
 .bss.s_utickHandle
                0x200016b4        0x4 ./source/drivers/fsl_utick.o
 .bss.s_utickIsr
                0x200016b8        0x4 ./source/drivers/fsl_utick.o
 .bss.MyStars   0x200016bc     0x1400 ./source/main.o
                0x200016bc                MyStars
 .bss.__Ciob    0x20002abc       0xb4 c:/nxp/mcuxpressoide_10.0.2_411/ide/tools/bin/../lib/gcc/arm-none-eabi/5.4.1/../../../../arm-none-eabi/lib/armv7e-m/fpu\libcr_nohost_nf.a(__ciob.o)
                0x20002abc                __Ciob
 .bss.__heaps   0x20002b70        0x4 c:/nxp/mcuxpressoide_10.0.2_411/ide/tools/bin/../lib/gcc/arm-none-eabi/5.4.1/../../../../arm-none-eabi/lib/armv7e-m/fpu\libcr_c.a(__init_alloc.o)
                0x20002b70                __heaps
 .bss.__end_of_heap
                0x20002b74        0x4 c:/nxp/mcuxpressoide_10.0.2_411/ide/tools/bin/../lib/gcc/arm-none-eabi/5.4.1/../../../../arm-none-eabi/lib/armv7e-m/fpu\libcr_c.a(__init_alloc.o)
                0x20002b74                __end_of_heap
 .bss.errno     0x20002b78        0x4 c:/nxp/mcuxpressoide_10.0.2_411/ide/tools/bin/../lib/gcc/arm-none-eabi/5.4.1/../../../../arm-none-eabi/lib/armv7e-m/fpu\libcr_c.a(errno.o)
                0x20002b78                errno
 *(COMMON)
                0x20002b7c                . = ALIGN (0x4)
                0x20002b7c                _ebss = .
                [!provide]                PROVIDE (end, .)

.noinit_RAM2    0x04000000        0x0
 *(.noinit.$RAM2*)
 *(.noinit.$SRAMX*)
                0x04000000                . = ALIGN (0x4)

.noinit_RAM3    0x40100000        0x0
 *(.noinit.$RAM3*)
 *(.noinit.$USB_RAM*)
                0x40100000                . = ALIGN (0x4)

.noinit_RAM4    0xa0000000    0x7f800
 *(.noinit.$RAM4*)
 *(.noinit.$BOARD_SDRAM*)
 .noinit.$BOARD_SDRAM
                0xa0000000    0x7f800 ./source/eGFX/Drivers/eGFX_Driver_LPCXPresso_54608.o
                0xa0000000                eGFX_FrameBuffer1
                0xa003fc00                eGFX_FrameBuffer2
                0xa007f800                . = ALIGN (0x4)

.noinit         0x20002b7c        0x0
                0x20002b7c                _noinit = .
 *(.noinit*)
                0x20002b7c                . = ALIGN (0x4)
                0x20002b7c                _end_noinit = .

.heap           0x20002b7c     0x1000
                0x20002b7c                _pvHeapStart = .
                0x20003b7c                . = (. + 0x1000)
 *fill*         0x20002b7c     0x1000 
                0x20003b7c                . = ALIGN (0x4)
                0x20003b7c                _pvHeapLimit = .

.heap2stackfill
                0x20003b7c     0x1000
                0x20004b7c                . = (. + 0x1000)
 *fill*         0x20003b7c     0x1000 

.stack          0x20027000        0x0
                0x20027000                _vStackBase = .
                0x20027000                . = ALIGN (0x4)
                0x20028000                _vStackTop = (. + 0x1000)
                0xdffd7442                PROVIDE (__valid_user_code_checksum, (0x0 - ((((((_vStackTop + (ResetISR + 0x1)) + (NMI_Handler + 0x1)) + (HardFault_Handler + 0x1)) + (DEFINED (MemManage_Handler)?MemManage_Handler:0x0 + 0x1)) + (DEFINED (BusFault_Handler)?BusFault_Handler:0x0 + 0x1)) + (DEFINED (UsageFault_Handler)?UsageFault_Handler:0x0 + 0x1))))
OUTPUT(Demo 4 - Starfield.axf elf32-littlearm)

.debug_info     0x00000000    0x2dd0b
 .debug_info    0x00000000      0x8f0 ./source/utilities/fsl_debug_console.o
 .debug_info    0x000008f0      0x66f ./source/startup/startup_LPC54608.o
 .debug_info    0x00000f5f     0x135e ./source/lpcxpresso54608/board.o
 .debug_info    0x000022bd      0xfb4 ./source/lpcxpresso54608/clock_config.o
 .debug_info    0x00003271      0xe5f ./source/lpcxpresso54608/pin_mux.o
 .debug_info    0x000040d0      0x120 ./source/eGFX/Sprites/Sprites_16BPP_565.o
 .debug_info    0x000041f0     0x1e33 ./source/eGFX/Drivers/eGFX_Driver_LPCXPresso_54608.o
 .debug_info    0x00006023     0x2d0f ./source/eGFX/eGFX.o
 .debug_info    0x00008d32     0x2ac3 ./source/drivers/fsl_clock.o
 .debug_info    0x0000b7f5     0x1e10 ./source/drivers/fsl_ctimer.o
 .debug_info    0x0000d605     0x1ea4 ./source/drivers/fsl_dma.o
 .debug_info    0x0000f4a9     0x1e1c ./source/drivers/fsl_dmic.o
 .debug_info    0x000112c5     0x1834 ./source/drivers/fsl_emc.o
 .debug_info    0x00012af9     0x2f08 ./source/drivers/fsl_enet.o
 .debug_info    0x00015a01     0x1525 ./source/drivers/fsl_flexcomm.o
 .debug_info    0x00016f26     0x1a2d ./source/drivers/fsl_gint.o
 .debug_info    0x00018953     0x1cdd ./source/drivers/fsl_i2c.o
 .debug_info    0x0001a630     0x1c0a ./source/drivers/fsl_lcdc.o
 .debug_info    0x0001c23a     0x2d13 ./source/drivers/fsl_mcan.o
 .debug_info    0x0001ef4d     0x1d2b ./source/drivers/fsl_pint.o
 .debug_info    0x00020c78      0xd40 ./source/drivers/fsl_reset.o
 .debug_info    0x000219b8     0x1eee ./source/drivers/fsl_sctimer.o
 .debug_info    0x000238a6     0x2aa7 ./source/drivers/fsl_sdif.o
 .debug_info    0x0002634d     0x1458 ./source/drivers/fsl_spifi.o
 .debug_info    0x000277a5     0x1313 ./source/drivers/fsl_usart.o
 .debug_info    0x00028ab8     0x15c1 ./source/drivers/fsl_utick.o
 .debug_info    0x0002a079      0xd2e ./source/TouchScreen/fsl_ft5406.o
 .debug_info    0x0002ada7      0xe63 ./source/CMSIS/system_LPC54608.o
 .debug_info    0x0002bc0a      0xb6e ./source/main.o
 .debug_info    0x0002c778     0x1593 C:\Users\Eli Hughes\Desktop\FIT2017_LPC54628\SRC\Demo 4 - Starfield\libs\libfsl_power_lib.a(fsl_power_lib.o)

.debug_abbrev   0x00000000     0x4745
 .debug_abbrev  0x00000000      0x1f1 ./source/utilities/fsl_debug_console.o
 .debug_abbrev  0x000001f1      0x126 ./source/startup/startup_LPC54608.o
 .debug_abbrev  0x00000317      0x20f ./source/lpcxpresso54608/board.o
 .debug_abbrev  0x00000526      0x178 ./source/lpcxpresso54608/clock_config.o
 .debug_abbrev  0x0000069e      0x19d ./source/lpcxpresso54608/pin_mux.o
 .debug_abbrev  0x0000083b       0x96 ./source/eGFX/Sprites/Sprites_16BPP_565.o
 .debug_abbrev  0x000008d1      0x383 ./source/eGFX/Drivers/eGFX_Driver_LPCXPresso_54608.o
 .debug_abbrev  0x00000c54      0x2b7 ./source/eGFX/eGFX.o
 .debug_abbrev  0x00000f0b      0x322 ./source/drivers/fsl_clock.o
 .debug_abbrev  0x0000122d      0x2d7 ./source/drivers/fsl_ctimer.o
 .debug_abbrev  0x00001504      0x2fa ./source/drivers/fsl_dma.o
 .debug_abbrev  0x000017fe      0x280 ./source/drivers/fsl_dmic.o
 .debug_abbrev  0x00001a7e      0x20d ./source/drivers/fsl_emc.o
 .debug_abbrev  0x00001c8b      0x2fb ./source/drivers/fsl_enet.o
 .debug_abbrev  0x00001f86      0x235 ./source/drivers/fsl_flexcomm.o
 .debug_abbrev  0x000021bb      0x23c ./source/drivers/fsl_gint.o
 .debug_abbrev  0x000023f7      0x311 ./source/drivers/fsl_i2c.o
 .debug_abbrev  0x00002708      0x290 ./source/drivers/fsl_lcdc.o
 .debug_abbrev  0x00002998      0x3aa ./source/drivers/fsl_mcan.o
 .debug_abbrev  0x00002d42      0x289 ./source/drivers/fsl_pint.o
 .debug_abbrev  0x00002fcb      0x12c ./source/drivers/fsl_reset.o
 .debug_abbrev  0x000030f7      0x2e2 ./source/drivers/fsl_sctimer.o
 .debug_abbrev  0x000033d9      0x306 ./source/drivers/fsl_sdif.o
 .debug_abbrev  0x000036df      0x22f ./source/drivers/fsl_spifi.o
 .debug_abbrev  0x0000390e      0x315 ./source/drivers/fsl_usart.o
 .debug_abbrev  0x00003c23      0x243 ./source/drivers/fsl_utick.o
 .debug_abbrev  0x00003e66      0x1bd ./source/TouchScreen/fsl_ft5406.o
 .debug_abbrev  0x00004023      0x1aa ./source/CMSIS/system_LPC54608.o
 .debug_abbrev  0x000041cd      0x20f ./source/main.o
 .debug_abbrev  0x000043dc      0x369 C:\Users\Eli Hughes\Desktop\FIT2017_LPC54628\SRC\Demo 4 - Starfield\libs\libfsl_power_lib.a(fsl_power_lib.o)

.debug_aranges  0x00000000     0x1968
 .debug_aranges
                0x00000000       0x38 ./source/utilities/fsl_debug_console.o
 .debug_aranges
                0x00000038      0x248 ./source/startup/startup_LPC54608.o
 .debug_aranges
                0x00000280       0x50 ./source/lpcxpresso54608/board.o
 .debug_aranges
                0x000002d0       0x48 ./source/lpcxpresso54608/clock_config.o
 .debug_aranges
                0x00000318       0x38 ./source/lpcxpresso54608/pin_mux.o
 .debug_aranges
                0x00000350       0x18 ./source/eGFX/Sprites/Sprites_16BPP_565.o
 .debug_aranges
                0x00000368       0xa0 ./source/eGFX/Drivers/eGFX_Driver_LPCXPresso_54608.o
 .debug_aranges
                0x00000408      0x350 ./source/eGFX/eGFX.o
 .debug_aranges
                0x00000758      0x280 ./source/drivers/fsl_clock.o
 .debug_aranges
                0x000009d8       0xd0 ./source/drivers/fsl_ctimer.o
 .debug_aranges
                0x00000aa8       0xd0 ./source/drivers/fsl_dma.o
 .debug_aranges
                0x00000b78       0xd0 ./source/drivers/fsl_dmic.o
 .debug_aranges
                0x00000c48       0x60 ./source/drivers/fsl_emc.o
 .debug_aranges
                0x00000ca8      0x148 ./source/drivers/fsl_enet.o
 .debug_aranges
                0x00000df0       0x88 ./source/drivers/fsl_flexcomm.o
 .debug_aranges
                0x00000e78       0xb0 ./source/drivers/fsl_gint.o
 .debug_aranges
                0x00000f28      0x190 ./source/drivers/fsl_i2c.o
 .debug_aranges
                0x000010b8       0xa0 ./source/drivers/fsl_lcdc.o
 .debug_aranges
                0x00001158      0x1c0 ./source/drivers/fsl_mcan.o
 .debug_aranges
                0x00001318       0xf8 ./source/drivers/fsl_pint.o
 .debug_aranges
                0x00001410       0x30 ./source/drivers/fsl_reset.o
 .debug_aranges
                0x00001440       0xc8 ./source/drivers/fsl_sctimer.o
 .debug_aranges
                0x00001508      0x160 ./source/drivers/fsl_sdif.o
 .debug_aranges
                0x00001668       0x68 ./source/drivers/fsl_spifi.o
 .debug_aranges
                0x000016d0       0xd0 ./source/drivers/fsl_usart.o
 .debug_aranges
                0x000017a0       0x70 ./source/drivers/fsl_utick.o
 .debug_aranges
                0x00001810       0x48 ./source/TouchScreen/fsl_ft5406.o
 .debug_aranges
                0x00001858       0x60 ./source/CMSIS/system_LPC54608.o
 .debug_aranges
                0x000018b8       0x38 ./source/main.o
 .debug_aranges
                0x000018f0       0x78 C:\Users\Eli Hughes\Desktop\FIT2017_LPC54628\SRC\Demo 4 - Starfield\libs\libfsl_power_lib.a(fsl_power_lib.o)

.debug_ranges   0x00000000     0x1828
 .debug_ranges  0x00000000       0x28 ./source/utilities/fsl_debug_console.o
 .debug_ranges  0x00000028      0x238 ./source/startup/startup_LPC54608.o
 .debug_ranges  0x00000260       0x40 ./source/lpcxpresso54608/board.o
 .debug_ranges  0x000002a0       0x38 ./source/lpcxpresso54608/clock_config.o
 .debug_ranges  0x000002d8       0x28 ./source/lpcxpresso54608/pin_mux.o
 .debug_ranges  0x00000300       0x90 ./source/eGFX/Drivers/eGFX_Driver_LPCXPresso_54608.o
 .debug_ranges  0x00000390      0x340 ./source/eGFX/eGFX.o
 .debug_ranges  0x000006d0      0x270 ./source/drivers/fsl_clock.o
 .debug_ranges  0x00000940       0xc0 ./source/drivers/fsl_ctimer.o
 .debug_ranges  0x00000a00       0xc0 ./source/drivers/fsl_dma.o
 .debug_ranges  0x00000ac0       0xc0 ./source/drivers/fsl_dmic.o
 .debug_ranges  0x00000b80       0x50 ./source/drivers/fsl_emc.o
 .debug_ranges  0x00000bd0      0x138 ./source/drivers/fsl_enet.o
 .debug_ranges  0x00000d08       0x78 ./source/drivers/fsl_flexcomm.o
 .debug_ranges  0x00000d80       0xa0 ./source/drivers/fsl_gint.o
 .debug_ranges  0x00000e20      0x1c8 ./source/drivers/fsl_i2c.o
 .debug_ranges  0x00000fe8       0x90 ./source/drivers/fsl_lcdc.o
 .debug_ranges  0x00001078      0x1b0 ./source/drivers/fsl_mcan.o
 .debug_ranges  0x00001228       0xe8 ./source/drivers/fsl_pint.o
 .debug_ranges  0x00001310       0x20 ./source/drivers/fsl_reset.o
 .debug_ranges  0x00001330       0xb8 ./source/drivers/fsl_sctimer.o
 .debug_ranges  0x000013e8      0x150 ./source/drivers/fsl_sdif.o
 .debug_ranges  0x00001538       0x58 ./source/drivers/fsl_spifi.o
 .debug_ranges  0x00001590       0xc0 ./source/drivers/fsl_usart.o
 .debug_ranges  0x00001650       0x60 ./source/drivers/fsl_utick.o
 .debug_ranges  0x000016b0       0x38 ./source/TouchScreen/fsl_ft5406.o
 .debug_ranges  0x000016e8       0x50 ./source/CMSIS/system_LPC54608.o
 .debug_ranges  0x00001738       0x28 ./source/main.o
 .debug_ranges  0x00001760       0xc8 C:\Users\Eli Hughes\Desktop\FIT2017_LPC54628\SRC\Demo 4 - Starfield\libs\libfsl_power_lib.a(fsl_power_lib.o)

.debug_macro    0x00000000    0x130dd
 .debug_macro   0x00000000      0x164 ./source/utilities/fsl_debug_console.o
 .debug_macro   0x00000164      0x8c2 ./source/utilities/fsl_debug_console.o
 .debug_macro   0x00000a26       0x10 ./source/utilities/fsl_debug_console.o
 .debug_macro   0x00000a36       0x16 ./source/utilities/fsl_debug_console.o
 .debug_macro   0x00000a4c       0x10 ./source/utilities/fsl_debug_console.o
 .debug_macro   0x00000a5c      0x12d ./source/utilities/fsl_debug_console.o
 .debug_macro   0x00000b89       0x28 ./source/utilities/fsl_debug_console.o
 .debug_macro   0x00000bb1       0xc4 ./source/utilities/fsl_debug_console.o
 .debug_macro   0x00000c75       0x16 ./source/utilities/fsl_debug_console.o
 .debug_macro   0x00000c8b       0x22 ./source/utilities/fsl_debug_console.o
 .debug_macro   0x00000cad      0x5b2 ./source/utilities/fsl_debug_console.o
 .debug_macro   0x0000125f       0x10 ./source/utilities/fsl_debug_console.o
 .debug_macro   0x0000126f       0x38 ./source/utilities/fsl_debug_console.o
 .debug_macro   0x000012a7       0x3b ./source/utilities/fsl_debug_console.o
 .debug_macro   0x000012e2       0x50 ./source/utilities/fsl_debug_console.o
 .debug_macro   0x00001332      0xe66 ./source/utilities/fsl_debug_console.o
 .debug_macro   0x00002198       0x2e ./source/utilities/fsl_debug_console.o
 .debug_macro   0x000021c6     0xdb5e ./source/utilities/fsl_debug_console.o
 .debug_macro   0x0000fd24      0x1c1 ./source/utilities/fsl_debug_console.o
 .debug_macro   0x0000fee5       0x3a ./source/utilities/fsl_debug_console.o
 .debug_macro   0x0000ff1f      0x273 ./source/utilities/fsl_debug_console.o
 .debug_macro   0x00010192       0xda ./source/utilities/fsl_debug_console.o
 .debug_macro   0x0001026c       0x35 ./source/utilities/fsl_debug_console.o
 .debug_macro   0x000102a1       0x9a ./source/utilities/fsl_debug_console.o
 .debug_macro   0x0001033b       0x34 ./source/utilities/fsl_debug_console.o
 .debug_macro   0x0001036f       0x16 ./source/utilities/fsl_debug_console.o
 .debug_macro   0x00010385       0x32 ./source/startup/startup_LPC54608.o
 .debug_macro   0x000103b7       0x34 ./source/startup/startup_LPC54608.o
 .debug_macro   0x000103eb      0x208 ./source/lpcxpresso54608/board.o
 .debug_macro   0x000105f3       0x1c ./source/lpcxpresso54608/board.o
 .debug_macro   0x0001060f       0xd6 ./source/lpcxpresso54608/board.o
 .debug_macro   0x000106e5       0x46 ./source/lpcxpresso54608/board.o
 .debug_macro   0x0001072b       0x10 ./source/lpcxpresso54608/board.o
 .debug_macro   0x0001073b      0x121 ./source/lpcxpresso54608/clock_config.o
 .debug_macro   0x0001085c       0x1c ./source/lpcxpresso54608/clock_config.o
 .debug_macro   0x00010878       0x16 ./source/lpcxpresso54608/clock_config.o
 .debug_macro   0x0001088e      0x15e ./source/lpcxpresso54608/pin_mux.o
 .debug_macro   0x000109ec       0xe8 ./source/lpcxpresso54608/pin_mux.o
 .debug_macro   0x00010ad4       0x8f ./source/eGFX/Sprites/Sprites_16BPP_565.o
 .debug_macro   0x00010b63       0x82 ./source/eGFX/Sprites/Sprites_16BPP_565.o
 .debug_macro   0x00010be5       0xe5 ./source/eGFX/Sprites/Sprites_16BPP_565.o
 .debug_macro   0x00010cca       0x34 ./source/eGFX/Sprites/Sprites_16BPP_565.o
 .debug_macro   0x00010cfe       0x9a ./source/eGFX/Sprites/Sprites_16BPP_565.o
 .debug_macro   0x00010d98      0x25b ./source/eGFX/Drivers/eGFX_Driver_LPCXPresso_54608.o
 .debug_macro   0x00010ff3       0x16 ./source/eGFX/Drivers/eGFX_Driver_LPCXPresso_54608.o
 .debug_macro   0x00011009       0x35 ./source/eGFX/Drivers/eGFX_Driver_LPCXPresso_54608.o
 .debug_macro   0x0001103e       0x40 ./source/eGFX/Drivers/eGFX_Driver_LPCXPresso_54608.o
 .debug_macro   0x0001107e       0x2e ./source/eGFX/Drivers/eGFX_Driver_LPCXPresso_54608.o
 .debug_macro   0x000110ac       0x10 ./source/eGFX/Drivers/eGFX_Driver_LPCXPresso_54608.o
 .debug_macro   0x000110bc       0x22 ./source/eGFX/Drivers/eGFX_Driver_LPCXPresso_54608.o
 .debug_macro   0x000110de       0x10 ./source/eGFX/Drivers/eGFX_Driver_LPCXPresso_54608.o
 .debug_macro   0x000110ee       0x1c ./source/eGFX/Drivers/eGFX_Driver_LPCXPresso_54608.o
 .debug_macro   0x0001110a       0x16 ./source/eGFX/Drivers/eGFX_Driver_LPCXPresso_54608.o
 .debug_macro   0x00011120       0xb0 ./source/eGFX/eGFX.o
 .debug_macro   0x000111d0       0x1c ./source/eGFX/eGFX.o
 .debug_macro   0x000111ec      0x228 ./source/drivers/fsl_clock.o
 .debug_macro   0x00011414       0x1c ./source/drivers/fsl_clock.o
 .debug_macro   0x00011430      0x115 ./source/drivers/fsl_ctimer.o
 .debug_macro   0x00011545      0x114 ./source/drivers/fsl_dma.o
 .debug_macro   0x00011659       0x1c ./source/drivers/fsl_dma.o
 .debug_macro   0x00011675      0x115 ./source/drivers/fsl_dmic.o
 .debug_macro   0x0001178a      0x162 ./source/drivers/fsl_emc.o
 .debug_macro   0x000118ec       0x40 ./source/drivers/fsl_emc.o
 .debug_macro   0x0001192c      0x216 ./source/drivers/fsl_enet.o
 .debug_macro   0x00011b42      0x13c ./source/drivers/fsl_enet.o
 .debug_macro   0x00011c7e      0x10f ./source/drivers/fsl_flexcomm.o
 .debug_macro   0x00011d8d      0x115 ./source/drivers/fsl_gint.o
 .debug_macro   0x00011ea2      0x14a ./source/drivers/fsl_i2c.o
 .debug_macro   0x00011fec      0x138 ./source/drivers/fsl_lcdc.o
 .debug_macro   0x00012124       0x28 ./source/drivers/fsl_lcdc.o
 .debug_macro   0x0001214c      0x11b ./source/drivers/fsl_mcan.o
 .debug_macro   0x00012267      0x114 ./source/drivers/fsl_pint.o
 .debug_macro   0x0001237b       0x6a ./source/drivers/fsl_pint.o
 .debug_macro   0x000123e5      0x105 ./source/drivers/fsl_reset.o
 .debug_macro   0x000124ea      0x115 ./source/drivers/fsl_sctimer.o
 .debug_macro   0x000125ff      0x114 ./source/drivers/fsl_sdif.o
 .debug_macro   0x00012713       0x64 ./source/drivers/fsl_sdif.o
 .debug_macro   0x00012777      0x115 ./source/drivers/fsl_spifi.o
 .debug_macro   0x0001288c      0x11e ./source/drivers/fsl_usart.o
 .debug_macro   0x000129aa      0x11e ./source/drivers/fsl_utick.o
 .debug_macro   0x00012ac8      0x177 ./source/TouchScreen/fsl_ft5406.o
 .debug_macro   0x00012c3f       0x10 ./source/TouchScreen/fsl_ft5406.o
 .debug_macro   0x00012c4f       0x22 ./source/TouchScreen/fsl_ft5406.o
 .debug_macro   0x00012c71       0xd5 ./source/CMSIS/system_LPC54608.o
 .debug_macro   0x00012d46      0x287 ./source/main.o
 .debug_macro   0x00012fcd       0x22 ./source/main.o
 .debug_macro   0x00012fef       0xee ./source/main.o

.debug_line     0x00000000     0xb85d
 .debug_line    0x00000000      0x375 ./source/utilities/fsl_debug_console.o
 .debug_line    0x00000375      0x4e1 ./source/startup/startup_LPC54608.o
 .debug_line    0x00000856      0x425 ./source/lpcxpresso54608/board.o
 .debug_line    0x00000c7b      0x356 ./source/lpcxpresso54608/clock_config.o
 .debug_line    0x00000fd1      0x391 ./source/lpcxpresso54608/pin_mux.o
 .debug_line    0x00001362      0x1f7 ./source/eGFX/Sprites/Sprites_16BPP_565.o
 .debug_line    0x00001559      0x6ff ./source/eGFX/Drivers/eGFX_Driver_LPCXPresso_54608.o
 .debug_line    0x00001c58     0x13c6 ./source/eGFX/eGFX.o
 .debug_line    0x0000301e     0x10ea ./source/drivers/fsl_clock.o
 .debug_line    0x00004108      0x4c9 ./source/drivers/fsl_ctimer.o
 .debug_line    0x000045d1      0x6cf ./source/drivers/fsl_dma.o
 .debug_line    0x00004ca0      0x489 ./source/drivers/fsl_dmic.o
 .debug_line    0x00005129      0x519 ./source/drivers/fsl_emc.o
 .debug_line    0x00005642      0x96e ./source/drivers/fsl_enet.o
 .debug_line    0x00005fb0      0x3e6 ./source/drivers/fsl_flexcomm.o
 .debug_line    0x00006396      0x410 ./source/drivers/fsl_gint.o
 .debug_line    0x000067a6      0x994 ./source/drivers/fsl_i2c.o
 .debug_line    0x0000713a      0x514 ./source/drivers/fsl_lcdc.o
 .debug_line    0x0000764e      0x87f ./source/drivers/fsl_mcan.o
 .debug_line    0x00007ecd      0x5a4 ./source/drivers/fsl_pint.o
 .debug_line    0x00008471      0x2bf ./source/drivers/fsl_reset.o
 .debug_line    0x00008730      0x544 ./source/drivers/fsl_sctimer.o
 .debug_line    0x00008c74      0x92b ./source/drivers/fsl_sdif.o
 .debug_line    0x0000959f      0x37f ./source/drivers/fsl_spifi.o
 .debug_line    0x0000991e      0x778 ./source/drivers/fsl_usart.o
 .debug_line    0x0000a096      0x364 ./source/drivers/fsl_utick.o
 .debug_line    0x0000a3fa      0x47b ./source/TouchScreen/fsl_ft5406.o
 .debug_line    0x0000a875      0x2ef ./source/CMSIS/system_LPC54608.o
 .debug_line    0x0000ab64      0x9b1 ./source/main.o
 .debug_line    0x0000b515      0x348 C:\Users\Eli Hughes\Desktop\FIT2017_LPC54628\SRC\Demo 4 - Starfield\libs\libfsl_power_lib.a(fsl_power_lib.o)

.debug_str      0x00000000    0x97ca2
 .debug_str     0x00000000    0x852c5 ./source/utilities/fsl_debug_console.o
                              0x853ee (size before relaxing)
 .debug_str     0x000852c5      0x714 ./source/startup/startup_LPC54608.o
                               0x2d26 (size before relaxing)
 .debug_str     0x000859d9     0x265f ./source/lpcxpresso54608/board.o
                              0x86fa1 (size before relaxing)
 .debug_str     0x00088038      0x8f4 ./source/lpcxpresso54608/clock_config.o
                              0x85284 (size before relaxing)
 .debug_str     0x0008892c      0xb6e ./source/lpcxpresso54608/pin_mux.o
                              0x84f58 (size before relaxing)
 .debug_str     0x0008949a      0xfe1 ./source/eGFX/Sprites/Sprites_16BPP_565.o
                               0x4cce (size before relaxing)
 .debug_str     0x0008a47b     0x1916 ./source/eGFX/Drivers/eGFX_Driver_LPCXPresso_54608.o
                              0x88510 (size before relaxing)
 .debug_str     0x0008bd91      0xea0 ./source/eGFX/eGFX.o
                               0x6353 (size before relaxing)
 .debug_str     0x0008cc31     0x142e ./source/drivers/fsl_clock.o
                              0x87510 (size before relaxing)
 .debug_str     0x0008e05f      0x6a7 ./source/drivers/fsl_ctimer.o
                              0x861a4 (size before relaxing)
 .debug_str     0x0008e706      0x4c2 ./source/drivers/fsl_dma.o
                              0x85df2 (size before relaxing)
 .debug_str     0x0008ebc8      0x6c9 ./source/drivers/fsl_dmic.o
                              0x860f3 (size before relaxing)
 .debug_str     0x0008f291      0x4ad ./source/drivers/fsl_emc.o
                              0x85b8f (size before relaxing)
 .debug_str     0x0008f73e     0x2160 ./source/drivers/fsl_enet.o
                              0x8783c (size before relaxing)
 .debug_str     0x0009189e      0x29c ./source/drivers/fsl_flexcomm.o
                              0x857cc (size before relaxing)
 .debug_str     0x00091b3a      0x23f ./source/drivers/fsl_gint.o
                              0x85c64 (size before relaxing)
 .debug_str     0x00091d79      0xcc5 ./source/drivers/fsl_i2c.o
                              0x85a73 (size before relaxing)
 .debug_str     0x00092a3e      0x50d ./source/drivers/fsl_lcdc.o
                              0x85fe1 (size before relaxing)
 .debug_str     0x00092f4b     0x136e ./source/drivers/fsl_mcan.o
                              0x869b2 (size before relaxing)
 .debug_str     0x000942b9      0xa04 ./source/drivers/fsl_pint.o
                              0x86416 (size before relaxing)
 .debug_str     0x00094cbd       0x8b ./source/drivers/fsl_reset.o
                              0x849ad (size before relaxing)
 .debug_str     0x00094d48      0x707 ./source/drivers/fsl_sctimer.o
                              0x86373 (size before relaxing)