Archive member included to satisfy reference by file (symbol)

C:\Users\Eli Hughes\Desktop\FIT2017_LPC54628\SRC\Demo 2 - Digital Mic Visualizer\libs\libfsl_power_lib.a(fsl_power_lib.o)
                              ./source/lpcxpresso54608/clock_config.o (POWER_SetVoltageForFreq)
c:/nxp/mcuxpressoide_10.0.2_411/ide/tools/bin/../lib/gcc/arm-none-eabi/5.4.1/../../../../arm-none-eabi/lib/armv7e-m/fpu\libcr_nohost_nf.a(_cr__main.o)
                              ./source/startup/startup_LPC54608.o (__main)
c:/nxp/mcuxpressoide_10.0.2_411/ide/tools/bin/../lib/gcc/arm-none-eabi/5.4.1/../../../../arm-none-eabi/lib/armv7e-m/fpu\libcr_nohost_nf.a(_cr_assert.o)
                              ./source/lpcxpresso54608/board.o (__assertion_failed)
c:/nxp/mcuxpressoide_10.0.2_411/ide/tools/bin/../lib/gcc/arm-none-eabi/5.4.1/../../../../arm-none-eabi/lib/armv7e-m/fpu\libcr_nohost_nf.a(__ciob.o)
                              c:/nxp/mcuxpressoide_10.0.2_411/ide/tools/bin/../lib/gcc/arm-none-eabi/5.4.1/../../../../arm-none-eabi/lib/armv7e-m/fpu\libcr_nohost_nf.a(_cr_assert.o) (__Ciob)
c:/nxp/mcuxpressoide_10.0.2_411/ide/tools/bin/../lib/gcc/arm-none-eabi/5.4.1/../../../../arm-none-eabi/lib/armv7e-m/fpu\libcr_nohost_nf.a(__sys_appexit.o)
                              c:/nxp/mcuxpressoide_10.0.2_411/ide/tools/bin/../lib/gcc/arm-none-eabi/5.4.1/../../../../arm-none-eabi/lib/armv7e-m/fpu\libcr_nohost_nf.a(_cr_assert.o) (__sys_appexit)
c:/nxp/mcuxpressoide_10.0.2_411/ide/tools/bin/../lib/gcc/arm-none-eabi/5.4.1/../../../../arm-none-eabi/lib/armv7e-m/fpu\libcr_c.a(memcpy.o)
                              ./source/eGFX/eGFX.o (memcpy)
c:/nxp/mcuxpressoide_10.0.2_411/ide/tools/bin/../lib/gcc/arm-none-eabi/5.4.1/../../../../arm-none-eabi/lib/armv7e-m/fpu\libcr_c.a(memset.o)
                              ./source/eGFX/Drivers/eGFX_Driver_LPCXPresso_54608.o (memset)
c:/nxp/mcuxpressoide_10.0.2_411/ide/tools/bin/../lib/gcc/arm-none-eabi/5.4.1/../../../../arm-none-eabi/lib/armv7e-m/fpu\libcr_c.a(_deferredlazyseek.o)
                              c:/nxp/mcuxpressoide_10.0.2_411/ide/tools/bin/../lib/gcc/arm-none-eabi/5.4.1/../../../../arm-none-eabi/lib/armv7e-m/fpu\libcr_nohost_nf.a(_cr_assert.o) (__flsbuf)
c:/nxp/mcuxpressoide_10.0.2_411/ide/tools/bin/../lib/gcc/arm-none-eabi/5.4.1/../../../../arm-none-eabi/lib/armv7e-m/fpu\libcr_c.a(_fflush.o)
                              c:/nxp/mcuxpressoide_10.0.2_411/ide/tools/bin/../lib/gcc/arm-none-eabi/5.4.1/../../../../arm-none-eabi/lib/armv7e-m/fpu\libcr_c.a(_deferredlazyseek.o) (_fflush)
c:/nxp/mcuxpressoide_10.0.2_411/ide/tools/bin/../lib/gcc/arm-none-eabi/5.4.1/../../../../arm-none-eabi/lib/armv7e-m/fpu\libcr_c.a(_writebuf.o)
                              c:/nxp/mcuxpressoide_10.0.2_411/ide/tools/bin/../lib/gcc/arm-none-eabi/5.4.1/../../../../arm-none-eabi/lib/armv7e-m/fpu\libcr_c.a(_deferredlazyseek.o) (_Cwritebuf)
c:/nxp/mcuxpressoide_10.0.2_411/ide/tools/bin/../lib/gcc/arm-none-eabi/5.4.1/../../../../arm-none-eabi/lib/armv7e-m/fpu\libcr_c.a(alloc.o)
                              c:/nxp/mcuxpressoide_10.0.2_411/ide/tools/bin/../lib/gcc/arm-none-eabi/5.4.1/../../../../arm-none-eabi/lib/armv7e-m/fpu\libcr_c.a(_deferredlazyseek.o) (_Csys_alloc)
c:/nxp/mcuxpressoide_10.0.2_411/ide/tools/bin/../lib/gcc/arm-none-eabi/5.4.1/../../../../arm-none-eabi/lib/armv7e-m/fpu\libcr_c.a(fabs.o)
                              ./source/eGFX/eGFX.o (fabs)
c:/nxp/mcuxpressoide_10.0.2_411/ide/tools/bin/../lib/gcc/arm-none-eabi/5.4.1/../../../../arm-none-eabi/lib/armv7e-m/fpu\libcr_c.a(fpprintf.o)
                              ./source/eGFX/eGFX.o (vsnprintf)
c:/nxp/mcuxpressoide_10.0.2_411/ide/tools/bin/../lib/gcc/arm-none-eabi/5.4.1/../../../../arm-none-eabi/lib/armv7e-m/fpu\libcr_c.a(fputs.o)
                              c:/nxp/mcuxpressoide_10.0.2_411/ide/tools/bin/../lib/gcc/arm-none-eabi/5.4.1/../../../../arm-none-eabi/lib/armv7e-m/fpu\libcr_nohost_nf.a(_cr_assert.o) (fputs)
c:/nxp/mcuxpressoide_10.0.2_411/ide/tools/bin/../lib/gcc/arm-none-eabi/5.4.1/../../../../arm-none-eabi/lib/armv7e-m/fpu\libcr_c.a(fseek.o)
                              c:/nxp/mcuxpressoide_10.0.2_411/ide/tools/bin/../lib/gcc/arm-none-eabi/5.4.1/../../../../arm-none-eabi/lib/armv7e-m/fpu\libcr_c.a(_deferredlazyseek.o) (fseek)
c:/nxp/mcuxpressoide_10.0.2_411/ide/tools/bin/../lib/gcc/arm-none-eabi/5.4.1/../../../../arm-none-eabi/lib/armv7e-m/fpu\libcr_c.a(ftell.o)
                              c:/nxp/mcuxpressoide_10.0.2_411/ide/tools/bin/../lib/gcc/arm-none-eabi/5.4.1/../../../../arm-none-eabi/lib/armv7e-m/fpu\libcr_c.a(fseek.o) (ftell)
c:/nxp/mcuxpressoide_10.0.2_411/ide/tools/bin/../lib/gcc/arm-none-eabi/5.4.1/../../../../arm-none-eabi/lib/armv7e-m/fpu\libcr_c.a(initio.o)
                              c:/nxp/mcuxpressoide_10.0.2_411/ide/tools/bin/../lib/gcc/arm-none-eabi/5.4.1/../../../../arm-none-eabi/lib/armv7e-m/fpu\libcr_nohost_nf.a(_cr__main.o) (_initio)
[...]
Memory Configuration

Name             Origin             Length             Attributes
PROGRAM_FLASH    0x00000000         0x00080000         xr
BOARD_FLASH      0x10000000         0x01000000         xr
SRAM_0_1_2_3     0x20000000         0x00028000         xrw
SRAMX            0x04000000         0x00008000         xrw
USB_RAM          0x40100000         0x00002000         xrw
BOARD_SDRAM      0xa0000000         0x01000000         xrw
*default*        0x00000000         0xffffffff

Linker script and memory map

LOAD ./source/utilities/fsl_debug_console.o
LOAD ./source/startup/startup_LPC54608.o
LOAD ./source/lpcxpresso54608/board.o
LOAD ./source/lpcxpresso54608/clock_config.o
LOAD ./source/lpcxpresso54608/pin_mux.o
LOAD ./source/eGFX/Sprites/Sprites_16BPP_565.o
LOAD ./source/eGFX/Fonts/OCR_A_Extended__20px__Bold__SingleBitPerPixelGridFit_1BPP/OCR_A_Extended__20px__Bold__SingleBitPerPixelGridFit_1BPP.o
LOAD ./source/eGFX/Fonts/Magneto__26px__Regular__AntiAliasGridFit_16BPP_565/Magneto__26px__Regular__AntiAliasGridFit_16BPP_565.o
LOAD ./source/eGFX/Fonts/Consolas__26px__Regular__AntiAliasGridFit_1BPP/Consolas__26px__Regular__AntiAliasGridFit_1BPP.o
LOAD ./source/eGFX/Fonts/Arial__23px__Regular__SystemDefault_1BPP/Arial__23px__Regular__SystemDefault_1BPP.o
LOAD ./source/eGFX/Fonts/FONT_3_5_1BPP.o
LOAD ./source/eGFX/Fonts/FONT_3_5_4BPP.o
LOAD ./source/eGFX/Fonts/FONT_3_5_8BPP.o
LOAD ./source/eGFX/Fonts/FONT_5_7_1BPP.o
LOAD ./source/eGFX/Fonts/FONT_5_7_4BPP.o
LOAD ./source/eGFX/Fonts/FONT_5_7_8BPP.o
LOAD ./source/eGFX/Drivers/eGFX_Driver_LPCXPresso_54608.o
LOAD ./source/eGFX/eGFX.o
LOAD ./source/drivers/fsl_adc.o
LOAD ./source/drivers/fsl_clock.o
LOAD ./source/drivers/fsl_common.o
LOAD ./source/drivers/fsl_crc.o
LOAD ./source/drivers/fsl_ctimer.o
LOAD ./source/drivers/fsl_dma.o
LOAD ./source/drivers/fsl_dmic.o
LOAD ./source/drivers/fsl_dmic_dma.o
LOAD ./source/drivers/fsl_eeprom.o
LOAD ./source/drivers/fsl_emc.o
LOAD ./source/drivers/fsl_enet.o
LOAD ./source/drivers/fsl_flashiap.o
LOAD ./source/drivers/fsl_flexcomm.o
LOAD ./source/drivers/fsl_fmc.o
LOAD ./source/drivers/fsl_fmeas.o
LOAD ./source/drivers/fsl_gint.o
LOAD ./source/drivers/fsl_gpio.o
LOAD ./source/drivers/fsl_i2c.o
LOAD ./source/drivers/fsl_i2c_dma.o
LOAD ./source/drivers/fsl_i2s.o
LOAD ./source/drivers/fsl_i2s_dma.o
LOAD ./source/drivers/fsl_inputmux.o
LOAD ./source/drivers/fsl_lcdc.o
LOAD ./source/drivers/fsl_mcan.o
LOAD ./source/drivers/fsl_mrt.o
LOAD ./source/drivers/fsl_pint.o
LOAD ./source/drivers/fsl_power.o
LOAD ./source/drivers/fsl_reset.o
LOAD ./source/drivers/fsl_rit.o
LOAD ./source/drivers/fsl_rtc.o
LOAD ./source/drivers/fsl_sctimer.o
LOAD ./source/drivers/fsl_sdif.o
LOAD ./source/drivers/fsl_spi.o
LOAD ./source/drivers/fsl_spi_dma.o
LOAD ./source/drivers/fsl_spifi.o
LOAD ./source/drivers/fsl_spifi_dma.o
LOAD ./source/drivers/fsl_usart.o
LOAD ./source/drivers/fsl_usart_dma.o
LOAD ./source/drivers/fsl_utick.o
LOAD ./source/drivers/fsl_wwdt.o
LOAD ./source/TouchScreen/fsl_ft5406.o
LOAD ./source/CMSIS/system_LPC54608.o
LOAD ./source/Audio/Audio.o
LOAD ./source/Audio/fsl_wm8904.o
LOAD ./source/main.o
LOAD C:\Users\Eli Hughes\Desktop\FIT2017_LPC54628\SRC\Demo 2 - Digital Mic Visualizer\libs\libfsl_power_lib.a
START GROUP
LOAD c:/nxp/mcuxpressoide_10.0.2_411/ide/tools/bin/../lib/gcc/arm-none-eabi/5.4.1/../../../../arm-none-eabi/lib/armv7e-m/fpu\libcr_nohost_nf.a
LOAD c:/nxp/mcuxpressoide_10.0.2_411/ide/tools/bin/../lib/gcc/arm-none-eabi/5.4.1/../../../../arm-none-eabi/lib/armv7e-m/fpu\libcr_c.a
LOAD c:/nxp/mcuxpressoide_10.0.2_411/ide/tools/bin/../lib/gcc/arm-none-eabi/5.4.1/armv7e-m/fpu\libcr_eabihelpers.a
END GROUP
                0x00000000                __base_PROGRAM_FLASH = 0x0
                0x00000000                __base_Flash = 0x0
                0x00080000                __top_PROGRAM_FLASH = 0x80000
                0x00080000                __top_Flash = 0x80000
                0x10000000                __base_BOARD_FLASH = 0x10000000
                0x10000000                __base_Flash2 = 0x10000000
                0x11000000                __top_BOARD_FLASH = 0x11000000
                0x11000000                __top_Flash2 = 0x11000000
                0x20000000                __base_SRAM_0_1_2_3 = 0x20000000
                0x20000000                __base_RAM = 0x20000000
                0x20028000                __top_SRAM_0_1_2_3 = 0x20028000
                0x20028000                __top_RAM = 0x20028000
                0x04000000                __base_SRAMX = 0x4000000
                0x04000000                __base_RAM2 = 0x4000000
                0x04008000                __top_SRAMX = 0x4008000
                0x04008000                __top_RAM2 = 0x4008000
                0x40100000                __base_USB_RAM = 0x40100000
                0x40100000                __base_RAM3 = 0x40100000
                0x40102000                __top_USB_RAM = 0x40102000
                0x40102000                __top_RAM3 = 0x40102000
                0xa0000000                __base_BOARD_SDRAM = 0xa0000000
                0xa0000000                __base_RAM4 = 0xa0000000
                0xa1000000                __top_BOARD_SDRAM = 0xa1000000
                0xa1000000                __top_RAM4 = 0xa1000000

.text_Flash2    0x10000000     0x2c00
 FILL mask 0xff
 *(.text_Flash2*)
 *(.text_BOARD_FLASH*)
 *(.text.$Flash2*)
 *(.text.$BOARD_FLASH*)
 *(.rodata.$Flash2*)
 *(.rodata.$BOARD_FLASH*)
 .rodata.$BOARD_FLASH
                0x10000000     0x2c00 ./source/eGFX/Sprites/Sprites_16BPP_565.o
                0x10000000                Sprite_16BPP_565_galileo_Data
                0x10002bf4                Sprite_16BPP_565_galileo

.text           0x00000000     0x98e0
 FILL mask 0xff
                0x00000000                __vectors_start__ = ABSOLUTE (.)
 *(.isr_vector)
 .isr_vector    0x00000000      0x124 ./source/startup/startup_LPC54608.o
                0x00000000                g_pfnVectors
                0x00000000                __Vectors
                0x00000124                . = ALIGN (0x4)
                0x00000124                __section_table_start = .
                0x00000124                __data_section_table = .
                0x00000124        0x4 LONG 0x98e0 LOADADDR (.data)
                0x00000128        0x4 LONG 0x20000000 ADDR (.data)
                0x0000012c        0x4 LONG 0x30 SIZEOF (.data)
                0x00000130        0x4 LONG 0x98e0 LOADADDR (.data_RAM2)
                0x00000134        0x4 LONG 0x4000000 ADDR (.data_RAM2)
                0x00000138        0x4 LONG 0x0 SIZEOF (.data_RAM2)
                0x0000013c        0x4 LONG 0x98e0 LOADADDR (.data_RAM3)
                0x00000140        0x4 LONG 0x40100000 ADDR (.data_RAM3)
                0x00000144        0x4 LONG 0x0 SIZEOF (.data_RAM3)
                0x00000148        0x4 LONG 0x98e0 LOADADDR (.data_RAM4)
                0x0000014c        0x4 LONG 0xa0000000 ADDR (.data_RAM4)
                0x00000150        0x4 LONG 0x0 SIZEOF (.data_RAM4)
                0x00000154                __data_section_table_end = .
                0x00000154                __bss_section_table = .
                0x00000154        0x4 LONG 0x20000200 ADDR (.bss)
                0x00000158        0x4 LONG 0x1df8 SIZEOF (.bss)
                0x0000015c        0x4 LONG 0x4000000 ADDR (.bss_RAM2)
                0x00000160        0x4 LONG 0x0 SIZEOF (.bss_RAM2)
                0x00000164        0x4 LONG 0x40100000 ADDR (.bss_RAM3)
                0x00000168        0x4 LONG 0x0 SIZEOF (.bss_RAM3)
                0x0000016c        0x4 LONG 0xa0000000 ADDR (.bss_RAM4)
                0x00000170        0x4 LONG 0x0 SIZEOF (.bss_RAM4)
                0x00000174                __bss_section_table_end = .
                0x00000174                __section_table_end = .
 *(.after_vectors*)
 .after_vectors
                0x00000174       0x28 ./source/startup/startup_LPC54608.o
                0x00000174                NMI_Handler
                0x00000178                HardFault_Handler
                0x0000017c                MemManage_Handler
                0x00000180                BusFault_Handler
                0x00000184                UsageFault_Handler
                0x00000188                SVC_Handler
                0x0000018c                DebugMon_Handler
                0x00000190                PendSV_Handler
                0x00000194                SysTick_Handler
                0x00000198                IntDefaultHandler
                0x00000198                USB0_DriverIRQHandler
                0x00000198                MRT0_DriverIRQHandler
                0x00000198                Reserved47_DriverIRQHandler
                0x00000198                ADC0_THCMP_DriverIRQHandler
                0x00000198                USB0_NEEDCLK_DriverIRQHandler
                0x00000198                ADC0_SEQB_DriverIRQHandler
                0x00000198                RIT_DriverIRQHandler
                0x00000198                ETHERNET_MACLP_DriverIRQHandler
                0x00000198                HWVAD0_DriverIRQHandler
                0x00000198                RTC_DriverIRQHandler
                0x00000198                LCD_DriverIRQHandler
                0x00000198                SPIFI0_DriverIRQHandler
                0x00000198                EEPROM_DriverIRQHandler
                0x00000198                ETHERNET_PMT_DriverIRQHandler
                0x00000198                USB1_DriverIRQHandler
                0x00000198                ADC0_SEQA_DriverIRQHandler
                0x00000198                USB1_NEEDCLK_DriverIRQHandler
                0x00000198                SMARTCARD0_DriverIRQHandler
                0x00000198                FLEXCOMM7_DriverIRQHandler
                0x00000198                SHA_DriverIRQHandler
                0x00000198                SMARTCARD1_DriverIRQHandler
                0x00000198                FLEXCOMM6_DriverIRQHandler
                0x00000198                Reserved46_DriverIRQHandler
                0x00000198                WDT_BOD_DriverIRQHandler
                0x00000198                SCT0_DriverIRQHandler
 .after_vectors.init_data
                0x0000019c       0x1c ./source/startup/startup_LPC54608.o
                0x0000019c                data_init
 .after_vectors.init_bss
                0x000001b8       0x14 ./source/startup/startup_LPC54608.o
                0x000001b8                bss_init
 .after_vectors.reset
                0x000001cc       0x58 ./source/startup/startup_LPC54608.o
                0x000001cc                ResetISR
 *(.text*)
 .text.DbgConsole_Init
                0x00000224       0x50 ./source/utilities/fsl_debug_console.o
                0x00000224                DbgConsole_Init
 .text.__sys_write
                0x00000274       0x24 ./source/utilities/fsl_debug_console.o
                0x00000274                __sys_write
 .text.WDT_BOD_IRQHandler
                0x00000298        0x8 ./source/startup/startup_LPC54608.o
                0x00000298                WDT_BOD_IRQHandler
 .text.DMA0_IRQHandler
                0x000002a0        0x8 ./source/startup/startup_LPC54608.o
                0x000002a0                DMA0_IRQHandler
 .text.GINT0_IRQHandler
                0x000002a8        0x8 ./source/startup/startup_LPC54608.o
                0x000002a8                GINT0_IRQHandler
 .text.GINT1_IRQHandler
                0x000002b0        0x8 ./source/startup/startup_LPC54608.o
                0x000002b0                GINT1_IRQHandler
 .text.PIN_INT0_IRQHandler
                0x000002b8        0x8 ./source/startup/startup_LPC54608.o
                0x000002b8                PIN_INT0_IRQHandler
 .text.PIN_INT1_IRQHandler
                0x000002c0        0x8 ./source/startup/startup_LPC54608.o
                0x000002c0                PIN_INT1_IRQHandler
 .text.PIN_INT2_IRQHandler
                0x000002c8        0x8 ./source/startup/startup_LPC54608.o
                0x000002c8                PIN_INT2_IRQHandler
 .text.PIN_INT3_IRQHandler
                0x000002d0        0x8 ./source/startup/startup_LPC54608.o
                0x000002d0                PIN_INT3_IRQHandler
 .text.UTICK0_IRQHandler
                0x000002d8        0x8 ./source/startup/startup_LPC54608.o
                0x000002d8                UTICK0_IRQHandler
 .text.MRT0_IRQHandler
                0x000002e0        0x8 ./source/startup/startup_LPC54608.o
                0x000002e0                MRT0_IRQHandler
 .text.CTIMER0_IRQHandler
                0x000002e8        0x8 ./source/startup/startup_LPC54608.o
                0x000002e8                CTIMER0_IRQHandler
 .text.CTIMER1_IRQHandler
                0x000002f0        0x8 ./source/startup/startup_LPC54608.o
                0x000002f0                CTIMER1_IRQHandler
 .text.CTIMER3_IRQHandler
                0x000002f8        0x8 ./source/startup/startup_LPC54608.o
                0x000002f8                CTIMER3_IRQHandler
 .text.FLEXCOMM0_IRQHandler
                0x00000300        0x8 ./source/startup/startup_LPC54608.o
                0x00000300                FLEXCOMM0_IRQHandler
 .text.FLEXCOMM1_IRQHandler
                0x00000308        0x8 ./source/startup/startup_LPC54608.o
                0x00000308                FLEXCOMM1_IRQHandler
 .text.FLEXCOMM2_IRQHandler
                0x00000310        0x8 ./source/startup/startup_LPC54608.o
                0x00000310                FLEXCOMM2_IRQHandler
 .text.FLEXCOMM3_IRQHandler
                0x00000318        0x8 ./source/startup/startup_LPC54608.o
                0x00000318                FLEXCOMM3_IRQHandler
 .text.FLEXCOMM4_IRQHandler
                0x00000320        0x8 ./source/startup/startup_LPC54608.o
                0x00000320                FLEXCOMM4_IRQHandler
 .text.FLEXCOMM5_IRQHandler
                0x00000328        0x8 ./source/startup/startup_LPC54608.o
                0x00000328                FLEXCOMM5_IRQHandler
 .text.FLEXCOMM6_IRQHandler
                0x00000330        0x8 ./source/startup/startup_LPC54608.o
                0x00000330                FLEXCOMM6_IRQHandler
 .text.FLEXCOMM7_IRQHandler
                0x00000338        0x8 ./source/startup/startup_LPC54608.o
                0x00000338                FLEXCOMM7_IRQHandler
 .text.ADC0_SEQA_IRQHandler
                0x00000340        0x8 ./source/startup/startup_LPC54608.o
                0x00000340                ADC0_SEQA_IRQHandler
 .text.ADC0_SEQB_IRQHandler
                0x00000348        0x8 ./source/startup/startup_LPC54608.o
                0x00000348                ADC0_SEQB_IRQHandler
 .text.ADC0_THCMP_IRQHandler
                0x00000350        0x8 ./source/startup/startup_LPC54608.o
                0x00000350                ADC0_THCMP_IRQHandler
 .text.USB0_NEEDCLK_IRQHandler
                0x00000358        0x8 ./source/startup/startup_LPC54608.o
                0x00000358                USB0_NEEDCLK_IRQHandler
 .text.USB0_IRQHandler
                0x00000360        0x8 ./source/startup/startup_LPC54608.o
                0x00000360                USB0_IRQHandler
 .text.RTC_IRQHandler
                0x00000368        0x8 ./source/startup/startup_LPC54608.o
                0x00000368                RTC_IRQHandler
 .text.Reserved46_IRQHandler
                0x00000370        0x8 ./source/startup/startup_LPC54608.o
                0x00000370                Reserved46_IRQHandler
 .text.Reserved47_IRQHandler
                0x00000378        0x8 ./source/startup/startup_LPC54608.o
                0x00000378                Reserved47_IRQHandler
 .text.PIN_INT4_IRQHandler
                0x00000380        0x8 ./source/startup/startup_LPC54608.o
                0x00000380                PIN_INT4_IRQHandler
 .text.PIN_INT5_IRQHandler
                0x00000388        0x8 ./source/startup/startup_LPC54608.o
                0x00000388                PIN_INT5_IRQHandler
 .text.PIN_INT6_IRQHandler
                0x00000390        0x8 ./source/startup/startup_LPC54608.o
                0x00000390                PIN_INT6_IRQHandler
 .text.PIN_INT7_IRQHandler
                0x00000398        0x8 ./source/startup/startup_LPC54608.o
                0x00000398                PIN_INT7_IRQHandler
 .text.CTIMER2_IRQHandler
                0x000003a0        0x8 ./source/startup/startup_LPC54608.o
                0x000003a0                CTIMER2_IRQHandler
 .text.CTIMER4_IRQHandler
                0x000003a8        0x8 ./source/startup/startup_LPC54608.o
                0x000003a8                CTIMER4_IRQHandler
 .text.RIT_IRQHandler
                0x000003b0        0x8 ./source/startup/startup_LPC54608.o
                0x000003b0                RIT_IRQHandler
 .text.SPIFI0_IRQHandler
                0x000003b8        0x8 ./source/startup/startup_LPC54608.o
                0x000003b8                SPIFI0_IRQHandler
 .text.FLEXCOMM8_IRQHandler
                0x000003c0        0x8 ./source/startup/startup_LPC54608.o
                0x000003c0                FLEXCOMM8_IRQHandler
 .text.FLEXCOMM9_IRQHandler
                0x000003c8        0x8 ./source/startup/startup_LPC54608.o
                0x000003c8                FLEXCOMM9_IRQHandler
 .text.SDIO_IRQHandler
                0x000003d0        0x8 ./source/startup/startup_LPC54608.o
                0x000003d0                SDIO_IRQHandler
 .text.CAN0_IRQ0_IRQHandler
                0x000003d8        0x8 ./source/startup/startup_LPC54608.o
                0x000003d8                CAN0_IRQ0_IRQHandler
 .text.CAN0_IRQ1_IRQHandler
                0x000003e0        0x8 ./source/startup/startup_LPC54608.o
                0x000003e0                CAN0_IRQ1_IRQHandler
 .text.CAN1_IRQ0_IRQHandler
                0x000003e8        0x8 ./source/startup/startup_LPC54608.o
                0x000003e8                CAN1_IRQ0_IRQHandler
 .text.CAN1_IRQ1_IRQHandler
                0x000003f0        0x8 ./source/startup/startup_LPC54608.o
                0x000003f0                CAN1_IRQ1_IRQHandler
 .text.USB1_IRQHandler
                0x000003f8        0x8 ./source/startup/startup_LPC54608.o
                0x000003f8                USB1_IRQHandler
 .text.USB1_NEEDCLK_IRQHandler
                0x00000400        0x8 ./source/startup/startup_LPC54608.o
                0x00000400                USB1_NEEDCLK_IRQHandler
 .text.ETHERNET_IRQHandler
                0x00000408        0x8 ./source/startup/startup_LPC54608.o
                0x00000408                ETHERNET_IRQHandler
 .text.ETHERNET_PMT_IRQHandler
                0x00000410        0x8 ./source/startup/startup_LPC54608.o
                0x00000410                ETHERNET_PMT_IRQHandler
 .text.ETHERNET_MACLP_IRQHandler
                0x00000418        0x8 ./source/startup/startup_LPC54608.o
                0x00000418                ETHERNET_MACLP_IRQHandler
 .text.EEPROM_IRQHandler
                0x00000420        0x8 ./source/startup/startup_LPC54608.o
                0x00000420                EEPROM_IRQHandler
 .text.SHA_IRQHandler
                0x00000428        0x8 ./source/startup/startup_LPC54608.o
                0x00000428                SHA_IRQHandler
 .text.SMARTCARD0_IRQHandler
                0x00000430        0x8 ./source/startup/startup_LPC54608.o
                0x00000430                SMARTCARD0_IRQHandler
 .text.SMARTCARD1_IRQHandler
                0x00000438        0x8 ./source/startup/startup_LPC54608.o
                0x00000438                SMARTCARD1_IRQHandler
 .text.BOARD_InitDebugConsole
                0x00000440       0x3c ./source/lpcxpresso54608/board.o
                0x00000440                BOARD_InitDebugConsole
 .text.BOARD_InitSDRAM
                0x0000047c       0x94 ./source/lpcxpresso54608/board.o
                0x0000047c                BOARD_InitSDRAM
 .text.BOARD_InitSPIFI_ExternalFlash
                0x00000510       0x8c ./source/lpcxpresso54608/board.o
                0x00000510                BOARD_InitSPIFI_ExternalFlash
 .text.BOARD_BootClockPLL180M
                0x0000059c       0x78 ./source/lpcxpresso54608/clock_config.o
                0x0000059c                BOARD_BootClockPLL180M
 .text.BOARD_InitPins
                0x00000614      0x20c ./source/lpcxpresso54608/pin_mux.o
                0x00000614                BOARD_InitPins
 .text.eGFX_ImagePlane_Clear_Callback
                0x00000820       0x10 ./source/eGFX/Drivers/eGFX_Driver_LPCXPresso_54608.o
                0x00000820                eGFX_ImagePlane_Clear_Callback
 .text.LCD_IRQHandler
                0x00000830       0x2c ./source/eGFX/Drivers/eGFX_Driver_LPCXPresso_54608.o
                0x00000830                LCD_IRQHandler
 .text.eGFX_InitDriver
                0x0000085c      0x12c ./source/eGFX/Drivers/eGFX_Driver_LPCXPresso_54608.o
                0x0000085c                eGFX_InitDriver
 .text.eGFX_Dump
                0x00000988       0x38 ./source/eGFX/Drivers/eGFX_Driver_LPCXPresso_54608.o
                0x00000988                eGFX_Dump
 .text.eGFX_DMA_16BPP_Blit
                0x000009c0      0x170 ./source/eGFX/Drivers/eGFX_Driver_LPCXPresso_54608.o
                0x000009c0                eGFX_DMA_16BPP_Blit
 .text.eGFX_ImagePlane_16BPP_ClearToColor
                0x00000b30      0x160 ./source/eGFX/Drivers/eGFX_Driver_LPCXPresso_54608.o
                0x00000b30                eGFX_ImagePlane_16BPP_ClearToColor
 .text.eGFX_BitStreamPut
                0x00000c90       0x30 ./source/eGFX/eGFX.o
                0x00000c90                eGFX_BitStreamPut
 .text.eGFX_BitStreamGet
                0x00000cc0       0x14 ./source/eGFX/eGFX.o
                0x00000cc0                eGFX_BitStreamGet
 .text.eGFX_PutPixel
                0x00000cd4      0x124 ./source/eGFX/eGFX.o
                0x00000cd4                eGFX_PutPixel
 .text.eGFX_GetPixel
                0x00000df8       0xec ./source/eGFX/eGFX.o
                0x00000df8                eGFX_GetPixel
 .text.eGFX_DrawLine
                0x00000ee4      0x1c8 ./source/eGFX/eGFX.o
                0x00000ee4                eGFX_DrawLine
 .text.eGFX_GetStringWidth
                0x000010ac       0x3c ./source/eGFX/eGFX.o
                0x000010ac                eGFX_GetStringWidth
 .text.eGFX_BlitColored
                0x000010e8       0x70 ./source/eGFX/eGFX.o
                0x000010e8                eGFX_BlitColored
 .text.eGFX_DrawCharacterColored
                0x00001158       0x48 ./source/eGFX/eGFX.o
                0x00001158                eGFX_DrawCharacterColored
 .text.eGFX_DrawStringColored
                0x000011a0       0x54 ./source/eGFX/eGFX.o
                0x000011a0                eGFX_DrawStringColored
 .text.eGFX_printf_Colored
                0x000011f4       0x4c ./source/eGFX/eGFX.o
                0x000011f4                eGFX_printf_Colored
 .text.eGFX_ImagePlaneInit
                0x00001240       0x14 ./source/eGFX/eGFX.o
                0x00001240                eGFX_ImagePlaneInit
 .text.CLOCK_AttachClk
                0x00001254       0x60 ./source/drivers/fsl_clock.o
                0x00001254                CLOCK_AttachClk
 .text.CLOCK_SetClkDiv
                0x000012b4       0x24 ./source/drivers/fsl_clock.o
                0x000012b4                CLOCK_SetClkDiv
 .text.CLOCK_GetClockOutClkFreq
                0x000012d8      0x160 ./source/drivers/fsl_clock.o
                0x000012d8                CLOCK_GetClockOutClkFreq
 .text.CLOCK_GetSpifiClkFreq
                0x00001438      0x13c ./source/drivers/fsl_clock.o
                0x00001438                CLOCK_GetSpifiClkFreq
 .text.CLOCK_GetFroHfFreq
                0x00001574       0x34 ./source/drivers/fsl_clock.o
                0x00001574                CLOCK_GetFroHfFreq
 .text.CLOCK_GetCoreSysClkFreq
                0x000015a8       0xe0 ./source/drivers/fsl_clock.o
                0x000015a8                CLOCK_GetCoreSysClkFreq
 .text.CLOCK_GetFlexCommClkFreq
                0x00001688       0xbc ./source/drivers/fsl_clock.o
                0x00001688                CLOCK_GetFlexCommClkFreq
 .text.CLOCK_GetFreq
                0x00001744      0x600 ./source/drivers/fsl_clock.o
                0x00001744                CLOCK_GetFreq
 .text.CLOCK_SetFLASHAccessCyclesForFreq
                0x00001d44      0x100 ./source/drivers/fsl_clock.o
                0x00001d44                CLOCK_SetFLASHAccessCyclesForFreq
 .text.CLOCK_SetPLLFreq
                0x00001e44       0xe4 ./source/drivers/fsl_clock.o
                0x00001e44                CLOCK_SetPLLFreq
 .text.CTIMER0_DriverIRQHandler
                0x00001f28       0x50 ./source/drivers/fsl_ctimer.o
                0x00001f28                CTIMER0_DriverIRQHandler
 .text.CTIMER1_DriverIRQHandler
                0x00001f78       0x50 ./source/drivers/fsl_ctimer.o
                0x00001f78                CTIMER1_DriverIRQHandler
 .text.CTIMER2_DriverIRQHandler
                0x00001fc8       0x50 ./source/drivers/fsl_ctimer.o
                0x00001fc8                CTIMER2_DriverIRQHandler
 .text.CTIMER3_DriverIRQHandler
                0x00002018       0x50 ./source/drivers/fsl_ctimer.o
                0x00002018                CTIMER3_DriverIRQHandler
 .text.CTIMER4_DriverIRQHandler
                0x00002068       0x50 ./source/drivers/fsl_ctimer.o
                0x00002068                CTIMER4_DriverIRQHandler
 .text.DMA_Init
                0x000020b8       0x20 ./source/drivers/fsl_dma.o
                0x000020b8                DMA_Init
 .text.DMA_CreateDescriptor
                0x000020d8      0x1c8 ./source/drivers/fsl_dma.o
                0x000020d8                DMA_CreateDescriptor
 .text.DMA_CreateHandle
                0x000022a0       0x50 ./source/drivers/fsl_dma.o
                0x000022a0                DMA_CreateHandle
 .text.DMA_SetCallback
                0x000022f0       0x14 ./source/drivers/fsl_dma.o
                0x000022f0                DMA_SetCallback
 .text.DMA_PrepareTransfer
                0x00002304       0xbc ./source/drivers/fsl_dma.o
                0x00002304                DMA_PrepareTransfer
 .text.DMA_SubmitTransfer
                0x000023c0      0x21c ./source/drivers/fsl_dma.o
                0x000023c0                DMA_SubmitTransfer
 .text.DMA_StartTransfer
                0x000025dc       0x58 ./source/drivers/fsl_dma.o
                0x000025dc                DMA_StartTransfer
 .text.DMA0_DriverIRQHandler
                0x00002634       0x7c ./source/drivers/fsl_dma.o
                0x00002634                DMA0_DriverIRQHandler
 .text.HWVAD0_IRQHandler
                0x000026b0       0x10 ./source/drivers/fsl_dmic.o
                0x000026b0                HWVAD0_IRQHandler
 .text.EMC_Init
                0x000026c0       0x54 ./source/drivers/fsl_emc.o
                0x000026c0                EMC_Init
 .text.EMC_DynamicMemInit
                0x00002714      0x714 ./source/drivers/fsl_emc.o
                0x00002714                EMC_DynamicMemInit
 .text.ETHERNET_DriverIRQHandler
                0x00002e28       0x18 ./source/drivers/fsl_enet.o
                0x00002e28                ETHERNET_DriverIRQHandler
 .text.FLEXCOMM_Init
                0x00002e40      0x114 ./source/drivers/fsl_flexcomm.o
                0x00002e40                FLEXCOMM_Init
 .text.FLEXCOMM0_DriverIRQHandler
                0x00002f54       0x28 ./source/drivers/fsl_flexcomm.o
                0x00002f54                FLEXCOMM0_DriverIRQHandler
 .text.FLEXCOMM1_DriverIRQHandler
                0x00002f7c       0x28 ./source/drivers/fsl_flexcomm.o
                0x00002f7c                FLEXCOMM1_DriverIRQHandler
 .text.FLEXCOMM2_DriverIRQHandler
                0x00002fa4       0x28 ./source/drivers/fsl_flexcomm.o
                0x00002fa4                FLEXCOMM2_DriverIRQHandler
 .text.FLEXCOMM3_DriverIRQHandler
                0x00002fcc       0x28 ./source/drivers/fsl_flexcomm.o
                0x00002fcc                FLEXCOMM3_DriverIRQHandler
 .text.FLEXCOMM4_DriverIRQHandler
                0x00002ff4       0x28 ./source/drivers/fsl_flexcomm.o
                0x00002ff4                FLEXCOMM4_DriverIRQHandler
 .text.FLEXCOMM5_DriverIRQHandler
                0x0000301c       0x28 ./source/drivers/fsl_flexcomm.o
                0x0000301c                FLEXCOMM5_DriverIRQHandler
 .text.FLEXCOMM8_DriverIRQHandler
                0x00003044       0x28 ./source/drivers/fsl_flexcomm.o
                0x00003044                FLEXCOMM8_DriverIRQHandler
 .text.FLEXCOMM9_DriverIRQHandler
                0x0000306c       0x28 ./source/drivers/fsl_flexcomm.o
                0x0000306c                FLEXCOMM9_DriverIRQHandler
 .text.GINT0_DriverIRQHandler
                0x00003094       0x1c ./source/drivers/fsl_gint.o
                0x00003094                GINT0_DriverIRQHandler
 .text.GINT1_DriverIRQHandler
                0x000030b0       0x1c ./source/drivers/fsl_gint.o
                0x000030b0                GINT1_DriverIRQHandler
 .text.LCDC_Init
                0x000030cc      0x20c ./source/drivers/fsl_lcdc.o
                0x000030cc                LCDC_Init
 .text.LCDC_GetDefaultConfig
                0x000032d8       0x34 ./source/drivers/fsl_lcdc.o
                0x000032d8                LCDC_GetDefaultConfig
 .text.LCDC_EnableInterrupts
                0x0000330c       0x20 ./source/drivers/fsl_lcdc.o
                0x0000330c                LCDC_EnableInterrupts
 .text.LCDC_GetEnabledInterruptsPendingStatus
                0x0000332c        0xc ./source/drivers/fsl_lcdc.o
                0x0000332c                LCDC_GetEnabledInterruptsPendingStatus
 .text.LCDC_ClearInterruptsStatus
                0x00003338       0x14 ./source/drivers/fsl_lcdc.o
                0x00003338                LCDC_ClearInterruptsStatus
 .text.CAN0_IRQ0_DriverIRQHandler
                0x0000334c       0x28 ./source/drivers/fsl_mcan.o
                0x0000334c                CAN0_IRQ0_DriverIRQHandler
 .text.CAN0_IRQ1_DriverIRQHandler
                0x00003374       0x28 ./source/drivers/fsl_mcan.o
                0x00003374                CAN0_IRQ1_DriverIRQHandler
 .text.CAN1_IRQ0_DriverIRQHandler
                0x0000339c       0x28 ./source/drivers/fsl_mcan.o
                0x0000339c                CAN1_IRQ0_DriverIRQHandler
 .text.CAN1_IRQ1_DriverIRQHandler
                0x000033c4       0x28 ./source/drivers/fsl_mcan.o
                0x000033c4                CAN1_IRQ1_DriverIRQHandler
 .text.PIN_INT0_DriverIRQHandler
                0x000033ec       0x28 ./source/drivers/fsl_pint.o
                0x000033ec                PIN_INT0_DriverIRQHandler
 .text.PIN_INT1_DriverIRQHandler
                0x00003414       0x28 ./source/drivers/fsl_pint.o
                0x00003414                PIN_INT1_DriverIRQHandler
 .text.PIN_INT2_DriverIRQHandler
                0x0000343c       0x28 ./source/drivers/fsl_pint.o
                0x0000343c                PIN_INT2_DriverIRQHandler
 .text.PIN_INT3_DriverIRQHandler
                0x00003464       0x28 ./source/drivers/fsl_pint.o
                0x00003464                PIN_INT3_DriverIRQHandler
 .text.PIN_INT4_DriverIRQHandler
                0x0000348c       0x28 ./source/drivers/fsl_pint.o
                0x0000348c                PIN_INT4_DriverIRQHandler
 .text.PIN_INT5_DriverIRQHandler
                0x000034b4       0x28 ./source/drivers/fsl_pint.o
                0x000034b4                PIN_INT5_DriverIRQHandler
 .text.PIN_INT6_DriverIRQHandler
                0x000034dc       0x28 ./source/drivers/fsl_pint.o
                0x000034dc                PIN_INT6_DriverIRQHandler
 .text.PIN_INT7_DriverIRQHandler
                0x00003504       0x28 ./source/drivers/fsl_pint.o
                0x00003504                PIN_INT7_DriverIRQHandler
 .text.RESET_PeripheralReset
                0x0000352c       0x60 ./source/drivers/fsl_reset.o
                0x0000352c                RESET_PeripheralReset
 .text.SCTIMER_EventHandleIRQ
                0x0000358c       0x40 ./source/drivers/fsl_sctimer.o
                0x0000358c                SCTIMER_EventHandleIRQ
 .text.SCTIMER_Init
                0x000035cc       0xcc ./source/drivers/fsl_sctimer.o
                0x000035cc                SCTIMER_Init
 .text.SCTIMER_GetDefaultConfig
                0x00003698       0x24 ./source/drivers/fsl_sctimer.o
                0x00003698                SCTIMER_GetDefaultConfig
 .text.SCTIMER_SetupPwm
                0x000036bc      0x214 ./source/drivers/fsl_sctimer.o
                0x000036bc                SCTIMER_SetupPwm
 .text.SCT0_IRQHandler
                0x000038d0       0x10 ./source/drivers/fsl_sctimer.o
                0x000038d0                SCT0_IRQHandler
 .text.SDIO_DriverIRQHandler
                0x000038e0       0x28 ./source/drivers/fsl_sdif.o
                0x000038e0                SDIO_DriverIRQHandler
 .text.SPIFI_GetDefaultConfig
                0x00003908       0x24 ./source/drivers/fsl_spifi.o
                0x00003908                SPIFI_GetDefaultConfig
 .text.SPIFI_Init
                0x0000392c       0x8c ./source/drivers/fsl_spifi.o
                0x0000392c                SPIFI_Init
 .text.SPIFI_SetCommand
                0x000039b8       0x54 ./source/drivers/fsl_spifi.o
                0x000039b8                SPIFI_SetCommand
 .text.SPIFI_SetMemoryCommand
                0x00003a0c       0x30 ./source/drivers/fsl_spifi.o
                0x00003a0c                SPIFI_SetMemoryCommand
 .text.USART_Init
                0x00003a3c      0x29c ./source/drivers/fsl_usart.o
                0x00003a3c                USART_Init
 .text.USART_GetDefaultConfig
                0x00003cd8       0x2c ./source/drivers/fsl_usart.o
                0x00003cd8                USART_GetDefaultConfig
 .text.USART_WriteBlocking
                0x00003d04       0x38 ./source/drivers/fsl_usart.o
                0x00003d04                USART_WriteBlocking
 .text.USART_ReadBlocking
                0x00003d3c       0x9c ./source/drivers/fsl_usart.o
                0x00003d3c                USART_ReadBlocking
 .text.UTICK0_DriverIRQHandler
                0x00003dd8       0x18 ./source/drivers/fsl_utick.o
                0x00003dd8                UTICK0_DriverIRQHandler
 .text.SystemInit
                0x00003df0       0x30 ./source/CMSIS/system_LPC54608.o
                0x00003df0                SystemInit
 .text.Init_DMIC
                0x00003e20       0x84 ./source/Audio/Audio.o
                0x00003e20                Init_DMIC
 .text.DMIC0_IRQHandler
                0x00003ea4       0x64 ./source/main.o
                0x00003ea4                DMIC0_IRQHandler
 .text.startup.main
                0x00003f08      0x1a4 ./source/main.o
                0x00003f08                main
 .text.POWER_SetVoltageForFreq
                0x000040ac       0x34 C:\Users\Eli Hughes\Desktop\FIT2017_LPC54628\SRC\Demo 2 - Digital Mic Visualizer\libs\libfsl_power_lib.a(fsl_power_lib.o)
                0x000040ac                POWER_SetVoltageForFreq
 .text.POWER_SetPLL
                0x000040e0       0x1c C:\Users\Eli Hughes\Desktop\FIT2017_LPC54628\SRC\Demo 2 - Digital Mic Visualizer\libs\libfsl_power_lib.a(fsl_power_lib.o)
                0x000040e0                POWER_SetPLL
 .text.__main   0x000040fc        0xe c:/nxp/mcuxpressoide_10.0.2_411/ide/tools/bin/../lib/gcc/arm-none-eabi/5.4.1/../../../../arm-none-eabi/lib/armv7e-m/fpu\libcr_nohost_nf.a(_cr__main.o)
                0x000040fc                __main
 *fill*         0x0000410a        0x2 ff
 .text.__assertion_failed
                0x0000410c       0x4c c:/nxp/mcuxpressoide_10.0.2_411/ide/tools/bin/../lib/gcc/arm-none-eabi/5.4.1/../../../../arm-none-eabi/lib/armv7e-m/fpu\libcr_nohost_nf.a(_cr_assert.o)
                0x0000410c                __assertion_failed
 .text.__sys_appexit
                0x00004158        0x2 c:/nxp/mcuxpressoide_10.0.2_411/ide/tools/bin/../lib/gcc/arm-none-eabi/5.4.1/../../../../arm-none-eabi/lib/armv7e-m/fpu\libcr_nohost_nf.a(__sys_appexit.o)
                0x00004158                __sys_appexit
                0x00004158                __exit
 .text.memcpy   0x0000415a        0x4 c:/nxp/mcuxpressoide_10.0.2_411/ide/tools/bin/../lib/gcc/arm-none-eabi/5.4.1/../../../../arm-none-eabi/lib/armv7e-m/fpu\libcr_c.a(memcpy.o)
                0x0000415a                memcpy
 .text.memset   0x0000415e        0x4 c:/nxp/mcuxpressoide_10.0.2_411/ide/tools/bin/../lib/gcc/arm-none-eabi/5.4.1/../../../../arm-none-eabi/lib/armv7e-m/fpu\libcr_c.a(memset.o)
                0x0000415e                memset
 .text._deferredlazyseek
                0x00004162       0x40 c:/nxp/mcuxpressoide_10.0.2_411/ide/tools/bin/../lib/gcc/arm-none-eabi/5.4.1/../../../../arm-none-eabi/lib/armv7e-m/fpu\libcr_c.a(_deferredlazyseek.o)
                0x00004162                _deferredlazyseek
 .text.__flsbuf
                0x000041a2      0x13e c:/nxp/mcuxpressoide_10.0.2_411/ide/tools/bin/../lib/gcc/arm-none-eabi/5.4.1/../../../../arm-none-eabi/lib/armv7e-m/fpu\libcr_c.a(_deferredlazyseek.o)
                0x000041a2                __flsbuf
 .text._fflush  0x000042e0       0x54 c:/nxp/mcuxpressoide_10.0.2_411/ide/tools/bin/../lib/gcc/arm-none-eabi/5.4.1/../../../../arm-none-eabi/lib/armv7e-m/fpu\libcr_c.a(_fflush.o)
                0x000042e0                _fflush
 .text._Cwritebuf
                0x00004334       0x68 c:/nxp/mcuxpressoide_10.0.2_411/ide/tools/bin/../lib/gcc/arm-none-eabi/5.4.1/../../../../arm-none-eabi/lib/armv7e-m/fpu\libcr_c.a(_writebuf.o)
                0x00004334                _Cwritebuf
 .text.malloc   0x0000439c       0xc8 c:/nxp/mcuxpressoide_10.0.2_411/ide/tools/bin/../lib/gcc/arm-none-eabi/5.4.1/../../../../arm-none-eabi/lib/armv7e-m/fpu\libcr_c.a(alloc.o)
                0x0000439c                malloc
 .text.free     0x00004464       0x30 c:/nxp/mcuxpressoide_10.0.2_411/ide/tools/bin/../lib/gcc/arm-none-eabi/5.4.1/../../../../arm-none-eabi/lib/armv7e-m/fpu\libcr_c.a(alloc.o)
                0x00004464                free
 .text._Csys_alloc
                0x00004494       0x20 c:/nxp/mcuxpressoide_10.0.2_411/ide/tools/bin/../lib/gcc/arm-none-eabi/5.4.1/../../../../arm-none-eabi/lib/armv7e-m/fpu\libcr_c.a(alloc.o)
                0x00004494                _Csys_alloc
 .text.fp_round
                0x000044b4       0x4e c:/nxp/mcuxpressoide_10.0.2_411/ide/tools/bin/../lib/gcc/arm-none-eabi/5.4.1/../../../../arm-none-eabi/lib/armv7e-m/fpu\libcr_c.a(fpprintf.o)
 .text.pr_dec.constprop.1
                0x00004502       0x26 c:/nxp/mcuxpressoide_10.0.2_411/ide/tools/bin/../lib/gcc/arm-none-eabi/5.4.1/../../../../arm-none-eabi/lib/armv7e-m/fpu\libcr_c.a(fpprintf.o)
 .text.sprintf  0x00004528       0x6c c:/nxp/mcuxpressoide_10.0.2_411/ide/tools/bin/../lib/gcc/arm-none-eabi/5.4.1/../../../../arm-none-eabi/lib/armv7e-m/fpu\libcr_c.a(fpprintf.o)
                0x00004528                sprintf
 *fill*         0x00004594        0x4 ff
 .text.fp_display
                0x00004598      0x900 c:/nxp/mcuxpressoide_10.0.2_411/ide/tools/bin/../lib/gcc/arm-none-eabi/5.4.1/../../../../arm-none-eabi/lib/armv7e-m/fpu\libcr_c.a(fpprintf.o)
 .text.vsnprintf
                0x00004e98       0x5c c:/nxp/mcuxpressoide_10.0.2_411/ide/tools/bin/../lib/gcc/arm-none-eabi/5.4.1/../../../../arm-none-eabi/lib/armv7e-m/fpu\libcr_c.a(fpprintf.o)
                0x00004e98                vsnprintf
 .text.printf   0x00004ef4       0x54 c:/nxp/mcuxpressoide_10.0.2_411/ide/tools/bin/../lib/gcc/arm-none-eabi/5.4.1/../../../../arm-none-eabi/lib/armv7e-m/fpu\libcr_c.a(fpprintf.o)
                0x00004ef4                printf
 .text.fputs    0x00004f48       0x2c c:/nxp/mcuxpressoide_10.0.2_411/ide/tools/bin/../lib/gcc/arm-none-eabi/5.4.1/../../../../arm-none-eabi/lib/armv7e-m/fpu\libcr_c.a(fputs.o)
                0x00004f48                fputs
 .text.fseek    0x00004f74      0x100 c:/nxp/mcuxpressoide_10.0.2_411/ide/tools/bin/../lib/gcc/arm-none-eabi/5.4.1/../../../../arm-none-eabi/lib/armv7e-m/fpu\libcr_c.a(fseek.o)
                0x00004f74                fseek
 .text.ftell    0x00005074       0x48 c:/nxp/mcuxpressoide_10.0.2_411/ide/tools/bin/../lib/gcc/arm-none-eabi/5.4.1/../../../../arm-none-eabi/lib/armv7e-m/fpu\libcr_c.a(ftell.o)
                0x00005074                ftell
 .text._initio  0x000050bc       0x78 c:/nxp/mcuxpressoide_10.0.2_411/ide/tools/bin/../lib/gcc/arm-none-eabi/5.4.1/../../../../arm-none-eabi/lib/armv7e-m/fpu\libcr_c.a(initio.o)
                0x000050bc                _initio
 .text.__vfprintf
                0x00005134      0xd48 c:/nxp/mcuxpressoide_10.0.2_411/ide/tools/bin/../lib/gcc/arm-none-eabi/5.4.1/../../../../arm-none-eabi/lib/armv7e-m/fpu\libcr_c.a(printf.o)
                0x00005134                __vfprintf
 .text.setvbuf  0x00005e7c       0x44 c:/nxp/mcuxpressoide_10.0.2_411/ide/tools/bin/../lib/gcc/arm-none-eabi/5.4.1/../../../../arm-none-eabi/lib/armv7e-m/fpu\libcr_c.a(setvbuf.o)
                0x00005e7c                setvbuf
 .text.strlen   0x00005ec0       0x4a c:/nxp/mcuxpressoide_10.0.2_411/ide/tools/bin/../lib/gcc/arm-none-eabi/5.4.1/../../../../arm-none-eabi/lib/armv7e-m/fpu\libcr_c.a(strlen.o)
                0x00005ec0                strlen
 *fill*         0x00005f0a        0x2 ff
 .text._sbrk    0x00005f0c       0x40 c:/nxp/mcuxpressoide_10.0.2_411/ide/tools/bin/../lib/gcc/arm-none-eabi/5.4.1/../../../../arm-none-eabi/lib/armv7e-m/fpu\libcr_c.a(_cr_sbrk.o)
                0x00005f0c                _sbrk
 .text._fdopen  0x00005f4c       0x6a c:/nxp/mcuxpressoide_10.0.2_411/ide/tools/bin/../lib/gcc/arm-none-eabi/5.4.1/../../../../arm-none-eabi/lib/armv7e-m/fpu\libcr_c.a(_fdopen.o)
                0x00005f4c                _fdopen
 *fill*         0x00005fb6        0x2 ff
 .text._frexpl  0x00005fb8       0x70 c:/nxp/mcuxpressoide_10.0.2_411/ide/tools/bin/../lib/gcc/arm-none-eabi/5.4.1/../../../../arm-none-eabi/lib/armv7e-m/fpu\libcr_c.a(_frexpl.o)
                0x00005fb8                _frexpl
 .text._ldexpl  0x00006028       0x60 c:/nxp/mcuxpressoide_10.0.2_411/ide/tools/bin/../lib/gcc/arm-none-eabi/5.4.1/../../../../arm-none-eabi/lib/armv7e-m/fpu\libcr_c.a(_ldexpl.o)
                0x00006028                _ldexpl
 .text.fclose   0x00006088       0x58 c:/nxp/mcuxpressoide_10.0.2_411/ide/tools/bin/../lib/gcc/arm-none-eabi/5.4.1/../../../../arm-none-eabi/lib/armv7e-m/fpu\libcr_c.a(fclose.o)
                0x00006088                fclose
 .text.fflush   0x000060e0       0x48 c:/nxp/mcuxpressoide_10.0.2_411/ide/tools/bin/../lib/gcc/arm-none-eabi/5.4.1/../../../../arm-none-eabi/lib/armv7e-m/fpu\libcr_c.a(fflush.o)
                0x000060e0                fflush
 .text.remove   0x00006128       0x14 c:/nxp/mcuxpressoide_10.0.2_411/ide/tools/bin/../lib/gcc/arm-none-eabi/5.4.1/../../../../arm-none-eabi/lib/armv7e-m/fpu\libcr_c.a(remove.o)
                0x00006128                remove
 .text.__check_heap_overflow
                0x0000613c       0x18 c:/nxp/mcuxpressoide_10.0.2_411/ide/tools/bin/../lib/gcc/arm-none-eabi/5.4.1/../../../../arm-none-eabi/lib/armv7e-m/fpu\libcr_c.a(_cr_check_heap.o)
                0x0000613c                __check_heap_overflow
 .text._do_fflush
                0x00006154       0x42 c:/nxp/mcuxpressoide_10.0.2_411/ide/tools/bin/../lib/gcc/arm-none-eabi/5.4.1/../../../../arm-none-eabi/lib/armv7e-m/fpu\libcr_c.a(_do_fflush.o)
                0x00006154                _do_fflush
 *fill*         0x00006196        0x2 ff
 .text.__aeabi_dmul
                0x00006198      0x110 c:/nxp/mcuxpressoide_10.0.2_411/ide/tools/bin/../lib/gcc/arm-none-eabi/5.4.1/armv7e-m/fpu\libcr_eabihelpers.a(double.o)
                0x00006198                __aeabi_dmul
 .text.__aeabi_ddiv
                0x000062a8      0x13c c:/nxp/mcuxpressoide_10.0.2_411/ide/tools/bin/../lib/gcc/arm-none-eabi/5.4.1/armv7e-m/fpu\libcr_eabihelpers.a(double.o)
                0x000062a8                __aeabi_ddiv
 .text.__aeabi_dsub
                0x000063e4      0x1b4 c:/nxp/mcuxpressoide_10.0.2_411/ide/tools/bin/../lib/gcc/arm-none-eabi/5.4.1/armv7e-m/fpu\libcr_eabihelpers.a(double.o)
                0x000063e4                __aeabi_dsub
 .text.__aeabi_dadd
                0x00006598      0x114 c:/nxp/mcuxpressoide_10.0.2_411/ide/tools/bin/../lib/gcc/arm-none-eabi/5.4.1/armv7e-m/fpu\libcr_eabihelpers.a(double.o)
                0x00006598                __aeabi_dadd
 .text.__aeabi_d2iz
                0x000066ac       0x40 c:/nxp/mcuxpressoide_10.0.2_411/ide/tools/bin/../lib/gcc/arm-none-eabi/5.4.1/armv7e-m/fpu\libcr_eabihelpers.a(double.o)
                0x000066ac                __aeabi_d2iz
 .text.__bhs_ui2d
                0x000066ec       0x46 c:/nxp/mcuxpressoide_10.0.2_411/ide/tools/bin/../lib/gcc/arm-none-eabi/5.4.1/armv7e-m/fpu\libcr_eabihelpers.a(double.o)
                0x000066ec                __bhs_ui2d
 .text.__aeabi_i2d
                0x00006732       0x10 c:/nxp/mcuxpressoide_10.0.2_411/ide/tools/bin/../lib/gcc/arm-none-eabi/5.4.1/armv7e-m/fpu\libcr_eabihelpers.a(double.o)
                0x00006732                __aeabi_i2d
 .text.__aeabi_dcmpeq
                0x00006742       0x30 c:/nxp/mcuxpressoide_10.0.2_411/ide/tools/bin/../lib/gcc/arm-none-eabi/5.4.1/armv7e-m/fpu\libcr_eabihelpers.a(double.o)
                0x00006742                __aeabi_dcmpeq
 .text.__aeabi_dcmplt
                0x00006772       0x58 c:/nxp/mcuxpressoide_10.0.2_411/ide/tools/bin/../lib/gcc/arm-none-eabi/5.4.1/armv7e-m/fpu\libcr_eabihelpers.a(double.o)
                0x00006772                __aeabi_dcmplt
 .text.__aeabi_dcmple
                0x000067ca       0x54 c:/nxp/mcuxpressoide_10.0.2_411/ide/tools/bin/../lib/gcc/arm-none-eabi/5.4.1/armv7e-m/fpu\libcr_eabihelpers.a(double.o)
                0x000067ca                __aeabi_dcmple
 .text.__aeabi_dcmpge
                0x0000681e       0x54 c:/nxp/mcuxpressoide_10.0.2_411/ide/tools/bin/../lib/gcc/arm-none-eabi/5.4.1/armv7e-m/fpu\libcr_eabihelpers.a(double.o)
                0x0000681e                __aeabi_dcmpge
 *fill*         0x00006872        0x2 ff
 .text.__aeabi_f2d
                0x00006874       0x38 c:/nxp/mcuxpressoide_10.0.2_411/ide/tools/bin/../lib/gcc/arm-none-eabi/5.4.1/armv7e-m/fpu\libcr_eabihelpers.a(float.o)
                0x00006874                __aeabi_f2d
 .text.__aeabi_memcpy
                0x000068ac       0x34 c:/nxp/mcuxpressoide_10.0.2_411/ide/tools/bin/../lib/gcc/arm-none-eabi/5.4.1/armv7e-m/fpu\libcr_eabihelpers.a(memcpy.o)
                0x000068ac                __aeabi_memcpy
                0x000068b6                __aeabi_memcpy8
                0x000068b6                __aeabi_memcpy4
 .text.__aeabi_memset_lowlevel
                0x000068e0       0x32 c:/nxp/mcuxpressoide_10.0.2_411/ide/tools/bin/../lib/gcc/arm-none-eabi/5.4.1/armv7e-m/fpu\libcr_eabihelpers.a(memcpy.o)
                0x000068e0                __aeabi_lowlevel_memset
 .text.__sys_close
                0x00006912        0x6 c:/nxp/mcuxpressoide_10.0.2_411/ide/tools/bin/../lib/gcc/arm-none-eabi/5.4.1/../../../../arm-none-eabi/lib/armv7e-m/fpu\libcr_nohost_nf.a(__sys_close.o)
                0x00006912                __sys_close
 .text.__sys_flen
                0x00006918        0x6 c:/nxp/mcuxpressoide_10.0.2_411/ide/tools/bin/../lib/gcc/arm-none-eabi/5.4.1/../../../../arm-none-eabi/lib/armv7e-m/fpu\libcr_nohost_nf.a(__sys_flen.o)
                0x00006918                __sys_flen
 .text.__sys_istty
                0x0000691e        0x6 c:/nxp/mcuxpressoide_10.0.2_411/ide/tools/bin/../lib/gcc/arm-none-eabi/5.4.1/../../../../arm-none-eabi/lib/armv7e-m/fpu\libcr_nohost_nf.a(__sys_istty.o)
                0x0000691e                __sys_istty
 .text.__sys_remove
                0x00006924        0x6 c:/nxp/mcuxpressoide_10.0.2_411/ide/tools/bin/../lib/gcc/arm-none-eabi/5.4.1/../../../../arm-none-eabi/lib/armv7e-m/fpu\libcr_nohost_nf.a(__sys_remove.o)
                0x00006924                __sys_remove
 .text.__sys_seek
                0x0000692a        0x6 c:/nxp/mcuxpressoide_10.0.2_411/ide/tools/bin/../lib/gcc/arm-none-eabi/5.4.1/../../../../arm-none-eabi/lib/armv7e-m/fpu\libcr_nohost_nf.a(__sys_seek.o)
                0x0000692a                __sys_seek
 .text.__sys_tmpnam
                0x00006930        0x6 c:/nxp/mcuxpressoide_10.0.2_411/ide/tools/bin/../lib/gcc/arm-none-eabi/5.4.1/../../../../arm-none-eabi/lib/armv7e-m/fpu\libcr_nohost_nf.a(__sys_tmpnam.o)
                0x00006930                __sys_tmpnam
 *(.rodata .rodata.* .constdata .constdata.*)
 *fill*         0x00006936        0x2 ff
 .rodata.str1.4
                0x00006938       0x41 ./source/lpcxpresso54608/board.o
 *fill*         0x00006979        0x3 ff
 .rodata.OCR_A_Extended__20px__Bold__SingleBitPerPixelGridFit_1BPP_FontElement_lc_r
                0x0000697c        0xc ./source/eGFX/Fonts/OCR_A_Extended__20px__Bold__SingleBitPerPixelGridFit_1BPP/OCR_A_Extended__20px__Bold__SingleBitPerPixelGridFit_1BPP.o
                0x0000697c                OCR_A_Extended__20px__Bold__SingleBitPerPixelGridFit_1BPP_FontElement_lc_r
 .rodata.OCR_A_Extended__20px__Bold__SingleBitPerPixelGridFit_1BPP_FontElement_left_curly_brace
                0x00006988        0xc ./source/eGFX/Fonts/OCR_A_Extended__20px__Bold__SingleBitPerPixelGridFit_1BPP/OCR_A_Extended__20px__Bold__SingleBitPerPixelGridFit_1BPP.o
                0x00006988                OCR_A_Extended__20px__Bold__SingleBitPerPixelGridFit_1BPP_FontElement_left_curly_brace
 .rodata.OCR_A_Extended__20px__Bold__SingleBitPerPixelGridFit_1BPP_FontElement_plus_Data
                0x00006994       0x14 ./source/eGFX/Fonts/OCR_A_Extended__20px__Bold__SingleBitPerPixelGridFit_1BPP/OCR_A_Extended__20px__Bold__SingleBitPerPixelGridFit_1BPP.o
                0x00006994                OCR_A_Extended__20px__Bold__SingleBitPerPixelGridFit_1BPP_FontElement_plus_Data
 .rodata.OCR_A_Extended__20px__Bold__SingleBitPerPixelGridFit_1BPP_FontElement_lc_u
                0x000069a8        0xc ./source/eGFX/Fonts/OCR_A_Extended__20px__Bold__SingleBitPerPixelGridFit_1BPP/OCR_A_Extended__20px__Bold__SingleBitPerPixelGridFit_1BPP.o
                0x000069a8                OCR_A_Extended__20px__Bold__SingleBitPerPixelGridFit_1BPP_FontElement_lc_u
 .rodata.OCR_A_Extended__20px__Bold__SingleBitPerPixelGridFit_1BPP_FontElement_plus
                0x000069b4        0xc ./source/eGFX/Fonts/OCR_A_Extended__20px__Bold__SingleBitPerPixelGridFit_1BPP/OCR_A_Extended__20px__Bold__SingleBitPerPixelGridFit_1BPP.o
                0x000069b4                OCR_A_Extended__20px__Bold__SingleBitPerPixelGridFit_1BPP_FontElement_plus
 .rodata.OCR_A_Extended__20px__Bold__SingleBitPerPixelGridFit_1BPP_FontElement_lc_v
                0x000069c0        0xc ./source/eGFX/Fonts/OCR_A_Extended__20px__Bold__SingleBitPerPixelGridFit_1BPP/OCR_A_Extended__20px__Bold__SingleBitPerPixelGridFit_1BPP.o
                0x000069c0                OCR_A_Extended__20px__Bold__SingleBitPerPixelGridFit_1BPP_FontElement_lc_v
 .rodata.OCR_A_Extended__20px__Bold__SingleBitPerPixelGridFit_1BPP_FontElement_3_Data
                0x000069cc       0x28 ./source/eGFX/Fonts/OCR_A_Extended__20px__Bold__SingleBitPerPixelGridFit_1BPP/OCR_A_Extended__20px__Bold__SingleBitPerPixelGridFit_1BPP.o
                0x000069cc                OCR_A_Extended__20px__Bold__SingleBitPerPixelGridFit_1BPP_FontElement_3_Data
 .rodata.OCR_A_Extended__20px__Bold__SingleBitPerPixelGridFit_1BPP_FontElement_at_Data
                0x000069f4       0x14 ./source/eGFX/Fonts/OCR_A_Extended__20px__Bold__SingleBitPerPixelGridFit_1BPP/OCR_A_Extended__20px__Bold__SingleBitPerPixelGridFit_1BPP.o
                0x000069f4                OCR_A_Extended__20px__Bold__SingleBitPerPixelGridFit_1BPP_FontElement_at_Data
 .rodata.OCR_A_Extended__20px__Bold__SingleBitPerPixelGridFit_1BPP_FontElement_backslash_Data
                0x00006a08       0x14 ./source/eGFX/Fonts/OCR_A_Extended__20px__Bold__SingleBitPerPixelGridFit_1BPP/OCR_A_Extended__20px__Bold__SingleBitPerPixelGridFit_1BPP.o
                0x00006a08                OCR_A_Extended__20px__Bold__SingleBitPerPixelGridFit_1BPP_FontElement_backslash_Data
 .rodata.OCR_A_Extended__20px__Bold__SingleBitPerPixelGridFit_1BPP_FontElement_lc_z
                0x00006a1c        0xc ./source/eGFX/Fonts/OCR_A_Extended__20px__Bold__SingleBitPerPixelGridFit_1BPP/OCR_A_Extended__20px__Bold__SingleBitPerPixelGridFit_1BPP.o
                0x00006a1c                OCR_A_Extended__20px__Bold__SingleBitPerPixelGridFit_1BPP_FontElement_lc_z
 .rodata.OCR_A_Extended__20px__Bold__SingleBitPerPixelGridFit_1BPP_FontElement_dash
                0x00006a28        0xc ./source/eGFX/Fonts/OCR_A_Extended__20px__Bold__SingleBitPerPixelGridFit_1BPP/OCR_A_Extended__20px__Bold__SingleBitPerPixelGridFit_1BPP.o
                0x00006a28                OCR_A_Extended__20px__Bold__SingleBitPerPixelGridFit_1BPP_FontElement_dash
 .rodata.OCR_A_Extended__20px__Bold__SingleBitPerPixelGridFit_1BPP_FontElement_tilde_Data
                0x00006a34       0x28 ./source/eGFX/Fonts/OCR_A_Extended__20px__Bold__SingleBitPerPixelGridFit_1BPP/OCR_A_Extended__20px__Bold__SingleBitPerPixelGridFit_1BPP.o
                0x00006a34                OCR_A_Extended__20px__Bold__SingleBitPerPixelGridFit_1BPP_FontElement_tilde_Data
 .rodata.OCR_A_Extended__20px__Bold__SingleBitPerPixelGridFit_1BPP_FontElement_underscore_Data
                0x00006a5c       0x28 ./source/eGFX/Fonts/OCR_A_Extended__20px__Bold__SingleBitPerPixelGridFit_1BPP/OCR_A_Extended__20px__Bold__SingleBitPerPixelGridFit_1BPP.o
                0x00006a5c                OCR_A_Extended__20px__Bold__SingleBitPerPixelGridFit_1BPP_FontElement_underscore_Data
 .rodata.OCR_A_Extended__20px__Bold__SingleBitPerPixelGridFit_1BPP_FontElement_right_curly_brace
                0x00006a84        0xc ./source/eGFX/Fonts/OCR_A_Extended__20px__Bold__SingleBitPerPixelGridFit_1BPP/OCR_A_Extended__20px__Bold__SingleBitPerPixelGridFit_1BPP.o
                0x00006a84                OCR_A_Extended__20px__Bold__SingleBitPerPixelGridFit_1BPP_FontElement_right_curly_brace
 .rodata.OCR_A_Extended__20px__Bold__SingleBitPerPixelGridFit_1BPP_FontElement_uc_H_Data
                0x00006a90       0x14 ./source/eGFX/Fonts/OCR_A_Extended__20px__Bold__SingleBitPerPixelGridFit_1BPP/OCR_A_Extended__20px__Bold__SingleBitPerPixelGridFit_1BPP.o
                0x00006a90                OCR_A_Extended__20px__Bold__SingleBitPerPixelGridFit_1BPP_FontElement_uc_H_Data
 .rodata.OCR_A_Extended__20px__Bold__SingleBitPerPixelGridFit_1BPP_FontElement_slanted_single_quote
                0x00006aa4        0xc ./source/eGFX/Fonts/OCR_A_Extended__20px__Bold__SingleBitPerPixelGridFit_1BPP/OCR_A_Extended__20px__Bold__SingleBitPerPixelGridFit_1BPP.o
                0x00006aa4                OCR_A_Extended__20px__Bold__SingleBitPerPixelGridFit_1BPP_FontElement_slanted_single_quote
 .rodata.OCR_A_Extended__20px__Bold__SingleBitPerPixelGridFit_1BPP_FontElement_uc_Q_Data
                0x00006ab0       0x14 ./source/eGFX/Fonts/OCR_A_Extended__20px__Bold__SingleBitPerPixelGridFit_1BPP/OCR_A_Extended__20px__Bold__SingleBitPerPixelGridFit_1BPP.o
                0x00006ab0                OCR_A_Extended__20px__Bold__SingleBitPerPixelGridFit_1BPP_FontElement_uc_Q_Data
 .rodata.OCR_A_Extended__20px__Bold__SingleBitPerPixelGridFit_1BPP_FontElement_uc_Z_Data
                0x00006ac4       0x14 ./source/eGFX/Fonts/OCR_A_Extended__20px__Bold__SingleBitPerPixelGridFit_1BPP/OCR_A_Extended__20px__Bold__SingleBitPerPixelGridFit_1BPP.o
                0x00006ac4                OCR_A_Extended__20px__Bold__SingleBitPerPixelGridFit_1BPP_FontElement_uc_Z_Data
 .rodata.OCR_A_Extended__20px__Bold__SingleBitPerPixelGridFit_1BPP_FontElement_lc_g_Data
                0x00006ad8       0x14 ./source/eGFX/Fonts/OCR_A_Extended__20px__Bold__SingleBitPerPixelGridFit_1BPP/OCR_A_Extended__20px__Bold__SingleBitPerPixelGridFit_1BPP.o
                0x00006ad8                OCR_A_Extended__20px__Bold__SingleBitPerPixelGridFit_1BPP_FontElement_lc_g_Data
 .rodata.OCR_A_Extended__20px__Bold__SingleBitPerPixelGridFit_1BPP_FontElement_uc_A
                0x00006aec        0xc ./source/eGFX/Fonts/OCR_A_Extended__20px__Bold__SingleBitPerPixelGridFit_1BPP/OCR_A_Extended__20px__Bold__SingleBitPerPixelGridFit_1BPP.o
                0x00006aec                OCR_A_Extended__20px__Bold__SingleBitPerPixelGridFit_1BPP_FontElement_uc_A
 .rodata.OCR_A_Extended__20px__Bold__SingleBitPerPixelGridFit_1BPP_FontElement_uc_B
                0x00006af8        0xc ./source/eGFX/Fonts/OCR_A_Extended__20px__Bold__SingleBitPerPixelGridFit_1BPP/OCR_A_Extended__20px__Bold__SingleBitPerPixelGridFit_1BPP.o
                0x00006af8                OCR_A_Extended__20px__Bold__SingleBitPerPixelGridFit_1BPP_FontElement_uc_B
 .rodata.OCR_A_Extended__20px__Bold__SingleBitPerPixelGridFit_1BPP_FontElement_uc_C
                0x00006b04        0xc ./source/eGFX/Fonts/OCR_A_Extended__20px__Bold__SingleBitPerPixelGridFit_1BPP/OCR_A_Extended__20px__Bold__SingleBitPerPixelGridFit_1BPP.o
                0x00006b04                OCR_A_Extended__20px__Bold__SingleBitPerPixelGridFit_1BPP_FontElement_uc_C
 .rodata.OCR_A_Extended__20px__Bold__SingleBitPerPixelGridFit_1BPP_FontElement_uc_D
                0x00006b10        0xc ./source/eGFX/Fonts/OCR_A_Extended__20px__Bold__SingleBitPerPixelGridFit_1BPP/OCR_A_Extended__20px__Bold__SingleBitPerPixelGridFit_1BPP.o
                0x00006b10                OCR_A_Extended__20px__Bold__SingleBitPerPixelGridFit_1BPP_FontElement_uc_D
 .rodata.OCR_A_Extended__20px__Bold__SingleBitPerPixelGridFit_1BPP_FontElement_uc_E
                0x00006b1c        0xc ./source/eGFX/Fonts/OCR_A_Extended__20px__Bold__SingleBitPerPixelGridFit_1BPP/OCR_A_Extended__20px__Bold__SingleBitPerPixelGridFit_1BPP.o
                0x00006b1c                OCR_A_Extended__20px__Bold__SingleBitPerPixelGridFit_1BPP_FontElement_uc_E
 .rodata.OCR_A_Extended__20px__Bold__SingleBitPerPixelGridFit_1BPP_FontElement_uc_F
                0x00006b28        0xc ./source/eGFX/Fonts/OCR_A_Extended__20px__Bold__SingleBitPerPixelGridFit_1BPP/OCR_A_Extended__20px__Bold__SingleBitPerPixelGridFit_1BPP.o
                0x00006b28                OCR_A_Extended__20px__Bold__SingleBitPerPixelGridFit_1BPP_FontElement_uc_F
 .rodata.OCR_A_Extended__20px__Bold__SingleBitPerPixelGridFit_1BPP_FontElement_uc_G
                0x00006b34        0xc ./source/eGFX/Fonts/OCR_A_Extended__20px__Bold__SingleBitPerPixelGridFit_1BPP/OCR_A_Extended__20px__Bold__SingleBitPerPixelGridFit_1BPP.o
                0x00006b34                OCR_A_Extended__20px__Bold__SingleBitPerPixelGridFit_1BPP_FontElement_uc_G
 .rodata.OCR_A_Extended__20px__Bold__SingleBitPerPixelGridFit_1BPP_FontElement_uc_H
                0x00006b40        0xc ./source/eGFX/Fonts/OCR_A_Extended__20px__Bold__SingleBitPerPixelGridFit_1BPP/OCR_A_Extended__20px__Bold__SingleBitPerPixelGridFit_1BPP.o
                0x00006b40                OCR_A_Extended__20px__Bold__SingleBitPerPixelGridFit_1BPP_FontElement_uc_H
 .rodata.OCR_A_Extended__20px__Bold__SingleBitPerPixelGridFit_1BPP_FontElement_uc_I
                0x00006b4c        0xc ./source/eGFX/Fonts/OCR_A_Extended__20px__Bold__SingleBitPerPixelGridFit_1BPP/OCR_A_Extended__20px__Bold__SingleBitPerPixelGridFit_1BPP.o
                0x00006b4c                OCR_A_Extended__20px__Bold__SingleBitPerPixelGridFit_1BPP_FontElement_uc_I
 .rodata.OCR_A_Extended__20px__Bold__SingleBitPerPixelGridFit_1BPP_FontElement_uc_J
                0x00006b58        0xc ./source/eGFX/Fonts/OCR_A_Extended__20px__Bold__SingleBitPerPixelGridFit_1BPP/OCR_A_Extended__20px__Bold__SingleBitPerPixelGridFit_1BPP.o
                0x00006b58                OCR_A_Extended__20px__Bold__SingleBitPerPixelGridFit_1BPP_FontElement_uc_J
 .rodata.OCR_A_Extended__20px__Bold__SingleBitPerPixelGridFit_1BPP_FontElement_uc_K
                0x00006b64        0xc ./source/eGFX/Fonts/OCR_A_Extended__20px__Bold__SingleBitPerPixelGridFit_1BPP/OCR_A_Extended__20px__Bold__SingleBitPerPixelGridFit_1BPP.o
                0x00006b64                OCR_A_Extended__20px__Bold__SingleBitPerPixelGridFit_1BPP_FontElement_uc_K
 .rodata.OCR_A_Extended__20px__Bold__SingleBitPerPixelGridFit_1BPP_FontElement_uc_L
                0x00006b70        0xc ./source/eGFX/Fonts/OCR_A_Extended__20px__Bold__SingleBitPerPixelGridFit_1BPP/OCR_A_Extended__20px__Bold__SingleBitPerPixelGridFit_1BPP.o
                0x00006b70                OCR_A_Extended__20px__Bold__SingleBitPerPixelGridFit_1BPP_FontElement_uc_L
 .rodata.OCR_A_Extended__20px__Bold__SingleBitPerPixelGridFit_1BPP_FontElement_uc_M
                0x00006b7c        0xc ./source/eGFX/Fonts/OCR_A_Extended__20px__Bold__SingleBitPerPixelGridFit_1BPP/OCR_A_Extended__20px__Bold__SingleBitPerPixelGridFit_1BPP.o
                0x00006b7c                OCR_A_Extended__20px__Bold__SingleBitPerPixelGridFit_1BPP_FontElement_uc_M
 .rodata.OCR_A_Extended__20px__Bold__SingleBitPerPixelGridFit_1BPP_FontElement_uc_N
                0x00006b88        0xc ./source/eGFX/Fonts/OCR_A_Extended__20px__Bold__SingleBitPerPixelGridFit_1BPP/OCR_A_Extended__20px__Bold__SingleBitPerPixelGridFit_1BPP.o
                0x00006b88                OCR_A_Extended__20px__Bold__SingleBitPerPixelGridFit_1BPP_FontElement_uc_N
 .rodata.OCR_A_Extended__20px__Bold__SingleBitPerPixelGridFit_1BPP_FontElement_uc_O
                0x00006b94        0xc ./source/eGFX/Fonts/OCR_A_Extended__20px__Bold__SingleBitPerPixelGridFit_1BPP/OCR_A_Extended__20px__Bold__SingleBitPerPixelGridFit_1BPP.o
                0x00006b94                OCR_A_Extended__20px__Bold__SingleBitPerPixelGridFit_1BPP_FontElement_uc_O
 .rodata.OCR_A_Extended__20px__Bold__SingleBitPerPixelGridFit_1BPP_FontElement_uc_P
                0x00006ba0        0xc ./source/eGFX/Fonts/OCR_A_Extended__20px__Bold__SingleBitPerPixelGridFit_1BPP/OCR_A_Extended__20px__Bold__SingleBitPerPixelGridFit_1BPP.o
                0x00006ba0                OCR_A_Extended__20px__Bold__SingleBitPerPixelGridFit_1BPP_FontElement_uc_P
 .rodata.OCR_A_Extended__20px__Bold__SingleBitPerPixelGridFit_1BPP_FontElement_uc_Q
                0x00006bac        0xc ./source/eGFX/Fonts/OCR_A_Extended__20px__Bold__SingleBitPerPixelGridFit_1BPP/OCR_A_Extended__20px__Bold__SingleBitPerPixelGridFit_1BPP.o
                0x00006bac                OCR_A_Extended__20px__Bold__SingleBitPerPixelGridFit_1BPP_FontElement_uc_Q
 .rodata.OCR_A_Extended__20px__Bold__SingleBitPerPixelGridFit_1BPP_FontElement_uc_R
                0x00006bb8        0xc ./source/eGFX/Fonts/OCR_A_Extended__20px__Bold__SingleBitPerPixelGridFit_1BPP/OCR_A_Extended__20px__Bold__SingleBitPerPixelGridFit_1BPP.o
                0x00006bb8                OCR_A_Extended__20px__Bold__SingleBitPerPixelGridFit_1BPP_FontElement_uc_R
 .rodata.OCR_A_Extended__20px__Bold__SingleBitPerPixelGridFit_1BPP_FontElement_lc_o_Data
                0x00006bc4       0x14 ./source/eGFX/Fonts/OCR_A_Extended__20px__Bold__SingleBitPerPixelGridFit_1BPP/OCR_A_Extended__20px__Bold__SingleBitPerPixelGridFit_1BPP.o
                0x00006bc4                OCR_A_Extended__20px__Bold__SingleBitPerPixelGridFit_1BPP_FontElement_lc_o_Data
 .rodata.OCR_A_Extended__20px__Bold__SingleBitPerPixelGridFit_1BPP_FontElement_uc_T
                0x00006bd8        0xc ./source/eGFX/Fonts/OCR_A_Extended__20px__Bold__SingleBitPerPixelGridFit_1BPP/OCR_A_Extended__20px__Bold__SingleBitPerPixelGridFit_1BPP.o
                0x00006bd8                OCR_A_Extended__20px__Bold__SingleBitPerPixelGridFit_1BPP_FontElement_uc_T
 .rodata.OCR_A_Extended__20px__Bold__SingleBitPerPixelGridFit_1BPP_FontElement_uc_U
                0x00006be4        0xc ./source/eGFX/Fonts/OCR_A_Extended__20px__Bold__SingleBitPerPixelGridFit_1BPP/OCR_A_Extended__20px__Bold__SingleBitPerPixelGridFit_1BPP.o
                0x00006be4                OCR_A_Extended__20px__Bold__SingleBitPerPixelGridFit_1BPP_FontElement_uc_U
 .rodata.OCR_A_Extended__20px__Bold__SingleBitPerPixelGridFit_1BPP_FontElement_uc_V
                0x00006bf0        0xc ./source/eGFX/Fonts/OCR_A_Extended__20px__Bold__SingleBitPerPixelGridFit_1BPP/OCR_A_Extended__20px__Bold__SingleBitPerPixelGridFit_1BPP.o
                0x00006bf0                OCR_A_Extended__20px__Bold__SingleBitPerPixelGridFit_1BPP_FontElement_uc_V
 .rodata.OCR_A_Extended__20px__Bold__SingleBitPerPixelGridFit_1BPP_FontElement_uc_W
                0x00006bfc        0xc ./source/eGFX/Fonts/OCR_A_Extended__20px__Bold__SingleBitPerPixelGridFit_1BPP/OCR_A_Extended__20px__Bold__SingleBitPerPixelGridFit_1BPP.o
                0x00006bfc                OCR_A_Extended__20px__Bold__SingleBitPerPixelGridFit_1BPP_FontElement_uc_W
 .rodata.OCR_A_Extended__20px__Bold__SingleBitPerPixelGridFit_1BPP_FontElement_right_bracket
                0x00006c08        0xc ./source/eGFX/Fonts/OCR_A_Extended__20px__Bold__SingleBitPerPixelGridFit_1BPP/OCR_A_Extended__20px__Bold__SingleBitPerPixelGridFit_1BPP.o
                0x00006c08                OCR_A_Extended__20px__Bold__SingleBitPerPixelGridFit_1BPP_FontElement_right_bracket
 .rodata.OCR_A_Extended__20px__Bold__SingleBitPerPixelGridFit_1BPP_FontElement_uc_Y
                0x00006c14        0xc ./source/eGFX/Fonts/OCR_A_Extended__20px__Bold__SingleBitPerPixelGridFit_1BPP/OCR_A_Extended__20px__Bold__SingleBitPerPixelGridFit_1BPP.o
                0x00006c14                OCR_A_Extended__20px__Bold__SingleBitPerPixelGridFit_1BPP_FontElement_uc_Y
 .rodata.OCR_A_Extended__20px__Bold__SingleBitPerPixelGridFit_1BPP_FontElement_uc_Z
                0x00006c20        0xc ./source/eGFX/Fonts/OCR_A_Extended__20px__Bold__SingleBitPerPixelGridFit_1BPP/OCR_A_Extended__20px__Bold__SingleBitPerPixelGridFit_1BPP.o
                0x00006c20                OCR_A_Extended__20px__Bold__SingleBitPerPixelGridFit_1BPP_FontElement_uc_Z
 .rodata.OCR_A_Extended__20px__Bold__SingleBitPerPixelGridFit_1BPP_FontElement_lc_a
                0x00006c2c        0xc ./source/eGFX/Fonts/OCR_A_Extended__20px__Bold__SingleBitPerPixelGridFit_1BPP/OCR_A_Extended__20px__Bold__SingleBitPerPixelGridFit_1BPP.o
                0x00006c2c                OCR_A_Extended__20px__Bold__SingleBitPerPixelGridFit_1BPP_FontElement_lc_a
 .rodata.OCR_A_Extended__20px__Bold__SingleBitPerPixelGridFit_1BPP_FontElement_lc_b
                0x00006c38        0xc ./source/eGFX/Fonts/OCR_A_Extended__20px__Bold__SingleBitPerPixelGridFit_1BPP/OCR_A_Extended__20px__Bold__SingleBitPerPixelGridFit_1BPP.o
                0x00006c38                OCR_A_Extended__20px__Bold__SingleBitPerPixelGridFit_1BPP_FontElement_lc_b
 .rodata.OCR_A_Extended__20px__Bold__SingleBitPerPixelGridFit_1BPP_FontElement_lc_c
                0x00006c44        0xc ./source/eGFX/Fonts/OCR_A_Extended__20px__Bold__SingleBitPerPixelGridFit_1BPP/OCR_A_Extended__20px__Bold__SingleBitPerPixelGridFit_1BPP.o
                0x00006c44                OCR_A_Extended__20px__Bold__SingleBitPerPixelGridFit_1BPP_FontElement_lc_c
 .rodata.OCR_A_Extended__20px__Bold__SingleBitPerPixelGridFit_1BPP_FontElement_lc_d
                0x00006c50        0xc ./source/eGFX/Fonts/OCR_A_Extended__20px__Bold__SingleBitPerPixelGridFit_1BPP/OCR_A_Extended__20px__Bold__SingleBitPerPixelGridFit_1BPP.o
                0x00006c50                OCR_A_Extended__20px__Bold__SingleBitPerPixelGridFit_1BPP_FontElement_lc_d
 .rodata.OCR_A_Extended__20px__Bold__SingleBitPerPixelGridFit_1BPP_FontElement_lc_e
                0x00006c5c        0xc ./source/eGFX/Fonts/OCR_A_Extended__20px__Bold__SingleBitPerPixelGridFit_1BPP/OCR_A_Extended__20px__Bold__SingleBitPerPixelGridFit_1BPP.o
                0x00006c5c                OCR_A_Extended__20px__Bold__SingleBitPerPixelGridFit_1BPP_FontElement_lc_e
 .rodata.OCR_A_Extended__20px__Bold__SingleBitPerPixelGridFit_1BPP_FontElement_forward_slash
                0x00006c68        0xc ./source/eGFX/Fonts/OCR_A_Extended__20px__Bold__SingleBitPerPixelGridFit_1BPP/OCR_A_Extended__20px__Bold__SingleBitPerPixelGridFit_1BPP.o
                0x00006c68                OCR_A_Extended__20px__Bold__SingleBitPerPixelGridFit_1BPP_FontElement_forward_slash
 .rodata.OCR_A_Extended__20px__Bold__SingleBitPerPixelGridFit_1BPP_FontElement_uc_C_Data
                0x00006c74       0x14 ./source/eGFX/Fonts/OCR_A_Extended__20px__Bold__SingleBitPerPixelGridFit_1BPP/OCR_A_Extended__20px__Bold__SingleBitPerPixelGridFit_1BPP.o
                0x00006c74                OCR_A_Extended__20px__Bold__SingleBitPerPixelGridFit_1BPP_FontElement_uc_C_Data
 .rodata.OCR_A_Extended__20px__Bold__SingleBitPerPixelGridFit_1BPP_FontElement_pound
                0x00006c88        0xc ./source/eGFX/Fonts/OCR_A_Extended__20px__Bold__SingleBitPerPixelGridFit_1BPP/OCR_A_Extended__20px__Bold__SingleBitPerPixelGridFit_1BPP.o
                0x00006c88                OCR_A_Extended__20px__Bold__SingleBitPerPixelGridFit_1BPP_FontElement_pound
 .rodata.OCR_A_Extended__20px__Bold__SingleBitPerPixelGridFit_1BPP_FontElement_lc_i
                0x00006c94        0xc ./source/eGFX/Fonts/OCR_A_Extended__20px__Bold__SingleBitPerPixelGridFit_1BPP/OCR_A_Extended__20px__Bold__SingleBitPerPixelGridFit_1BPP.o
                0x00006c94                OCR_A_Extended__20px__Bold__SingleBitPerPixelGridFit_1BPP_FontElement_lc_i
 .rodata.OCR_A_Extended__20px__Bold__SingleBitPerPixelGridFit_1BPP_FontElement_lc_j
                0x00006ca0        0xc ./source/eGFX/Fonts/OCR_A_Extended__20px__Bold__SingleBitPerPixelGridFit_1BPP/OCR_A_Extended__20px__Bold__SingleBitPerPixelGridFit_1BPP.o
                0x00006ca0                OCR_A_Extended__20px__Bold__SingleBitPerPixelGridFit_1BPP_FontElement_lc_j
 .rodata.OCR_A_Extended__20px__Bold__SingleBitPerPixelGridFit_1BPP_FontElement_lc_k
                0x00006cac        0xc ./source/eGFX/Fonts/OCR_A_Extended__20px__Bold__SingleBitPerPixelGridFit_1BPP/OCR_A_Extended__20px__Bold__SingleBitPerPixelGridFit_1BPP.o
                0x00006cac                OCR_A_Extended__20px__Bold__SingleBitPerPixelGridFit_1BPP_FontElement_lc_k
 .rodata.OCR_A_Extended__20px__Bold__SingleBitPerPixelGridFit_1BPP_FontElement_vertical_bar_Data
                0x00006cb8       0x14 ./source/eGFX/Fonts/OCR_A_Extended__20px__Bold__SingleBitPerPixelGridFit_1BPP/OCR_A_Extended__20px__Bold__SingleBitPerPixelGridFit_1BPP.o
                0x00006cb8                OCR_A_Extended__20px__Bold__SingleBitPerPixelGridFit_1BPP_FontElement_vertical_bar_Data
 .rodata.OCR_A_Extended__20px__Bold__SingleBitPerPixelGridFit_1BPP_FontElement_less_than
                0x00006ccc        0xc ./source/eGFX/Fonts/OCR_A_Extended__20px__Bold__SingleBitPerPixelGridFit_1BPP/OCR_A_Extended__20px__Bold__SingleBitPerPixelGridFit_1BPP.o
                0x00006ccc                OCR_A_Extended__20px__Bold__SingleBitPerPixelGridFit_1BPP_FontElement_less_than
 .rodata.OCR_A_Extended__20px__Bold__SingleBitPerPixelGridFit_1BPP_FontElement_lc_n
                0x00006cd8        0xc ./source/eGFX/Fonts/OCR_A_Extended__20px__Bold__SingleBitPerPixelGridFit_1BPP/OCR_A_Extended__20px__Bold__SingleBitPerPixelGridFit_1BPP.o
                0x00006cd8                OCR_A_Extended__20px__Bold__SingleBitPerPixelGridFit_1BPP_FontElement_lc_n
 .rodata.OCR_A_Extended__20px__Bold__SingleBitPerPixelGridFit_1BPP_FontElement_lc_o
                0x00006ce4        0xc ./source/eGFX/Fonts/OCR_A_Extended__20px__Bold__SingleBitPerPixelGridFit_1BPP/OCR_A_Extended__20px__Bold__SingleBitPerPixelGridFit_1BPP.o
                0x00006ce4                OCR_A_Extended__20px__Bold__SingleBitPerPixelGridFit_1BPP_FontElement_lc_o
 .rodata.OCR_A_Extended__20px__Bold__SingleBitPerPixelGridFit_1BPP_FontElement_lc_p
                0x00006cf0        0xc ./source/eGFX/Fonts/OCR_A_Extended__20px__Bold__SingleBitPerPixelGridFit_1BPP/OCR_A_Extended__20px__Bold__SingleBitPerPixelGridFit_1BPP.o
                0x00006cf0                OCR_A_Extended__20px__Bold__SingleBitPerPixelGridFit_1BPP_FontElement_lc_p
 .rodata.OCR_A_Extended__20px__Bold__SingleBitPerPixelGridFit_1BPP_FontElement_lc_q
                0x00006cfc        0xc ./source/eGFX/Fonts/OCR_A_Extended__20px__Bold__SingleBitPerPixelGridFit_1BPP/OCR_A_Extended__20px__Bold__SingleBitPerPixelGridFit_1BPP.o
                0x00006cfc                OCR_A_Extended__20px__Bold__SingleBitPerPixelGridFit_1BPP_FontElement_lc_q
 .rodata.OCR_A_Extended__20px__Bold__SingleBitPerPixelGridFit_1BPP_FontElement_delete
                0x00006d08        0xc ./source/eGFX/Fonts/OCR_A_Extended__20px__Bold__SingleBitPerPixelGridFit_1BPP/OCR_A_Extended__20px__Bold__SingleBitPerPixelGridFit_1BPP.o
                0x00006d08                OCR_A_Extended__20px__Bold__SingleBitPerPixelGridFit_1BPP_FontElement_delete
 .rodata.OCR_A_Extended__20px__Bold__SingleBitPerPixelGridFit_1BPP_FontElement_lc_s
                0x00006d14        0xc ./source/eGFX/Fonts/OCR_A_Extended__20px__Bold__SingleBitPerPixelGridFit_1BPP/OCR_A_Extended__20px__Bold__SingleBitPerPixelGridFit_1BPP.o
                0x00006d14                OCR_A_Extended__20px__Bold__SingleBitPerPixelGridFit_1BPP_FontElement_lc_s
 .rodata.OCR_A_Extended__20px__Bold__SingleBitPerPixelGridFit_1BPP_FontElement_lc_t
                0x00006d20        0xc ./source/eGFX/Fonts/OCR_A_Extended__20px__Bold__SingleBitPerPixelGridFit_1BPP/OCR_A_Extended__20px__Bold__SingleBitPerPixelGridFit_1BPP.o
                0x00006d20                OCR_A_Extended__20px__Bold__SingleBitPerPixelGridFit_1BPP_FontElement_lc_t
 .rodata.OCR_A_Extended__20px__Bold__SingleBitPerPixelGridFit_1BPP_FontElement_semicolon
                0x00006d2c        0xc ./source/eGFX/Fonts/OCR_A_Extended__20px__Bold__SingleBitPerPixelGridFit_1BPP/OCR_A_Extended__20px__Bold__SingleBitPerPixelGridFit_1BPP.o
                0x00006d2c                OCR_A_Extended__20px__Bold__SingleBitPerPixelGridFit_1BPP_FontElement_semicolon
 .rodata.OCR_A_Extended__20px__Bold__SingleBitPerPixelGridFit_1BPP_FontElement_double_quotes_Data
                0x00006d38       0x14 ./source/eGFX/Fonts/OCR_A_Extended__20px__Bold__SingleBitPerPixelGridFit_1BPP/OCR_A_Extended__20px__Bold__SingleBitPerPixelGridFit_1BPP.o
                0x00006d38                OCR_A_Extended__20px__Bold__SingleBitPerPixelGridFit_1BPP_FontElement_double_quotes_Data
 .rodata.OCR_A_Extended__20px__Bold__SingleBitPerPixelGridFit_1BPP_FontElement_lc_w
                0x00006d4c        0xc ./source/eGFX/Fonts/OCR_A_Extended__20px__Bold__SingleBitPerPixelGridFit_1BPP/OCR_A_Extended__20px__Bold__SingleBitPerPixelGridFit_1BPP.o
                0x00006d4c                OCR_A_Extended__20px__Bold__SingleBitPerPixelGridFit_1BPP_FontElement_lc_w
 .rodata.OCR_A_Extended__20px__Bold__SingleBitPerPixelGridFit_1BPP_FontElement_lc_x
                0x00006d58        0xc ./source/eGFX/Fonts/OCR_A_Extended__20px__Bold__SingleBitPerPixelGridFit_1BPP/OCR_A_Extended__20px__Bold__SingleBitPerPixelGridFit_1BPP.o
                0x00006d58                OCR_A_Extended__20px__Bold__SingleBitPerPixelGridFit_1BPP_FontElement_lc_x
 .rodata.OCR_A_Extended__20px__Bold__SingleBitPerPixelGridFit_1BPP_FontElement_lc_y
                0x00006d64        0xc ./source/eGFX/Fonts/OCR_A_Extended__20px__Bold__SingleBitPerPixelGridFit_1BPP/OCR_A_Extended__20px__Bold__SingleBitPerPixelGridFit_1BPP.o
                0x00006d64                OCR_A_Extended__20px__Bold__SingleBitPerPixelGridFit_1BPP_FontElement_lc_y
 .rodata.OCR_A_Extended__20px__Bold__SingleBitPerPixelGridFit_1BPP_FontElement_uc_R_Data
                0x00006d70       0x14 ./source/eGFX/Fonts/OCR_A_Extended__20px__Bold__SingleBitPerPixelGridFit_1BPP/OCR_A_Extended__20px__Bold__SingleBitPerPixelGridFit_1BPP.o
                0x00006d70                OCR_A_Extended__20px__Bold__SingleBitPerPixelGridFit_1BPP_FontElement_uc_R_Data
 .rodata.OCR_A_Extended__20px__Bold__SingleBitPerPixelGridFit_1BPP_FontElement_lc_s_Data
                0x00006d84       0x14 ./source/eGFX/Fonts/OCR_A_Extended__20px__Bold__SingleBitPerPixelGridFit_1BPP/OCR_A_Extended__20px__Bold__SingleBitPerPixelGridFit_1BPP.o
                0x00006d84                OCR_A_Extended__20px__Bold__SingleBitPerPixelGridFit_1BPP_FontElement_lc_s_Data
 .rodata.OCR_A_Extended__20px__Bold__SingleBitPerPixelGridFit_1BPP_FontElement_delete_Data
                0x00006d98       0x3c ./source/eGFX/Fonts/OCR_A_Extended__20px__Bold__SingleBitPerPixelGridFit_1BPP/OCR_A_Extended__20px__Bold__SingleBitPerPixelGridFit_1BPP.o
                0x00006d98                OCR_A_Extended__20px__Bold__SingleBitPerPixelGridFit_1BPP_FontElement_delete_Data
 .rodata.OCR_A_Extended__20px__Bold__SingleBitPerPixelGridFit_1BPP_FontElement_exclamation_point_Data
                0x00006dd4       0x14 ./source/eGFX/Fonts/OCR_A_Extended__20px__Bold__SingleBitPerPixelGridFit_1BPP/OCR_A_Extended__20px__Bold__SingleBitPerPixelGridFit_1BPP.o
                0x00006dd4                OCR_A_Extended__20px__Bold__SingleBitPerPixelGridFit_1BPP_FontElement_exclamation_point_Data
 .rodata.OCR_A_Extended__20px__Bold__SingleBitPerPixelGridFit_1BPP_FontElement_great_than
                0x00006de8        0xc ./source/eGFX/Fonts/OCR_A_Extended__20px__Bold__SingleBitPerPixelGridFit_1BPP/OCR_A_Extended__20px__Bold__SingleBitPerPixelGridFit_1BPP.o
                0x00006de8                OCR_A_Extended__20px__Bold__SingleBitPerPixelGridFit_1BPP_FontElement_great_than
 .rodata.OCR_A_Extended__20px__Bold__SingleBitPerPixelGridFit_1BPP_FontElement_8_Data
                0x00006df4       0x14 ./source/eGFX/Fonts/OCR_A_Extended__20px__Bold__SingleBitPerPixelGridFit_1BPP/OCR_A_Extended__20px__Bold__SingleBitPerPixelGridFit_1BPP.o
                0x00006df4                OCR_A_Extended__20px__Bold__SingleBitPerPixelGridFit_1BPP_FontElement_8_Data
 .rodata.OCR_A_Extended__20px__Bold__SingleBitPerPixelGridFit_1BPP_FontElement_comma_Data
                0x00006e08       0x14 ./source/eGFX/Fonts/OCR_A_Extended__20px__Bold__SingleBitPerPixelGridFit_1BPP/OCR_A_Extended__20px__Bold__SingleBitPerPixelGridFit_1BPP.o
                0x00006e08                OCR_A_Extended__20px__Bold__SingleBitPerPixelGridFit_1BPP_FontElement_comma_Data
 .rodata.OCR_A_Extended__20px__Bold__SingleBitPerPixelGridFit_1BPP_FontElement_forward_slash_Data
                0x00006e1c       0x14 ./source/eGFX/Fonts/OCR_A_Extended__20px__Bold__SingleBitPerPixelGridFit_1BPP/OCR_A_Extended__20px__Bold__SingleBitPerPixelGridFit_1BPP.o
                0x00006e1c                OCR_A_Extended__20px__Bold__SingleBitPerPixelGridFit_1BPP_FontElement_forward_slash_Data
 .rodata.OCR_A_Extended__20px__Bold__SingleBitPerPixelGridFit_1BPP_FontElement_dollar_sign_Data
                0x00006e30       0x14 ./source/eGFX/Fonts/OCR_A_Extended__20px__Bold__SingleBitPerPixelGridFit_1BPP/OCR_A_Extended__20px__Bold__SingleBitPerPixelGridFit_1BPP.o
                0x00006e30                OCR_A_Extended__20px__Bold__SingleBitPerPixelGridFit_1BPP_FontElement_dollar_sign_Data
 .rodata.OCR_A_Extended__20px__Bold__SingleBitPerPixelGridFit_1BPP_FontElement_uc_D_Data
                0x00006e44       0x14 ./source/eGFX/Fonts/OCR_A_Extended__20px__Bold__SingleBitPerPixelGridFit_1BPP/OCR_A_Extended__20px__Bold__SingleBitPerPixelGridFit_1BPP.o
                0x00006e44                OCR_A_Extended__20px__Bold__SingleBitPerPixelGridFit_1BPP_FontElement_uc_D_Data
 .rodata.OCR_A_Extended__20px__Bold__SingleBitPerPixelGridFit_1BPP_FontElement_uc_M_Data
                0x00006e58       0x14 ./source/eGFX/Fonts/OCR_A_Extended__20px__Bold__SingleBitPerPixelGridFit_1BPP/OCR_A_Extended__20px__Bold__SingleBitPerPixelGridFit_1BPP.o
                0x00006e58                OCR_A_Extended__20px__Bold__SingleBitPerPixelGridFit_1BPP_FontElement_uc_M_Data
 .rodata.OCR_A_Extended__20px__Bold__SingleBitPerPixelGridFit_1BPP_FontElement_uc_V_Data
                0x00006e6c       0x14 ./source/eGFX/Fonts/OCR_A_Extended__20px__Bold__SingleBitPerPixelGridFit_1BPP/OCR_A_Extended__20px__Bold__SingleBitPerPixelGridFit_1BPP.o
                0x00006e6c                OCR_A_Extended__20px__Bold__SingleBitPerPixelGridFit_1BPP_FontElement_uc_V_Data
 .rodata.OCR_A_Extended__20px__Bold__SingleBitPerPixelGridFit_1BPP_FontElement_lc_p_Data
                0x00006e80       0x14 ./source/eGFX/Fonts/OCR_A_Extended__20px__Bold__SingleBitPerPixelGridFit_1BPP/OCR_A_Extended__20px__Bold__SingleBitPerPixelGridFit_1BPP.o
                0x00006e80                OCR_A_Extended__20px__Bold__SingleBitPerPixelGridFit_1BPP_FontElement_lc_p_Data
 .rodata.OCR_A_Extended__20px__Bold__SingleBitPerPixelGridFit_1BPP_FontElement_comma
                0x00006e94        0xc ./source/eGFX/Fonts/OCR_A_Extended__20px__Bold__SingleBitPerPixelGridFit_1BPP/OCR_A_Extended__20px__Bold__SingleBitPerPixelGridFit_1BPP.o
                0x00006e94                OCR_A_Extended__20px__Bold__SingleBitPerPixelGridFit_1BPP_FontElement_comma
 .rodata.OCR_A_Extended__20px__Bold__SingleBitPerPixelGridFit_1BPP_FontElement_star_Data
                0x00006ea0       0x14 ./source/eGFX/Fonts/OCR_A_Extended__20px__Bold__SingleBitPerPixelGridFit_1BPP/OCR_A_Extended__20px__Bold__SingleBitPerPixelGridFit_1BPP.o
                0x00006ea0                OCR_A_Extended__20px__Bold__SingleBitPerPixelGridFit_1BPP_FontElement_star_Data
 .rodata.OCR_A_Extended__20px__Bold__SingleBitPerPixelGridFit_1BPP_FontElement_lc_b_Data
                0x00006eb4       0x14 ./source/eGFX/Fonts/OCR_A_Extended__20px__Bold__SingleBitPerPixelGridFit_1BPP/OCR_A_Extended__20px__Bold__SingleBitPerPixelGridFit_1BPP.o
                0x00006eb4                OCR_A_Extended__20px__Bold__SingleBitPerPixelGridFit_1BPP_FontElement_lc_b_Data
 .rodata.OCR_A_Extended__20px__Bold__SingleBitPerPixelGridFit_1BPP_FontElement_lc_k_Data
                0x00006ec8       0x14 ./source/eGFX/Fonts/OCR_A_Extended__20px__Bold__SingleBitPerPixelGridFit_1BPP/OCR_A_Extended__20px__Bold__SingleBitPerPixelGridFit_1BPP.o
                0x00006ec8                OCR_A_Extended__20px__Bold__SingleBitPerPixelGridFit_1BPP_FontElement_lc_k_Data
 .rodata.OCR_A_Extended__20px__Bold__SingleBitPerPixelGridFit_1BPP_FontElement_lc_x_Data
                0x00006edc       0x14 ./source/eGFX/Fonts/OCR_A_Extended__20px__Bold__SingleBitPerPixelGridFit_1BPP/OCR_A_Extended__20px__Bold__SingleBitPerPixelGridFit_1BPP.o
                0x00006edc                OCR_A_Extended__20px__Bold__SingleBitPerPixelGridFit_1BPP_FontElement_lc_x_Data
 .rodata.OCR_A_Extended__20px__Bold__SingleBitPerPixelGridFit_1BPP_FontElement_lc_t_Data
                0x00006ef0       0x28 ./source/eGFX/Fonts/OCR_A_Extended__20px__Bold__SingleBitPerPixelGridFit_1BPP/OCR_A_Extended__20px__Bold__SingleBitPerPixelGridFit_1BPP.o
                0x00006ef0                OCR_A_Extended__20px__Bold__SingleBitPerPixelGridFit_1BPP_FontElement_lc_t_Data
 .rodata.OCR_A_Extended__20px__Bold__SingleBitPerPixelGridFit_1BPP_FontElement_left_parenthesis_Data
                0x00006f18       0x14 ./source/eGFX/Fonts/OCR_A_Extended__20px__Bold__SingleBitPerPixelGridFit_1BPP/OCR_A_Extended__20px__Bold__SingleBitPerPixelGridFit_1BPP.o
                0x00006f18                OCR_A_Extended__20px__Bold__SingleBitPerPixelGridFit_1BPP_FontElement_left_parenthesis_Data
 .rodata.OCR_A_Extended__20px__Bold__SingleBitPerPixelGridFit_1BPP_FontElement_lc_d_Data
                0x00006f2c       0x14 ./source/eGFX/Fonts/OCR_A_Extended__20px__Bold__SingleBitPerPixelGridFit_1BPP/OCR_A_Extended__20px__Bold__SingleBitPerPixelGridFit_1BPP.o
                0x00006f2c                OCR_A_Extended__20px__Bold__SingleBitPerPixelGridFit_1BPP_FontElement_lc_d_Data
 .rodata.OCR_A_Extended__20px__Bold__SingleBitPerPixelGridFit_1BPP_FontElement_0_Data
                0x00006f40       0x14 ./source/eGFX/Fonts/OCR_A_Extended__20px__Bold__SingleBitPerPixelGridFit_1BPP/OCR_A_Extended__20px__Bold__SingleBitPerPixelGridFit_1BPP.o
                0x00006f40                OCR_A_Extended__20px__Bold__SingleBitPerPixelGridFit_1BPP_FontElement_0_Data
 .rodata.OCR_A_Extended__20px__Bold__SingleBitPerPixelGridFit_1BPP_FontElement_9_Data
                0x00006f54       0x14 ./source/eGFX/Fonts/OCR_A_Extended__20px__Bold__SingleBitPerPixelGridFit_1BPP/OCR_A_Extended__20px__Bold__SingleBitPerPixelGridFit_1BPP.o
                0x00006f54                OCR_A_Extended__20px__Bold__SingleBitPerPixelGridFit_1BPP_FontElement_9_Data
 .rodata.OCR_A_Extended__20px__Bold__SingleBitPerPixelGridFit_1BPP_FontElement_exclamation_point
                0x00006f68        0xc ./source/eGFX/Fonts/OCR_A_Extended__20px__Bold__SingleBitPerPixelGridFit_1BPP/OCR_A_Extended__20px__Bold__SingleBitPerPixelGridFit_1BPP.o
                0x00006f68                OCR_A_Extended__20px__Bold__SingleBitPerPixelGridFit_1BPP_FontElement_exclamation_point
 .rodata.OCR_A_Extended__20px__Bold__SingleBitPerPixelGridFit_1BPP_FontElement_right_bracket_Data
                0x00006f74       0x14 ./source/eGFX/Fonts/OCR_A_Extended__20px__Bold__SingleBitPerPixelGridFit_1BPP/OCR_A_Extended__20px__Bold__SingleBitPerPixelGridFit_1BPP.o
                0x00006f74                OCR_A_Extended__20px__Bold__SingleBitPerPixelGridFit_1BPP_FontElement_right_bracket_Data
 .rodata.OCR_A_Extended__20px__Bold__SingleBitPerPixelGridFit_1BPP_FontElement_vertical_bar
                0x00006f88        0xc ./source/eGFX/Fonts/OCR_A_Extended__20px__Bold__SingleBitPerPixelGridFit_1BPP/OCR_A_Extended__20px__Bold__SingleBitPerPixelGridFit_1BPP.o
                0x00006f88                OCR_A_Extended__20px__Bold__SingleBitPerPixelGridFit_1BPP_FontElement_vertical_bar
 .rodata.OCR_A_Extended__20px__Bold__SingleBitPerPixelGridFit_1BPP_FontElement_precent_sign
                0x00006f94        0xc ./source/eGFX/Fonts/OCR_A_Extended__20px__Bold__SingleBitPerPixelGridFit_1BPP/OCR_A_Extended__20px__Bold__SingleBitPerPixelGridFit_1BPP.o
                0x00006f94                OCR_A_Extended__20px__Bold__SingleBitPerPixelGridFit_1BPP_FontElement_precent_sign
 .rodata.OCR_A_Extended__20px__Bold__SingleBitPerPixelGridFit_1BPP_FontElement_uc_N_Data
                0x00006fa0       0x14 ./source/eGFX/Fonts/OCR_A_Extended__20px__Bold__SingleBitPerPixelGridFit_1BPP/OCR_A_Extended__20px__Bold__SingleBitPerPixelGridFit_1BPP.o
                0x00006fa0                OCR_A_Extended__20px__Bold__SingleBitPerPixelGridFit_1BPP_FontElement_uc_N_Data
 .rodata.OCR_A_Extended__20px__Bold__SingleBitPerPixelGridFit_1BPP_FontElement_uc_E_Data
                0x00006fb4       0x14 ./source/eGFX/Fonts/OCR_A_Extended__20px__Bold__SingleBitPerPixelGridFit_1BPP/OCR_A_Extended__20px__Bold__SingleBitPerPixelGridFit_1BPP.o
                0x00006fb4                OCR_A_Extended__20px__Bold__SingleBitPerPixelGridFit_1BPP_FontElement_uc_E_Data
 .rodata.OCR_A_Extended__20px__Bold__SingleBitPerPixelGridFit_1BPP_FontElement_lc_f_Data
                0x00006fc8       0x14 ./source/eGFX/Fonts/OCR_A_Extended__20px__Bold__SingleBitPerPixelGridFit_1BPP/OCR_A_Extended__20px__Bold__SingleBitPerPixelGridFit_1BPP.o
                0x00006fc8                OCR_A_Extended__20px__Bold__SingleBitPerPixelGridFit_1BPP_FontElement_lc_f_Data
 .rodata.OCR_A_Extended__20px__Bold__SingleBitPerPixelGridFit_1BPP_FontElement_uc_W_Data
                0x00006fdc       0x28 ./source/eGFX/Fonts/OCR_A_Extended__20px__Bold__SingleBitPerPixelGridFit_1BPP/OCR_A_Extended__20px__Bold__SingleBitPerPixelGridFit_1BPP.o
                0x00006fdc                OCR_A_Extended__20px__Bold__SingleBitPerPixelGridFit_1BPP_FontElement_uc_W_Data
 .rodata.OCR_A_Extended__20px__Bold__SingleBitPerPixelGridFit_1BPP_FontElement_less_than_Data
                0x00007004       0x14 ./source/eGFX/Fonts/OCR_A_Extended__20px__Bold__SingleBitPerPixelGridFit_1BPP/OCR_A_Extended__20px__Bold__SingleBitPerPixelGridFit_1BPP.o
                0x00007004                OCR_A_Extended__20px__Bold__SingleBitPerPixelGridFit_1BPP_FontElement_less_than_Data
 .rodata.OCR_A_Extended__20px__Bold__SingleBitPerPixelGridFit_1BPP_FontElement_question_mark_Data
                0x00007018       0x14 ./source/eGFX/Fonts/OCR_A_Extended__20px__Bold__SingleBitPerPixelGridFit_1BPP/OCR_A_Extended__20px__Bold__SingleBitPerPixelGridFit_1BPP.o
                0x00007018                OCR_A_Extended__20px__Bold__SingleBitPerPixelGridFit_1BPP_FontElement_question_mark_Data
 .rodata.OCR_A_Extended__20px__Bold__SingleBitPerPixelGridFit_1BPP_FontElement_dash_Data
                0x0000702c       0x14 ./source/eGFX/Fonts/OCR_A_Extended__20px__Bold__SingleBitPerPixelGridFit_1BPP/OCR_A_Extended__20px__Bold__SingleBitPerPixelGridFit_1BPP.o
                0x0000702c                OCR_A_Extended__20px__Bold__SingleBitPerPixelGridFit_1BPP_FontElement_dash_Data
 .rodata.OCR_A_Extended__20px__Bold__SingleBitPerPixelGridFit_1BPP_FontElement_lc_l_Data
                0x00007040       0x14 ./source/eGFX/Fonts/OCR_A_Extended__20px__Bold__SingleBitPerPixelGridFit_1BPP/OCR_A_Extended__20px__Bold__SingleBitPerPixelGridFit_1BPP.o
                0x00007040                OCR_A_Extended__20px__Bold__SingleBitPerPixelGridFit_1BPP_FontElement_lc_l_Data
 .rodata.OCR_A_Extended__20px__Bold__SingleBitPerPixelGridFit_1BPP_FontElement_lc_u_Data
                0x00007054       0x14 ./source/eGFX/Fonts/OCR_A_Extended__20px__Bold__SingleBitPerPixelGridFit_1BPP/OCR_A_Extended__20px__Bold__SingleBitPerPixelGridFit_1BPP.o
                0x00007054                OCR_A_Extended__20px__Bold__SingleBitPerPixelGridFit_1BPP_FontElement_lc_u_Data
 .rodata.OCR_A_Extended__20px__Bold__SingleBitPerPixelGridFit_1BPP_FontElement_6
                0x00007068        0xc ./source/eGFX/Fonts/OCR_A_Extended__20px__Bold__SingleBitPerPixelGridFit_1BPP/OCR_A_Extended__20px__Bold__SingleBitPerPixelGridFit_1BPP.o
                0x00007068                OCR_A_Extended__20px__Bold__SingleBitPerPixelGridFit_1BPP_FontElement_6
 .rodata.OCR_A_Extended__20px__Bold__SingleBitPerPixelGridFit_1BPP_FontElement_single_quote
                0x00007074        0xc ./source/eGFX/Fonts/OCR_A_Extended__20px__Bold__SingleBitPerPixelGridFit_1BPP/OCR_A_Extended__20px__Bold__SingleBitPerPixelGridFit_1BPP.o
                0x00007074                OCR_A_Extended__20px__Bold__SingleBitPerPixelGridFit_1BPP_FontElement_single_quote
 .rodata.OCR_A_Extended__20px__Bold__SingleBitPerPixelGridFit_1BPP_FontElement_1_Data
                0x00007080       0x14 ./source/eGFX/Fonts/OCR_A_Extended__20px__Bold__SingleBitPerPixelGridFit_1BPP/OCR_A_Extended__20px__Bold__SingleBitPerPixelGridFit_1BPP.o
                0x00007080                OCR_A_Extended__20px__Bold__SingleBitPerPixelGridFit_1BPP_FontElement_1_Data
 .rodata.OCR_A_Extended__20px__Bold__SingleBitPerPixelGridFit_1BPP_FontElement_right_parenthesis_Data
                0x00007094       0x14 ./source/eGFX/Fonts/OCR_A_Extended__20px__Bold__SingleBitPerPixelGridFit_1BPP/OCR_A_Extended__20px__Bold__SingleBitPerPixelGridFit_1BPP.o
                0x00007094                OCR_A_Extended__20px__Bold__SingleBitPerPixelGridFit_1BPP_FontElement_right_parenthesis_Data
 .rodata.OCR_A_Extended__20px__Bold__SingleBitPerPixelGridFit_1BPP_FontElement_great_than_Data
                0x000070a8       0x14 ./source/eGFX/Fonts/OCR_A_Extended__20px__Bold__SingleBitPerPixelGridFit_1BPP/OCR_A_Extended__20px__Bold__SingleBitPerPixelGridFit_1BPP.o
                0x000070a8                OCR_A_Extended__20px__Bold__SingleBitPerPixelGridFit_1BPP_FontElement_great_than_Data
 .rodata.OCR_A_Extended__20px__Bold__SingleBitPerPixelGridFit_1BPP_FontElement_at
                0x000070bc        0xc ./source/eGFX/Fonts/OCR_A_Extended__20px__Bold__SingleBitPerPixelGridFit_1BPP/OCR_A_Extended__20px__Bold__SingleBitPerPixelGridFit_1BPP.o
                0x000070bc                OCR_A_Extended__20px__Bold__SingleBitPerPixelGridFit_1BPP_FontElement_at
 .rodata.OCR_A_Extended__20px__Bold__SingleBitPerPixelGridFit_1BPP_FontElement_single_quote_Data
                0x000070c8       0x14 ./source/eGFX/Fonts/OCR_A_Extended__20px__Bold__SingleBitPerPixelGridFit_1BPP/OCR_A_Extended__20px__Bold__SingleBitPerPixelGridFit_1BPP.o
                0x000070c8                OCR_A_Extended__20px__Bold__SingleBitPerPixelGridFit_1BPP_FontElement_single_quote_Data
 .rodata.OCR_A_Extended__20px__Bold__SingleBitPerPixelGridFit_1BPP_FontElement_4_Data
                0x000070dc       0x14 ./source/eGFX/Fonts/OCR_A_Extended__20px__Bold__SingleBitPerPixelGridFit_1BPP/OCR_A_Extended__20px__Bold__SingleBitPerPixelGridFit_1BPP.o
                0x000070dc                OCR_A_Extended__20px__Bold__SingleBitPerPixelGridFit_1BPP_FontElement_4_Data
 .rodata.OCR_A_Extended__20px__Bold__SingleBitPerPixelGridFit_1BPP_FontElement_uc_F_Data
                0x000070f0       0x14 ./source/eGFX/Fonts/OCR_A_Extended__20px__Bold__SingleBitPerPixelGridFit_1BPP/OCR_A_Extended__20px__Bold__SingleBitPerPixelGridFit_1BPP.o
                0x000070f0                OCR_A_Extended__20px__Bold__SingleBitPerPixelGridFit_1BPP_FontElement_uc_F_Data
 .rodata.OCR_A_Extended__20px__Bold__SingleBitPerPixelGridFit_1BPP_FontElement_uc_O_Data
                0x00007104       0x14 ./source/eGFX/Fonts/OCR_A_Extended__20px__Bold__SingleBitPerPixelGridFit_1BPP/OCR_A_Extended__20px__Bold__SingleBitPerPixelGridFit_1BPP.o
                0x00007104                OCR_A_Extended__20px__Bold__SingleBitPerPixelGridFit_1BPP_FontElement_uc_O_Data
 .rodata.OCR_A_Extended__20px__Bold__SingleBitPerPixelGridFit_1BPP_FontElement_uc_X_Data
                0x00007118       0x14 ./source/eGFX/Fonts/OCR_A_Extended__20px__Bold__SingleBitPerPixelGridFit_1BPP/OCR_A_Extended__20px__Bold__SingleBitPerPixelGridFit_1BPP.o
                0x00007118                OCR_A_Extended__20px__Bold__SingleBitPerPixelGridFit_1BPP_FontElement_uc_X_Data
 .rodata.OCR_A_Extended__20px__Bold__SingleBitPerPixelGridFit_1BPP_FontElement_lc_y_Data
                0x0000712c       0x28 ./source/eGFX/Fonts/OCR_A_Extended__20px__Bold__SingleBitPerPixelGridFit_1BPP/OCR_A_Extended__20px__Bold__SingleBitPerPixelGridFit_1BPP.o
                0x0000712c                OCR_A_Extended__20px__Bold__SingleBitPerPixelGridFit_1BPP_FontElement_lc_y_Data
 .rodata.OCR_A_Extended__20px__Bold__SingleBitPerPixelGridFit_1BPP_FontElement_dollar_sign
                0x00007154        0xc ./source/eGFX/Fonts/OCR_A_Extended__20px__Bold__SingleBitPerPixelGridFit_1BPP/OCR_A_Extended__20px__Bold__SingleBitPerPixelGridFit_1BPP.o
                0x00007154                OCR_A_Extended__20px__Bold__SingleBitPerPixelGridFit_1BPP_FontElement_dollar_sign