Archive member included to satisfy reference by file (symbol)

C:\Users\Eli Hughes\Desktop\FIT2017_LPC54628\SRC\Demo 3 - Audio Spectrum Analyzer\libs\libfsl_power_lib.a(fsl_power_lib.o)
                              ./source/lpcxpresso54608/clock_config.o (POWER_SetVoltageForFreq)
C:\Users\Eli Hughes\Desktop\FIT2017_LPC54628\SRC\Demo 3 - Audio Spectrum Analyzer\libs\libCMSIS_DSP_4_5_0_O3_HARD.a(arm_rfft_fast_f32.o)
                              ./source/main.o (arm_rfft_fast_f32)
C:\Users\Eli Hughes\Desktop\FIT2017_LPC54628\SRC\Demo 3 - Audio Spectrum Analyzer\libs\libCMSIS_DSP_4_5_0_O3_HARD.a(arm_rfft_fast_init_f32.o)
                              ./source/main.o (arm_rfft_fast_init_f32)
C:\Users\Eli Hughes\Desktop\FIT2017_LPC54628\SRC\Demo 3 - Audio Spectrum Analyzer\libs\libCMSIS_DSP_4_5_0_O3_HARD.a(arm_cmplx_mag_squared_f32.o)
                              ./source/main.o (arm_cmplx_mag_squared_f32)
C:\Users\Eli Hughes\Desktop\FIT2017_LPC54628\SRC\Demo 3 - Audio Spectrum Analyzer\libs\libCMSIS_DSP_4_5_0_O3_HARD.a(arm_common_tables.o)
                              C:\Users\Eli Hughes\Desktop\FIT2017_LPC54628\SRC\Demo 3 - Audio Spectrum Analyzer\libs\libCMSIS_DSP_4_5_0_O3_HARD.a(arm_rfft_fast_init_f32.o) (twiddleCoef_rfft_4096)
C:\Users\Eli Hughes\Desktop\FIT2017_LPC54628\SRC\Demo 3 - Audio Spectrum Analyzer\libs\libCMSIS_DSP_4_5_0_O3_HARD.a(arm_cfft_f32.o)
                              C:\Users\Eli Hughes\Desktop\FIT2017_LPC54628\SRC\Demo 3 - Audio Spectrum Analyzer\libs\libCMSIS_DSP_4_5_0_O3_HARD.a(arm_rfft_fast_f32.o) (arm_cfft_f32)
C:\Users\Eli Hughes\Desktop\FIT2017_LPC54628\SRC\Demo 3 - Audio Spectrum Analyzer\libs\libCMSIS_DSP_4_5_0_O3_HARD.a(arm_cfft_radix8_f32.o)
                              C:\Users\Eli Hughes\Desktop\FIT2017_LPC54628\SRC\Demo 3 - Audio Spectrum Analyzer\libs\libCMSIS_DSP_4_5_0_O3_HARD.a(arm_cfft_f32.o) (arm_radix8_butterfly_f32)
C:\Users\Eli Hughes\Desktop\FIT2017_LPC54628\SRC\Demo 3 - Audio Spectrum Analyzer\libs\libCMSIS_DSP_4_5_0_O3_HARD.a(arm_bitreversal2.o)
                              C:\Users\Eli Hughes\Desktop\FIT2017_LPC54628\SRC\Demo 3 - Audio Spectrum Analyzer\libs\libCMSIS_DSP_4_5_0_O3_HARD.a(arm_cfft_f32.o) (arm_bitreversal_32)
c:/nxp/mcuxpressoide_10.0.2_411/ide/tools/bin/../lib/gcc/arm-none-eabi/5.4.1/../../../../arm-none-eabi/lib/armv7e-m/fpu\libcr_nohost_nf.a(_cr__main.o)
                              ./source/startup/startup_LPC54608.o (__main)
c:/nxp/mcuxpressoide_10.0.2_411/ide/tools/bin/../lib/gcc/arm-none-eabi/5.4.1/../../../../arm-none-eabi/lib/armv7e-m/fpu\libcr_nohost_nf.a(_cr_assert.o)
                              ./source/lpcxpresso54608/board.o (__assertion_failed)
c:/nxp/mcuxpressoide_10.0.2_411/ide/tools/bin/../lib/gcc/arm-none-eabi/5.4.1/../../../../arm-none-eabi/lib/armv7e-m/fpu\libcr_nohost_nf.a(__ciob.o)
                              c:/nxp/mcuxpressoide_10.0.2_411/ide/tools/bin/../lib/gcc/arm-none-eabi/5.4.1/../../../../arm-none-eabi/lib/armv7e-m/fpu\libcr_nohost_nf.a(_cr_assert.o) (__Ciob)
c:/nxp/mcuxpressoide_10.0.2_411/ide/tools/bin/../lib/gcc/arm-none-eabi/5.4.1/../../../../arm-none-eabi/lib/armv7e-m/fpu\libcr_nohost_nf.a(__sys_appexit.o)
                              c:/nxp/mcuxpressoide_10.0.2_411/ide/tools/bin/../lib/gcc/arm-none-eabi/5.4.1/../../../../arm-none-eabi/lib/armv7e-m/fpu\libcr_nohost_nf.a(_cr_assert.o) (__sys_appexit)
c:/nxp/mcuxpressoide_10.0.2_411/ide/tools/bin/../lib/gcc/arm-none-eabi/5.4.1/../../../../arm-none-eabi/lib/armv7e-m/fpu\libcr_c.a(memcpy.o)
                              ./source/eGFX/eGFX.o (memcpy)
c:/nxp/mcuxpressoide_10.0.2_411/ide/tools/bin/../lib/gcc/arm-none-eabi/5.4.1/../../../../arm-none-eabi/lib/armv7e-m/fpu\libcr_c.a(memset.o)
                              ./source/eGFX/Drivers/eGFX_Driver_LPCXPresso_54608.o (memset)
c:/nxp/mcuxpressoide_10.0.2_411/ide/tools/bin/../lib/gcc/arm-none-eabi/5.4.1/../../../../arm-none-eabi/lib/armv7e-m/fpu\libcr_c.a(_deferredlazyseek.o)
                              c:/nxp/mcuxpressoide_10.0.2_411/ide/tools/bin/../lib/gcc/arm-none-eabi/5.4.1/../../../../arm-none-eabi/lib/armv7e-m/fpu\libcr_nohost_nf.a(_cr_assert.o) (__flsbuf)
c:/nxp/mcuxpressoide_10.0.2_411/ide/tools/bin/../lib/gcc/arm-none-eabi/5.4.1/../../../../arm-none-eabi/lib/armv7e-m/fpu\libcr_c.a(_fflush.o)
                              c:/nxp/mcuxpressoide_10.0.2_411/ide/tools/bin/../lib/gcc/arm-none-eabi/5.4.1/../../../../arm-none-eabi/lib/armv7e-m/fpu\libcr_c.a(_deferredlazyseek.o) (_fflush)
c:/nxp/mcuxpressoide_10.0.2_411/ide/tools/bin/../lib/gcc/arm-none-eabi/5.4.1/../../../../arm-none-eabi/lib/armv7e-m/fpu\libcr_c.a(_writebuf.o)
                              c:/nxp/mcuxpressoide_10.0.2_411/ide/tools/bin/../lib/gcc/arm-none-eabi/5.4.1/../../../../arm-none-eabi/lib/armv7e-m/fpu\libcr_c.a(_deferredlazyseek.o) (_Cwritebuf)
c:/nxp/mcuxpressoide_10.0.2_411/ide/tools/bin/../lib/gcc/arm-none-eabi/5.4.1/../../../../arm-none-eabi/lib/armv7e-m/fpu\libcr_c.a(alloc.o)
[...]
Memory Configuration

Name             Origin             Length             Attributes
PROGRAM_FLASH    0x00000000         0x00080000         xr
BOARD_FLASH      0x10000000         0x01000000         xr
SRAM_0_1_2_3     0x20000000         0x00028000         xrw
SRAMX            0x04000000         0x00008000         xrw
USB_RAM          0x40100000         0x00002000         xrw
BOARD_SDRAM      0xa0000000         0x01000000         xrw
*default*        0x00000000         0xffffffff

Linker script and memory map

LOAD ./source/utilities/fsl_debug_console.o
LOAD ./source/startup/startup_LPC54608.o
LOAD ./source/lpcxpresso54608/board.o
LOAD ./source/lpcxpresso54608/clock_config.o
LOAD ./source/lpcxpresso54608/pin_mux.o
LOAD ./source/eGFX/Sprites/Sprites_16BPP_565.o
LOAD ./source/eGFX/Fonts/OCR_A_Extended__20px__Bold__SingleBitPerPixelGridFit_1BPP/OCR_A_Extended__20px__Bold__SingleBitPerPixelGridFit_1BPP.o
LOAD ./source/eGFX/Fonts/Magneto__26px__Regular__AntiAliasGridFit_16BPP_565/Magneto__26px__Regular__AntiAliasGridFit_16BPP_565.o
LOAD ./source/eGFX/Fonts/Consolas__26px__Regular__AntiAliasGridFit_1BPP/Consolas__26px__Regular__AntiAliasGridFit_1BPP.o
LOAD ./source/eGFX/Fonts/Arial__23px__Regular__SystemDefault_1BPP/Arial__23px__Regular__SystemDefault_1BPP.o
LOAD ./source/eGFX/Fonts/FONT_3_5_1BPP.o
LOAD ./source/eGFX/Fonts/FONT_3_5_4BPP.o
LOAD ./source/eGFX/Fonts/FONT_3_5_8BPP.o
LOAD ./source/eGFX/Fonts/FONT_5_7_1BPP.o
LOAD ./source/eGFX/Fonts/FONT_5_7_4BPP.o
LOAD ./source/eGFX/Fonts/FONT_5_7_8BPP.o
LOAD ./source/eGFX/Drivers/eGFX_Driver_LPCXPresso_54608.o
LOAD ./source/eGFX/eGFX.o
LOAD ./source/drivers/fsl_adc.o
LOAD ./source/drivers/fsl_clock.o
LOAD ./source/drivers/fsl_common.o
LOAD ./source/drivers/fsl_crc.o
LOAD ./source/drivers/fsl_ctimer.o
LOAD ./source/drivers/fsl_dma.o
LOAD ./source/drivers/fsl_dmic.o
LOAD ./source/drivers/fsl_dmic_dma.o
LOAD ./source/drivers/fsl_eeprom.o
LOAD ./source/drivers/fsl_emc.o
LOAD ./source/drivers/fsl_enet.o
LOAD ./source/drivers/fsl_flashiap.o
LOAD ./source/drivers/fsl_flexcomm.o
LOAD ./source/drivers/fsl_fmc.o
LOAD ./source/drivers/fsl_fmeas.o
LOAD ./source/drivers/fsl_gint.o
LOAD ./source/drivers/fsl_gpio.o
LOAD ./source/drivers/fsl_i2c.o
LOAD ./source/drivers/fsl_i2c_dma.o
LOAD ./source/drivers/fsl_i2s.o
LOAD ./source/drivers/fsl_i2s_dma.o
LOAD ./source/drivers/fsl_inputmux.o
LOAD ./source/drivers/fsl_lcdc.o
LOAD ./source/drivers/fsl_mcan.o
LOAD ./source/drivers/fsl_mrt.o
LOAD ./source/drivers/fsl_pint.o
LOAD ./source/drivers/fsl_power.o
LOAD ./source/drivers/fsl_reset.o
LOAD ./source/drivers/fsl_rit.o
LOAD ./source/drivers/fsl_rtc.o
LOAD ./source/drivers/fsl_sctimer.o
LOAD ./source/drivers/fsl_sdif.o
LOAD ./source/drivers/fsl_spi.o
LOAD ./source/drivers/fsl_spi_dma.o
LOAD ./source/drivers/fsl_spifi.o
LOAD ./source/drivers/fsl_spifi_dma.o
LOAD ./source/drivers/fsl_usart.o
LOAD ./source/drivers/fsl_usart_dma.o
LOAD ./source/drivers/fsl_utick.o
LOAD ./source/drivers/fsl_wwdt.o
LOAD ./source/TouchScreen/fsl_ft5406.o
LOAD ./source/CMSIS/system_LPC54608.o
LOAD ./source/Audio/Audio.o
LOAD ./source/Audio/fsl_wm8904.o
LOAD ./source/main.o
LOAD C:\Users\Eli Hughes\Desktop\FIT2017_LPC54628\SRC\Demo 3 - Audio Spectrum Analyzer\libs\libfsl_power_lib.a
LOAD C:\Users\Eli Hughes\Desktop\FIT2017_LPC54628\SRC\Demo 3 - Audio Spectrum Analyzer\libs\libCMSIS_DSP_4_5_0_O3_HARD.a
START GROUP
LOAD c:/nxp/mcuxpressoide_10.0.2_411/ide/tools/bin/../lib/gcc/arm-none-eabi/5.4.1/../../../../arm-none-eabi/lib/armv7e-m/fpu\libcr_nohost_nf.a
LOAD c:/nxp/mcuxpressoide_10.0.2_411/ide/tools/bin/../lib/gcc/arm-none-eabi/5.4.1/../../../../arm-none-eabi/lib/armv7e-m/fpu\libcr_c.a
LOAD c:/nxp/mcuxpressoide_10.0.2_411/ide/tools/bin/../lib/gcc/arm-none-eabi/5.4.1/armv7e-m/fpu\libcr_eabihelpers.a
END GROUP
                0x00000000                __base_PROGRAM_FLASH = 0x0
                0x00000000                __base_Flash = 0x0
                0x00080000                __top_PROGRAM_FLASH = 0x80000
                0x00080000                __top_Flash = 0x80000
                0x10000000                __base_BOARD_FLASH = 0x10000000
                0x10000000                __base_Flash2 = 0x10000000
                0x11000000                __top_BOARD_FLASH = 0x11000000
                0x11000000                __top_Flash2 = 0x11000000
                0x20000000                __base_SRAM_0_1_2_3 = 0x20000000
                0x20000000                __base_RAM = 0x20000000
                0x20028000                __top_SRAM_0_1_2_3 = 0x20028000
                0x20028000                __top_RAM = 0x20028000
                0x04000000                __base_SRAMX = 0x4000000
                0x04000000                __base_RAM2 = 0x4000000
                0x04008000                __top_SRAMX = 0x4008000
                0x04008000                __top_RAM2 = 0x4008000
                0x40100000                __base_USB_RAM = 0x40100000
                0x40100000                __base_RAM3 = 0x40100000
                0x40102000                __top_USB_RAM = 0x40102000
                0x40102000                __top_RAM3 = 0x40102000
                0xa0000000                __base_BOARD_SDRAM = 0xa0000000
                0xa0000000                __base_RAM4 = 0xa0000000
                0xa1000000                __top_BOARD_SDRAM = 0xa1000000
                0xa1000000                __top_RAM4 = 0xa1000000

.text_Flash2    0x10000000     0x2c00
 FILL mask 0xff
 *(.text_Flash2*)
 *(.text_BOARD_FLASH*)
 *(.text.$Flash2*)
 *(.text.$BOARD_FLASH*)
 *(.rodata.$Flash2*)
 *(.rodata.$BOARD_FLASH*)
 .rodata.$BOARD_FLASH
                0x10000000     0x2c00 ./source/eGFX/Sprites/Sprites_16BPP_565.o
                0x10000000                Sprite_16BPP_565_galileo_Data
                0x10002bf4                Sprite_16BPP_565_galileo

.text           0x00000000    0x1de78
 FILL mask 0xff
                0x00000000                __vectors_start__ = ABSOLUTE (.)
 *(.isr_vector)
 .isr_vector    0x00000000      0x124 ./source/startup/startup_LPC54608.o
                0x00000000                g_pfnVectors
                0x00000000                __Vectors
                0x00000124                . = ALIGN (0x4)
                0x00000124                __section_table_start = .
                0x00000124                __data_section_table = .
                0x00000124        0x4 LONG 0x1de78 LOADADDR (.data)
                0x00000128        0x4 LONG 0x20000000 ADDR (.data)
                0x0000012c        0x4 LONG 0x30 SIZEOF (.data)
                0x00000130        0x4 LONG 0x1de78 LOADADDR (.data_RAM2)
                0x00000134        0x4 LONG 0x4000000 ADDR (.data_RAM2)
                0x00000138        0x4 LONG 0x0 SIZEOF (.data_RAM2)
                0x0000013c        0x4 LONG 0x1de78 LOADADDR (.data_RAM3)
                0x00000140        0x4 LONG 0x40100000 ADDR (.data_RAM3)
                0x00000144        0x4 LONG 0x0 SIZEOF (.data_RAM3)
                0x00000148        0x4 LONG 0x1de78 LOADADDR (.data_RAM4)
                0x0000014c        0x4 LONG 0xa0000000 ADDR (.data_RAM4)
                0x00000150        0x4 LONG 0x0 SIZEOF (.data_RAM4)
                0x00000154                __data_section_table_end = .
                0x00000154                __bss_section_table = .
                0x00000154        0x4 LONG 0x20000200 ADDR (.bss)
                0x00000158        0x4 LONG 0x2a10 SIZEOF (.bss)
                0x0000015c        0x4 LONG 0x4000000 ADDR (.bss_RAM2)
                0x00000160        0x4 LONG 0x0 SIZEOF (.bss_RAM2)
                0x00000164        0x4 LONG 0x40100000 ADDR (.bss_RAM3)
                0x00000168        0x4 LONG 0x0 SIZEOF (.bss_RAM3)
                0x0000016c        0x4 LONG 0xa0000000 ADDR (.bss_RAM4)
                0x00000170        0x4 LONG 0x0 SIZEOF (.bss_RAM4)
                0x00000174                __bss_section_table_end = .
                0x00000174                __section_table_end = .
 *(.after_vectors*)
 .after_vectors
                0x00000174       0x28 ./source/startup/startup_LPC54608.o
                0x00000174                NMI_Handler
                0x00000178                HardFault_Handler
                0x0000017c                MemManage_Handler
                0x00000180                BusFault_Handler
                0x00000184                UsageFault_Handler
                0x00000188                SVC_Handler
                0x0000018c                DebugMon_Handler
                0x00000190                PendSV_Handler
                0x00000194                SysTick_Handler
                0x00000198                IntDefaultHandler
                0x00000198                USB0_DriverIRQHandler
                0x00000198                MRT0_DriverIRQHandler
                0x00000198                Reserved47_DriverIRQHandler
                0x00000198                ADC0_THCMP_DriverIRQHandler
                0x00000198                USB0_NEEDCLK_DriverIRQHandler
                0x00000198                ADC0_SEQB_DriverIRQHandler
                0x00000198                RIT_DriverIRQHandler
                0x00000198                ETHERNET_MACLP_DriverIRQHandler
                0x00000198                HWVAD0_DriverIRQHandler
                0x00000198                RTC_DriverIRQHandler
                0x00000198                LCD_DriverIRQHandler
                0x00000198                SPIFI0_DriverIRQHandler
                0x00000198                EEPROM_DriverIRQHandler
                0x00000198                ETHERNET_PMT_DriverIRQHandler
                0x00000198                USB1_DriverIRQHandler
                0x00000198                ADC0_SEQA_DriverIRQHandler
                0x00000198                USB1_NEEDCLK_DriverIRQHandler
                0x00000198                SMARTCARD0_DriverIRQHandler
                0x00000198                FLEXCOMM7_DriverIRQHandler
                0x00000198                SHA_DriverIRQHandler
                0x00000198                SMARTCARD1_DriverIRQHandler
                0x00000198                FLEXCOMM6_DriverIRQHandler
                0x00000198                Reserved46_DriverIRQHandler
                0x00000198                WDT_BOD_DriverIRQHandler
                0x00000198                SCT0_DriverIRQHandler
 .after_vectors.init_data
                0x0000019c       0x1c ./source/startup/startup_LPC54608.o
                0x0000019c                data_init
 .after_vectors.init_bss
                0x000001b8       0x14 ./source/startup/startup_LPC54608.o
                0x000001b8                bss_init
 .after_vectors.reset
                0x000001cc       0x58 ./source/startup/startup_LPC54608.o
                0x000001cc                ResetISR
 *(.text*)
 .text.DbgConsole_Init
                0x00000224       0x50 ./source/utilities/fsl_debug_console.o
                0x00000224                DbgConsole_Init
 .text.__sys_write
                0x00000274       0x24 ./source/utilities/fsl_debug_console.o
                0x00000274                __sys_write
 .text.WDT_BOD_IRQHandler
                0x00000298        0x8 ./source/startup/startup_LPC54608.o
                0x00000298                WDT_BOD_IRQHandler
 .text.DMA0_IRQHandler
                0x000002a0        0x8 ./source/startup/startup_LPC54608.o
                0x000002a0                DMA0_IRQHandler
 .text.GINT0_IRQHandler
                0x000002a8        0x8 ./source/startup/startup_LPC54608.o
                0x000002a8                GINT0_IRQHandler
 .text.GINT1_IRQHandler
                0x000002b0        0x8 ./source/startup/startup_LPC54608.o
                0x000002b0                GINT1_IRQHandler
 .text.PIN_INT0_IRQHandler
                0x000002b8        0x8 ./source/startup/startup_LPC54608.o
                0x000002b8                PIN_INT0_IRQHandler
 .text.PIN_INT1_IRQHandler
                0x000002c0        0x8 ./source/startup/startup_LPC54608.o
                0x000002c0                PIN_INT1_IRQHandler
 .text.PIN_INT2_IRQHandler
                0x000002c8        0x8 ./source/startup/startup_LPC54608.o
                0x000002c8                PIN_INT2_IRQHandler
 .text.PIN_INT3_IRQHandler
                0x000002d0        0x8 ./source/startup/startup_LPC54608.o
                0x000002d0                PIN_INT3_IRQHandler
 .text.UTICK0_IRQHandler
                0x000002d8        0x8 ./source/startup/startup_LPC54608.o
                0x000002d8                UTICK0_IRQHandler
 .text.MRT0_IRQHandler
                0x000002e0        0x8 ./source/startup/startup_LPC54608.o
                0x000002e0                MRT0_IRQHandler
 .text.CTIMER0_IRQHandler
                0x000002e8        0x8 ./source/startup/startup_LPC54608.o
                0x000002e8                CTIMER0_IRQHandler
 .text.CTIMER1_IRQHandler
                0x000002f0        0x8 ./source/startup/startup_LPC54608.o
                0x000002f0                CTIMER1_IRQHandler
 .text.CTIMER3_IRQHandler
                0x000002f8        0x8 ./source/startup/startup_LPC54608.o
                0x000002f8                CTIMER3_IRQHandler
 .text.FLEXCOMM0_IRQHandler
                0x00000300        0x8 ./source/startup/startup_LPC54608.o
                0x00000300                FLEXCOMM0_IRQHandler
 .text.FLEXCOMM1_IRQHandler
                0x00000308        0x8 ./source/startup/startup_LPC54608.o
                0x00000308                FLEXCOMM1_IRQHandler
 .text.FLEXCOMM2_IRQHandler
                0x00000310        0x8 ./source/startup/startup_LPC54608.o
                0x00000310                FLEXCOMM2_IRQHandler
 .text.FLEXCOMM3_IRQHandler
                0x00000318        0x8 ./source/startup/startup_LPC54608.o
                0x00000318                FLEXCOMM3_IRQHandler
 .text.FLEXCOMM4_IRQHandler
                0x00000320        0x8 ./source/startup/startup_LPC54608.o
                0x00000320                FLEXCOMM4_IRQHandler
 .text.FLEXCOMM5_IRQHandler
                0x00000328        0x8 ./source/startup/startup_LPC54608.o
                0x00000328                FLEXCOMM5_IRQHandler
 .text.FLEXCOMM6_IRQHandler
                0x00000330        0x8 ./source/startup/startup_LPC54608.o
                0x00000330                FLEXCOMM6_IRQHandler
 .text.FLEXCOMM7_IRQHandler
                0x00000338        0x8 ./source/startup/startup_LPC54608.o
                0x00000338                FLEXCOMM7_IRQHandler
 .text.ADC0_SEQA_IRQHandler
                0x00000340        0x8 ./source/startup/startup_LPC54608.o
                0x00000340                ADC0_SEQA_IRQHandler
 .text.ADC0_SEQB_IRQHandler
                0x00000348        0x8 ./source/startup/startup_LPC54608.o
                0x00000348                ADC0_SEQB_IRQHandler
 .text.ADC0_THCMP_IRQHandler
                0x00000350        0x8 ./source/startup/startup_LPC54608.o
                0x00000350                ADC0_THCMP_IRQHandler
 .text.USB0_NEEDCLK_IRQHandler
                0x00000358        0x8 ./source/startup/startup_LPC54608.o
                0x00000358                USB0_NEEDCLK_IRQHandler
 .text.USB0_IRQHandler
                0x00000360        0x8 ./source/startup/startup_LPC54608.o
                0x00000360                USB0_IRQHandler
 .text.RTC_IRQHandler
                0x00000368        0x8 ./source/startup/startup_LPC54608.o
                0x00000368                RTC_IRQHandler
 .text.Reserved46_IRQHandler
                0x00000370        0x8 ./source/startup/startup_LPC54608.o
                0x00000370                Reserved46_IRQHandler
 .text.Reserved47_IRQHandler
                0x00000378        0x8 ./source/startup/startup_LPC54608.o
                0x00000378                Reserved47_IRQHandler
 .text.PIN_INT4_IRQHandler
                0x00000380        0x8 ./source/startup/startup_LPC54608.o
                0x00000380                PIN_INT4_IRQHandler
 .text.PIN_INT5_IRQHandler
                0x00000388        0x8 ./source/startup/startup_LPC54608.o
                0x00000388                PIN_INT5_IRQHandler
 .text.PIN_INT6_IRQHandler
                0x00000390        0x8 ./source/startup/startup_LPC54608.o
                0x00000390                PIN_INT6_IRQHandler
 .text.PIN_INT7_IRQHandler
                0x00000398        0x8 ./source/startup/startup_LPC54608.o
                0x00000398                PIN_INT7_IRQHandler
 .text.CTIMER2_IRQHandler
                0x000003a0        0x8 ./source/startup/startup_LPC54608.o
                0x000003a0                CTIMER2_IRQHandler
 .text.CTIMER4_IRQHandler
                0x000003a8        0x8 ./source/startup/startup_LPC54608.o
                0x000003a8                CTIMER4_IRQHandler
 .text.RIT_IRQHandler
                0x000003b0        0x8 ./source/startup/startup_LPC54608.o
                0x000003b0                RIT_IRQHandler
 .text.SPIFI0_IRQHandler
                0x000003b8        0x8 ./source/startup/startup_LPC54608.o
                0x000003b8                SPIFI0_IRQHandler
 .text.FLEXCOMM8_IRQHandler
                0x000003c0        0x8 ./source/startup/startup_LPC54608.o
                0x000003c0                FLEXCOMM8_IRQHandler
 .text.FLEXCOMM9_IRQHandler
                0x000003c8        0x8 ./source/startup/startup_LPC54608.o
                0x000003c8                FLEXCOMM9_IRQHandler
 .text.SDIO_IRQHandler
                0x000003d0        0x8 ./source/startup/startup_LPC54608.o
                0x000003d0                SDIO_IRQHandler
 .text.CAN0_IRQ0_IRQHandler
                0x000003d8        0x8 ./source/startup/startup_LPC54608.o
                0x000003d8                CAN0_IRQ0_IRQHandler
 .text.CAN0_IRQ1_IRQHandler
                0x000003e0        0x8 ./source/startup/startup_LPC54608.o
                0x000003e0                CAN0_IRQ1_IRQHandler
 .text.CAN1_IRQ0_IRQHandler
                0x000003e8        0x8 ./source/startup/startup_LPC54608.o
                0x000003e8                CAN1_IRQ0_IRQHandler
 .text.CAN1_IRQ1_IRQHandler
                0x000003f0        0x8 ./source/startup/startup_LPC54608.o
                0x000003f0                CAN1_IRQ1_IRQHandler
 .text.USB1_IRQHandler
                0x000003f8        0x8 ./source/startup/startup_LPC54608.o
                0x000003f8                USB1_IRQHandler
 .text.USB1_NEEDCLK_IRQHandler
                0x00000400        0x8 ./source/startup/startup_LPC54608.o
                0x00000400                USB1_NEEDCLK_IRQHandler
 .text.ETHERNET_IRQHandler
                0x00000408        0x8 ./source/startup/startup_LPC54608.o
                0x00000408                ETHERNET_IRQHandler
 .text.ETHERNET_PMT_IRQHandler
                0x00000410        0x8 ./source/startup/startup_LPC54608.o
                0x00000410                ETHERNET_PMT_IRQHandler
 .text.ETHERNET_MACLP_IRQHandler
                0x00000418        0x8 ./source/startup/startup_LPC54608.o
                0x00000418                ETHERNET_MACLP_IRQHandler
 .text.EEPROM_IRQHandler
                0x00000420        0x8 ./source/startup/startup_LPC54608.o
                0x00000420                EEPROM_IRQHandler
 .text.SHA_IRQHandler
                0x00000428        0x8 ./source/startup/startup_LPC54608.o
                0x00000428                SHA_IRQHandler
 .text.SMARTCARD0_IRQHandler
                0x00000430        0x8 ./source/startup/startup_LPC54608.o
                0x00000430                SMARTCARD0_IRQHandler
 .text.SMARTCARD1_IRQHandler
                0x00000438        0x8 ./source/startup/startup_LPC54608.o
                0x00000438                SMARTCARD1_IRQHandler
 .text.BOARD_InitDebugConsole
                0x00000440       0x3c ./source/lpcxpresso54608/board.o
                0x00000440                BOARD_InitDebugConsole
 .text.BOARD_InitSDRAM
                0x0000047c       0x94 ./source/lpcxpresso54608/board.o
                0x0000047c                BOARD_InitSDRAM
 .text.BOARD_InitSPIFI_ExternalFlash
                0x00000510       0x8c ./source/lpcxpresso54608/board.o
                0x00000510                BOARD_InitSPIFI_ExternalFlash
 .text.BOARD_BootClockPLL180M
                0x0000059c       0x78 ./source/lpcxpresso54608/clock_config.o
                0x0000059c                BOARD_BootClockPLL180M
 .text.BOARD_InitPins
                0x00000614      0x20c ./source/lpcxpresso54608/pin_mux.o
                0x00000614                BOARD_InitPins
 .text.eGFX_ImagePlane_Clear_Callback
                0x00000820       0x10 ./source/eGFX/Drivers/eGFX_Driver_LPCXPresso_54608.o
                0x00000820                eGFX_ImagePlane_Clear_Callback
 .text.LCD_IRQHandler
                0x00000830       0x2c ./source/eGFX/Drivers/eGFX_Driver_LPCXPresso_54608.o
                0x00000830                LCD_IRQHandler
 .text.eGFX_InitDriver
                0x0000085c      0x12c ./source/eGFX/Drivers/eGFX_Driver_LPCXPresso_54608.o
                0x0000085c                eGFX_InitDriver
 .text.eGFX_Dump
                0x00000988       0x38 ./source/eGFX/Drivers/eGFX_Driver_LPCXPresso_54608.o
                0x00000988                eGFX_Dump
 .text.eGFX_DMA_16BPP_Blit
                0x000009c0      0x170 ./source/eGFX/Drivers/eGFX_Driver_LPCXPresso_54608.o
                0x000009c0                eGFX_DMA_16BPP_Blit
 .text.eGFX_ImagePlane_16BPP_ClearToColor
                0x00000b30      0x160 ./source/eGFX/Drivers/eGFX_Driver_LPCXPresso_54608.o
                0x00000b30                eGFX_ImagePlane_16BPP_ClearToColor
 .text.eGFX_BitStreamPut
                0x00000c90       0x30 ./source/eGFX/eGFX.o
                0x00000c90                eGFX_BitStreamPut
 .text.eGFX_BitStreamGet
                0x00000cc0       0x14 ./source/eGFX/eGFX.o
                0x00000cc0                eGFX_BitStreamGet
 .text.eGFX_PutPixel
                0x00000cd4      0x124 ./source/eGFX/eGFX.o
                0x00000cd4                eGFX_PutPixel
 .text.eGFX_GetPixel
                0x00000df8       0xec ./source/eGFX/eGFX.o
                0x00000df8                eGFX_GetPixel
 .text.eGFX_DrawVline
                0x00000ee4       0x44 ./source/eGFX/eGFX.o
                0x00000ee4                eGFX_DrawVline
 .text.eGFX_DrawLine
                0x00000f28      0x1c8 ./source/eGFX/eGFX.o
                0x00000f28                eGFX_DrawLine
 .text.eGFX_GetStringWidth
                0x000010f0       0x3c ./source/eGFX/eGFX.o
                0x000010f0                eGFX_GetStringWidth
 .text.eGFX_BlitColored
                0x0000112c       0x70 ./source/eGFX/eGFX.o
                0x0000112c                eGFX_BlitColored
 .text.eGFX_DrawCharacterColored
                0x0000119c       0x48 ./source/eGFX/eGFX.o
                0x0000119c                eGFX_DrawCharacterColored
 .text.eGFX_DrawStringColored
                0x000011e4       0x54 ./source/eGFX/eGFX.o
                0x000011e4                eGFX_DrawStringColored
 .text.eGFX_printf_Colored
                0x00001238       0x4c ./source/eGFX/eGFX.o
                0x00001238                eGFX_printf_Colored
 .text.eGFX_ImagePlaneInit
                0x00001284       0x14 ./source/eGFX/eGFX.o
                0x00001284                eGFX_ImagePlaneInit
 .text.CLOCK_AttachClk
                0x00001298       0x60 ./source/drivers/fsl_clock.o
                0x00001298                CLOCK_AttachClk
 .text.CLOCK_SetClkDiv
                0x000012f8       0x24 ./source/drivers/fsl_clock.o
                0x000012f8                CLOCK_SetClkDiv
 .text.CLOCK_GetClockOutClkFreq
                0x0000131c      0x160 ./source/drivers/fsl_clock.o
                0x0000131c                CLOCK_GetClockOutClkFreq
 .text.CLOCK_GetSpifiClkFreq
                0x0000147c      0x13c ./source/drivers/fsl_clock.o
                0x0000147c                CLOCK_GetSpifiClkFreq
 .text.CLOCK_GetFroHfFreq
                0x000015b8       0x34 ./source/drivers/fsl_clock.o
                0x000015b8                CLOCK_GetFroHfFreq
 .text.CLOCK_GetCoreSysClkFreq
                0x000015ec       0xe0 ./source/drivers/fsl_clock.o
                0x000015ec                CLOCK_GetCoreSysClkFreq
 .text.CLOCK_GetFlexCommClkFreq
                0x000016cc       0xbc ./source/drivers/fsl_clock.o
                0x000016cc                CLOCK_GetFlexCommClkFreq
 .text.CLOCK_GetFreq
                0x00001788      0x600 ./source/drivers/fsl_clock.o
                0x00001788                CLOCK_GetFreq
 .text.CLOCK_SetFLASHAccessCyclesForFreq
                0x00001d88      0x100 ./source/drivers/fsl_clock.o
                0x00001d88                CLOCK_SetFLASHAccessCyclesForFreq
 .text.CLOCK_SetPLLFreq
                0x00001e88       0xe4 ./source/drivers/fsl_clock.o
                0x00001e88                CLOCK_SetPLLFreq
 .text.CTIMER0_DriverIRQHandler
                0x00001f6c       0x50 ./source/drivers/fsl_ctimer.o
                0x00001f6c                CTIMER0_DriverIRQHandler
 .text.CTIMER1_DriverIRQHandler
                0x00001fbc       0x50 ./source/drivers/fsl_ctimer.o
                0x00001fbc                CTIMER1_DriverIRQHandler
 .text.CTIMER2_DriverIRQHandler
                0x0000200c       0x50 ./source/drivers/fsl_ctimer.o
                0x0000200c                CTIMER2_DriverIRQHandler
 .text.CTIMER3_DriverIRQHandler
                0x0000205c       0x50 ./source/drivers/fsl_ctimer.o
                0x0000205c                CTIMER3_DriverIRQHandler
 .text.CTIMER4_DriverIRQHandler
                0x000020ac       0x50 ./source/drivers/fsl_ctimer.o
                0x000020ac                CTIMER4_DriverIRQHandler
 .text.DMA_Init
                0x000020fc       0x20 ./source/drivers/fsl_dma.o
                0x000020fc                DMA_Init
 .text.DMA_CreateDescriptor
                0x0000211c      0x1c8 ./source/drivers/fsl_dma.o
                0x0000211c                DMA_CreateDescriptor
 .text.DMA_CreateHandle
                0x000022e4       0x50 ./source/drivers/fsl_dma.o
                0x000022e4                DMA_CreateHandle
 .text.DMA_SetCallback
                0x00002334       0x14 ./source/drivers/fsl_dma.o
                0x00002334                DMA_SetCallback
 .text.DMA_PrepareTransfer
                0x00002348       0xbc ./source/drivers/fsl_dma.o
                0x00002348                DMA_PrepareTransfer
 .text.DMA_SubmitTransfer
                0x00002404      0x21c ./source/drivers/fsl_dma.o
                0x00002404                DMA_SubmitTransfer
 .text.DMA_StartTransfer
                0x00002620       0x58 ./source/drivers/fsl_dma.o
                0x00002620                DMA_StartTransfer
 .text.DMA0_DriverIRQHandler
                0x00002678       0x7c ./source/drivers/fsl_dma.o
                0x00002678                DMA0_DriverIRQHandler
 .text.HWVAD0_IRQHandler
                0x000026f4       0x10 ./source/drivers/fsl_dmic.o
                0x000026f4                HWVAD0_IRQHandler
 .text.EMC_Init
                0x00002704       0x54 ./source/drivers/fsl_emc.o
                0x00002704                EMC_Init
 .text.EMC_DynamicMemInit
                0x00002758      0x714 ./source/drivers/fsl_emc.o
                0x00002758                EMC_DynamicMemInit
 .text.ETHERNET_DriverIRQHandler
                0x00002e6c       0x18 ./source/drivers/fsl_enet.o
                0x00002e6c                ETHERNET_DriverIRQHandler
 .text.FLEXCOMM_Init
                0x00002e84      0x114 ./source/drivers/fsl_flexcomm.o
                0x00002e84                FLEXCOMM_Init
 .text.FLEXCOMM0_DriverIRQHandler
                0x00002f98       0x28 ./source/drivers/fsl_flexcomm.o
                0x00002f98                FLEXCOMM0_DriverIRQHandler
 .text.FLEXCOMM1_DriverIRQHandler
                0x00002fc0       0x28 ./source/drivers/fsl_flexcomm.o
                0x00002fc0                FLEXCOMM1_DriverIRQHandler
 .text.FLEXCOMM2_DriverIRQHandler
                0x00002fe8       0x28 ./source/drivers/fsl_flexcomm.o
                0x00002fe8                FLEXCOMM2_DriverIRQHandler
 .text.FLEXCOMM3_DriverIRQHandler
                0x00003010       0x28 ./source/drivers/fsl_flexcomm.o
                0x00003010                FLEXCOMM3_DriverIRQHandler
 .text.FLEXCOMM4_DriverIRQHandler
                0x00003038       0x28 ./source/drivers/fsl_flexcomm.o
                0x00003038                FLEXCOMM4_DriverIRQHandler
 .text.FLEXCOMM5_DriverIRQHandler
                0x00003060       0x28 ./source/drivers/fsl_flexcomm.o
                0x00003060                FLEXCOMM5_DriverIRQHandler
 .text.FLEXCOMM8_DriverIRQHandler
                0x00003088       0x28 ./source/drivers/fsl_flexcomm.o
                0x00003088                FLEXCOMM8_DriverIRQHandler
 .text.FLEXCOMM9_DriverIRQHandler
                0x000030b0       0x28 ./source/drivers/fsl_flexcomm.o
                0x000030b0                FLEXCOMM9_DriverIRQHandler
 .text.GINT0_DriverIRQHandler
                0x000030d8       0x1c ./source/drivers/fsl_gint.o
                0x000030d8                GINT0_DriverIRQHandler
 .text.GINT1_DriverIRQHandler
                0x000030f4       0x1c ./source/drivers/fsl_gint.o
                0x000030f4                GINT1_DriverIRQHandler
 .text.LCDC_Init
                0x00003110      0x20c ./source/drivers/fsl_lcdc.o
                0x00003110                LCDC_Init
 .text.LCDC_GetDefaultConfig
                0x0000331c       0x34 ./source/drivers/fsl_lcdc.o
                0x0000331c                LCDC_GetDefaultConfig
 .text.LCDC_EnableInterrupts
                0x00003350       0x20 ./source/drivers/fsl_lcdc.o
                0x00003350                LCDC_EnableInterrupts
 .text.LCDC_GetEnabledInterruptsPendingStatus
                0x00003370        0xc ./source/drivers/fsl_lcdc.o
                0x00003370                LCDC_GetEnabledInterruptsPendingStatus
 .text.LCDC_ClearInterruptsStatus
                0x0000337c       0x14 ./source/drivers/fsl_lcdc.o
                0x0000337c                LCDC_ClearInterruptsStatus
 .text.CAN0_IRQ0_DriverIRQHandler
                0x00003390       0x28 ./source/drivers/fsl_mcan.o
                0x00003390                CAN0_IRQ0_DriverIRQHandler
 .text.CAN0_IRQ1_DriverIRQHandler
                0x000033b8       0x28 ./source/drivers/fsl_mcan.o
                0x000033b8                CAN0_IRQ1_DriverIRQHandler
 .text.CAN1_IRQ0_DriverIRQHandler
                0x000033e0       0x28 ./source/drivers/fsl_mcan.o
                0x000033e0                CAN1_IRQ0_DriverIRQHandler
 .text.CAN1_IRQ1_DriverIRQHandler
                0x00003408       0x28 ./source/drivers/fsl_mcan.o
                0x00003408                CAN1_IRQ1_DriverIRQHandler
 .text.PIN_INT0_DriverIRQHandler
                0x00003430       0x28 ./source/drivers/fsl_pint.o
                0x00003430                PIN_INT0_DriverIRQHandler
 .text.PIN_INT1_DriverIRQHandler
                0x00003458       0x28 ./source/drivers/fsl_pint.o
                0x00003458                PIN_INT1_DriverIRQHandler
 .text.PIN_INT2_DriverIRQHandler
                0x00003480       0x28 ./source/drivers/fsl_pint.o
                0x00003480                PIN_INT2_DriverIRQHandler
 .text.PIN_INT3_DriverIRQHandler
                0x000034a8       0x28 ./source/drivers/fsl_pint.o
                0x000034a8                PIN_INT3_DriverIRQHandler
 .text.PIN_INT4_DriverIRQHandler
                0x000034d0       0x28 ./source/drivers/fsl_pint.o
                0x000034d0                PIN_INT4_DriverIRQHandler
 .text.PIN_INT5_DriverIRQHandler
                0x000034f8       0x28 ./source/drivers/fsl_pint.o
                0x000034f8                PIN_INT5_DriverIRQHandler
 .text.PIN_INT6_DriverIRQHandler
                0x00003520       0x28 ./source/drivers/fsl_pint.o
                0x00003520                PIN_INT6_DriverIRQHandler
 .text.PIN_INT7_DriverIRQHandler
                0x00003548       0x28 ./source/drivers/fsl_pint.o
                0x00003548                PIN_INT7_DriverIRQHandler
 .text.RESET_PeripheralReset
                0x00003570       0x60 ./source/drivers/fsl_reset.o
                0x00003570                RESET_PeripheralReset
 .text.SCTIMER_EventHandleIRQ
                0x000035d0       0x40 ./source/drivers/fsl_sctimer.o
                0x000035d0                SCTIMER_EventHandleIRQ
 .text.SCTIMER_Init
                0x00003610       0xcc ./source/drivers/fsl_sctimer.o
                0x00003610                SCTIMER_Init
 .text.SCTIMER_GetDefaultConfig
                0x000036dc       0x24 ./source/drivers/fsl_sctimer.o
                0x000036dc                SCTIMER_GetDefaultConfig
 .text.SCTIMER_SetupPwm
                0x00003700      0x214 ./source/drivers/fsl_sctimer.o
                0x00003700                SCTIMER_SetupPwm
 .text.SCT0_IRQHandler
                0x00003914       0x10 ./source/drivers/fsl_sctimer.o
                0x00003914                SCT0_IRQHandler
 .text.SDIO_DriverIRQHandler
                0x00003924       0x28 ./source/drivers/fsl_sdif.o
                0x00003924                SDIO_DriverIRQHandler
 .text.SPIFI_GetDefaultConfig
                0x0000394c       0x24 ./source/drivers/fsl_spifi.o
                0x0000394c                SPIFI_GetDefaultConfig
 .text.SPIFI_Init
                0x00003970       0x8c ./source/drivers/fsl_spifi.o
                0x00003970                SPIFI_Init
 .text.SPIFI_SetCommand
                0x000039fc       0x54 ./source/drivers/fsl_spifi.o
                0x000039fc                SPIFI_SetCommand
 .text.SPIFI_SetMemoryCommand
                0x00003a50       0x30 ./source/drivers/fsl_spifi.o
                0x00003a50                SPIFI_SetMemoryCommand
 .text.USART_Init
                0x00003a80      0x29c ./source/drivers/fsl_usart.o
                0x00003a80                USART_Init
 .text.USART_GetDefaultConfig
                0x00003d1c       0x2c ./source/drivers/fsl_usart.o
                0x00003d1c                USART_GetDefaultConfig
 .text.USART_WriteBlocking
                0x00003d48       0x38 ./source/drivers/fsl_usart.o
                0x00003d48                USART_WriteBlocking
 .text.USART_ReadBlocking
                0x00003d80       0x9c ./source/drivers/fsl_usart.o
                0x00003d80                USART_ReadBlocking
 .text.UTICK0_DriverIRQHandler
                0x00003e1c       0x18 ./source/drivers/fsl_utick.o
                0x00003e1c                UTICK0_DriverIRQHandler
 .text.SystemInit
                0x00003e34       0x30 ./source/CMSIS/system_LPC54608.o
                0x00003e34                SystemInit
 .text.Init_DMIC
                0x00003e64       0x84 ./source/Audio/Audio.o
                0x00003e64                Init_DMIC
 .text.DMIC0_IRQHandler
                0x00003ee8       0x64 ./source/main.o
                0x00003ee8                DMIC0_IRQHandler
 *fill*         0x00003f4c        0x4 ff
 .text.startup.main
                0x00003f50      0x228 ./source/main.o
                0x00003f50                main
 .text.POWER_SetVoltageForFreq
                0x00004178       0x34 C:\Users\Eli Hughes\Desktop\FIT2017_LPC54628\SRC\Demo 3 - Audio Spectrum Analyzer\libs\libfsl_power_lib.a(fsl_power_lib.o)
                0x00004178                POWER_SetVoltageForFreq
 .text.POWER_SetPLL
                0x000041ac       0x1c C:\Users\Eli Hughes\Desktop\FIT2017_LPC54628\SRC\Demo 3 - Audio Spectrum Analyzer\libs\libfsl_power_lib.a(fsl_power_lib.o)
                0x000041ac                POWER_SetPLL
 .text.arm_rfft_fast_f32
                0x000041c8      0x16c C:\Users\Eli Hughes\Desktop\FIT2017_LPC54628\SRC\Demo 3 - Audio Spectrum Analyzer\libs\libCMSIS_DSP_4_5_0_O3_HARD.a(arm_rfft_fast_f32.o)
                0x000041c8                arm_rfft_fast_f32
 .text.arm_rfft_fast_init_f32
                0x00004334      0x104 C:\Users\Eli Hughes\Desktop\FIT2017_LPC54628\SRC\Demo 3 - Audio Spectrum Analyzer\libs\libCMSIS_DSP_4_5_0_O3_HARD.a(arm_rfft_fast_init_f32.o)
                0x00004334                arm_rfft_fast_init_f32
 .text.arm_cmplx_mag_squared_f32
                0x00004438       0x9c C:\Users\Eli Hughes\Desktop\FIT2017_LPC54628\SRC\Demo 3 - Audio Spectrum Analyzer\libs\libCMSIS_DSP_4_5_0_O3_HARD.a(arm_cmplx_mag_squared_f32.o)
                0x00004438                arm_cmplx_mag_squared_f32
 .text.arm_cfft_radix8by2_f32
                0x000044d4      0x180 C:\Users\Eli Hughes\Desktop\FIT2017_LPC54628\SRC\Demo 3 - Audio Spectrum Analyzer\libs\libCMSIS_DSP_4_5_0_O3_HARD.a(arm_cfft_f32.o)
                0x000044d4                arm_cfft_radix8by2_f32
 .text.arm_cfft_radix8by4_f32
                0x00004654      0x480 C:\Users\Eli Hughes\Desktop\FIT2017_LPC54628\SRC\Demo 3 - Audio Spectrum Analyzer\libs\libCMSIS_DSP_4_5_0_O3_HARD.a(arm_cfft_f32.o)
                0x00004654                arm_cfft_radix8by4_f32
 .text.arm_cfft_f32
                0x00004ad4       0xf4 C:\Users\Eli Hughes\Desktop\FIT2017_LPC54628\SRC\Demo 3 - Audio Spectrum Analyzer\libs\libCMSIS_DSP_4_5_0_O3_HARD.a(arm_cfft_f32.o)
                0x00004ad4                arm_cfft_f32
 .text.arm_radix8_butterfly_f32
                0x00004bc8      0x5b8 C:\Users\Eli Hughes\Desktop\FIT2017_LPC54628\SRC\Demo 3 - Audio Spectrum Analyzer\libs\libCMSIS_DSP_4_5_0_O3_HARD.a(arm_cfft_radix8_f32.o)
                0x00004bc8                arm_radix8_butterfly_f32
 .text          0x00005180       0xc0 C:\Users\Eli Hughes\Desktop\FIT2017_LPC54628\SRC\Demo 3 - Audio Spectrum Analyzer\libs\libCMSIS_DSP_4_5_0_O3_HARD.a(arm_bitreversal2.o)
                0x00005180                arm_bitreversal_32
                0x000051ea                arm_bitreversal_16
 .text.__main   0x00005240        0xe c:/nxp/mcuxpressoide_10.0.2_411/ide/tools/bin/../lib/gcc/arm-none-eabi/5.4.1/../../../../arm-none-eabi/lib/armv7e-m/fpu\libcr_nohost_nf.a(_cr__main.o)
                0x00005240                __main
 *fill*         0x0000524e        0x2 ff
 .text.__assertion_failed
                0x00005250       0x4c c:/nxp/mcuxpressoide_10.0.2_411/ide/tools/bin/../lib/gcc/arm-none-eabi/5.4.1/../../../../arm-none-eabi/lib/armv7e-m/fpu\libcr_nohost_nf.a(_cr_assert.o)
                0x00005250                __assertion_failed
 .text.__sys_appexit
                0x0000529c        0x2 c:/nxp/mcuxpressoide_10.0.2_411/ide/tools/bin/../lib/gcc/arm-none-eabi/5.4.1/../../../../arm-none-eabi/lib/armv7e-m/fpu\libcr_nohost_nf.a(__sys_appexit.o)
                0x0000529c                __sys_appexit
                0x0000529c                __exit
 .text.memcpy   0x0000529e        0x4 c:/nxp/mcuxpressoide_10.0.2_411/ide/tools/bin/../lib/gcc/arm-none-eabi/5.4.1/../../../../arm-none-eabi/lib/armv7e-m/fpu\libcr_c.a(memcpy.o)
                0x0000529e                memcpy
 .text.memset   0x000052a2        0x4 c:/nxp/mcuxpressoide_10.0.2_411/ide/tools/bin/../lib/gcc/arm-none-eabi/5.4.1/../../../../arm-none-eabi/lib/armv7e-m/fpu\libcr_c.a(memset.o)
                0x000052a2                memset
 .text._deferredlazyseek
                0x000052a6       0x40 c:/nxp/mcuxpressoide_10.0.2_411/ide/tools/bin/../lib/gcc/arm-none-eabi/5.4.1/../../../../arm-none-eabi/lib/armv7e-m/fpu\libcr_c.a(_deferredlazyseek.o)
                0x000052a6                _deferredlazyseek
 .text.__flsbuf
                0x000052e6      0x13e c:/nxp/mcuxpressoide_10.0.2_411/ide/tools/bin/../lib/gcc/arm-none-eabi/5.4.1/../../../../arm-none-eabi/lib/armv7e-m/fpu\libcr_c.a(_deferredlazyseek.o)
                0x000052e6                __flsbuf
 .text._fflush  0x00005424       0x54 c:/nxp/mcuxpressoide_10.0.2_411/ide/tools/bin/../lib/gcc/arm-none-eabi/5.4.1/../../../../arm-none-eabi/lib/armv7e-m/fpu\libcr_c.a(_fflush.o)
                0x00005424                _fflush
 .text._Cwritebuf
                0x00005478       0x68 c:/nxp/mcuxpressoide_10.0.2_411/ide/tools/bin/../lib/gcc/arm-none-eabi/5.4.1/../../../../arm-none-eabi/lib/armv7e-m/fpu\libcr_c.a(_writebuf.o)
                0x00005478                _Cwritebuf
 .text.malloc   0x000054e0       0xc8 c:/nxp/mcuxpressoide_10.0.2_411/ide/tools/bin/../lib/gcc/arm-none-eabi/5.4.1/../../../../arm-none-eabi/lib/armv7e-m/fpu\libcr_c.a(alloc.o)
                0x000054e0                malloc
 .text.free     0x000055a8       0x30 c:/nxp/mcuxpressoide_10.0.2_411/ide/tools/bin/../lib/gcc/arm-none-eabi/5.4.1/../../../../arm-none-eabi/lib/armv7e-m/fpu\libcr_c.a(alloc.o)
                0x000055a8                free
 .text._Csys_alloc
                0x000055d8       0x20 c:/nxp/mcuxpressoide_10.0.2_411/ide/tools/bin/../lib/gcc/arm-none-eabi/5.4.1/../../../../arm-none-eabi/lib/armv7e-m/fpu\libcr_c.a(alloc.o)
                0x000055d8                _Csys_alloc
 .text.fp_round
                0x000055f8       0x4e c:/nxp/mcuxpressoide_10.0.2_411/ide/tools/bin/../lib/gcc/arm-none-eabi/5.4.1/../../../../arm-none-eabi/lib/armv7e-m/fpu\libcr_c.a(fpprintf.o)
 .text.pr_dec.constprop.1
                0x00005646       0x26 c:/nxp/mcuxpressoide_10.0.2_411/ide/tools/bin/../lib/gcc/arm-none-eabi/5.4.1/../../../../arm-none-eabi/lib/armv7e-m/fpu\libcr_c.a(fpprintf.o)
 .text.sprintf  0x0000566c       0x6c c:/nxp/mcuxpressoide_10.0.2_411/ide/tools/bin/../lib/gcc/arm-none-eabi/5.4.1/../../../../arm-none-eabi/lib/armv7e-m/fpu\libcr_c.a(fpprintf.o)
                0x0000566c                sprintf
 .text.fp_display
                0x000056d8      0x900 c:/nxp/mcuxpressoide_10.0.2_411/ide/tools/bin/../lib/gcc/arm-none-eabi/5.4.1/../../../../arm-none-eabi/lib/armv7e-m/fpu\libcr_c.a(fpprintf.o)
 .text.vsnprintf
                0x00005fd8       0x5c c:/nxp/mcuxpressoide_10.0.2_411/ide/tools/bin/../lib/gcc/arm-none-eabi/5.4.1/../../../../arm-none-eabi/lib/armv7e-m/fpu\libcr_c.a(fpprintf.o)
                0x00005fd8                vsnprintf
 .text.printf   0x00006034       0x54 c:/nxp/mcuxpressoide_10.0.2_411/ide/tools/bin/../lib/gcc/arm-none-eabi/5.4.1/../../../../arm-none-eabi/lib/armv7e-m/fpu\libcr_c.a(fpprintf.o)
                0x00006034                printf
 .text.fputs    0x00006088       0x2c c:/nxp/mcuxpressoide_10.0.2_411/ide/tools/bin/../lib/gcc/arm-none-eabi/5.4.1/../../../../arm-none-eabi/lib/armv7e-m/fpu\libcr_c.a(fputs.o)
                0x00006088                fputs
 .text.fseek    0x000060b4      0x100 c:/nxp/mcuxpressoide_10.0.2_411/ide/tools/bin/../lib/gcc/arm-none-eabi/5.4.1/../../../../arm-none-eabi/lib/armv7e-m/fpu\libcr_c.a(fseek.o)
                0x000060b4                fseek
 .text.ftell    0x000061b4       0x48 c:/nxp/mcuxpressoide_10.0.2_411/ide/tools/bin/../lib/gcc/arm-none-eabi/5.4.1/../../../../arm-none-eabi/lib/armv7e-m/fpu\libcr_c.a(ftell.o)
                0x000061b4                ftell
 .text._initio  0x000061fc       0x78 c:/nxp/mcuxpressoide_10.0.2_411/ide/tools/bin/../lib/gcc/arm-none-eabi/5.4.1/../../../../arm-none-eabi/lib/armv7e-m/fpu\libcr_c.a(initio.o)
                0x000061fc                _initio
 .text.__vfprintf
                0x00006274      0xd48 c:/nxp/mcuxpressoide_10.0.2_411/ide/tools/bin/../lib/gcc/arm-none-eabi/5.4.1/../../../../arm-none-eabi/lib/armv7e-m/fpu\libcr_c.a(printf.o)
                0x00006274                __vfprintf
 .text.setvbuf  0x00006fbc       0x44 c:/nxp/mcuxpressoide_10.0.2_411/ide/tools/bin/../lib/gcc/arm-none-eabi/5.4.1/../../../../arm-none-eabi/lib/armv7e-m/fpu\libcr_c.a(setvbuf.o)
                0x00006fbc                setvbuf
 .text.strlen   0x00007000       0x4a c:/nxp/mcuxpressoide_10.0.2_411/ide/tools/bin/../lib/gcc/arm-none-eabi/5.4.1/../../../../arm-none-eabi/lib/armv7e-m/fpu\libcr_c.a(strlen.o)
                0x00007000                strlen
 *fill*         0x0000704a        0x2 ff
 .text._sbrk    0x0000704c       0x40 c:/nxp/mcuxpressoide_10.0.2_411/ide/tools/bin/../lib/gcc/arm-none-eabi/5.4.1/../../../../arm-none-eabi/lib/armv7e-m/fpu\libcr_c.a(_cr_sbrk.o)
                0x0000704c                _sbrk
 .text._fdopen  0x0000708c       0x6a c:/nxp/mcuxpressoide_10.0.2_411/ide/tools/bin/../lib/gcc/arm-none-eabi/5.4.1/../../../../arm-none-eabi/lib/armv7e-m/fpu\libcr_c.a(_fdopen.o)
                0x0000708c                _fdopen
 *fill*         0x000070f6        0x2 ff
 .text._frexpl  0x000070f8       0x70 c:/nxp/mcuxpressoide_10.0.2_411/ide/tools/bin/../lib/gcc/arm-none-eabi/5.4.1/../../../../arm-none-eabi/lib/armv7e-m/fpu\libcr_c.a(_frexpl.o)
                0x000070f8                _frexpl
 .text._ldexpl  0x00007168       0x60 c:/nxp/mcuxpressoide_10.0.2_411/ide/tools/bin/../lib/gcc/arm-none-eabi/5.4.1/../../../../arm-none-eabi/lib/armv7e-m/fpu\libcr_c.a(_ldexpl.o)
                0x00007168                _ldexpl
 .text.fclose   0x000071c8       0x58 c:/nxp/mcuxpressoide_10.0.2_411/ide/tools/bin/../lib/gcc/arm-none-eabi/5.4.1/../../../../arm-none-eabi/lib/armv7e-m/fpu\libcr_c.a(fclose.o)
                0x000071c8                fclose
 .text.fflush   0x00007220       0x48 c:/nxp/mcuxpressoide_10.0.2_411/ide/tools/bin/../lib/gcc/arm-none-eabi/5.4.1/../../../../arm-none-eabi/lib/armv7e-m/fpu\libcr_c.a(fflush.o)
                0x00007220                fflush
 .text.remove   0x00007268       0x14 c:/nxp/mcuxpressoide_10.0.2_411/ide/tools/bin/../lib/gcc/arm-none-eabi/5.4.1/../../../../arm-none-eabi/lib/armv7e-m/fpu\libcr_c.a(remove.o)
                0x00007268                remove
 .text.__check_heap_overflow
                0x0000727c       0x18 c:/nxp/mcuxpressoide_10.0.2_411/ide/tools/bin/../lib/gcc/arm-none-eabi/5.4.1/../../../../arm-none-eabi/lib/armv7e-m/fpu\libcr_c.a(_cr_check_heap.o)
                0x0000727c                __check_heap_overflow
 .text._do_fflush
                0x00007294       0x42 c:/nxp/mcuxpressoide_10.0.2_411/ide/tools/bin/../lib/gcc/arm-none-eabi/5.4.1/../../../../arm-none-eabi/lib/armv7e-m/fpu\libcr_c.a(_do_fflush.o)
                0x00007294                _do_fflush
 *fill*         0x000072d6        0x2 ff
 .text.__aeabi_dmul
                0x000072d8      0x110 c:/nxp/mcuxpressoide_10.0.2_411/ide/tools/bin/../lib/gcc/arm-none-eabi/5.4.1/armv7e-m/fpu\libcr_eabihelpers.a(double.o)
                0x000072d8                __aeabi_dmul
 .text.__aeabi_ddiv
                0x000073e8      0x13c c:/nxp/mcuxpressoide_10.0.2_411/ide/tools/bin/../lib/gcc/arm-none-eabi/5.4.1/armv7e-m/fpu\libcr_eabihelpers.a(double.o)
                0x000073e8                __aeabi_ddiv
 .text.__aeabi_dsub
                0x00007524      0x1b4 c:/nxp/mcuxpressoide_10.0.2_411/ide/tools/bin/../lib/gcc/arm-none-eabi/5.4.1/armv7e-m/fpu\libcr_eabihelpers.a(double.o)
                0x00007524                __aeabi_dsub
 .text.__aeabi_dadd
                0x000076d8      0x114 c:/nxp/mcuxpressoide_10.0.2_411/ide/tools/bin/../lib/gcc/arm-none-eabi/5.4.1/armv7e-m/fpu\libcr_eabihelpers.a(double.o)
                0x000076d8                __aeabi_dadd
 .text.__aeabi_d2iz
                0x000077ec       0x40 c:/nxp/mcuxpressoide_10.0.2_411/ide/tools/bin/../lib/gcc/arm-none-eabi/5.4.1/armv7e-m/fpu\libcr_eabihelpers.a(double.o)
                0x000077ec                __aeabi_d2iz
 .text.__bhs_ui2d
                0x0000782c       0x46 c:/nxp/mcuxpressoide_10.0.2_411/ide/tools/bin/../lib/gcc/arm-none-eabi/5.4.1/armv7e-m/fpu\libcr_eabihelpers.a(double.o)
                0x0000782c                __bhs_ui2d
 .text.__aeabi_i2d
                0x00007872       0x10 c:/nxp/mcuxpressoide_10.0.2_411/ide/tools/bin/../lib/gcc/arm-none-eabi/5.4.1/armv7e-m/fpu\libcr_eabihelpers.a(double.o)
                0x00007872                __aeabi_i2d
 .text.__aeabi_dcmpeq
                0x00007882       0x30 c:/nxp/mcuxpressoide_10.0.2_411/ide/tools/bin/../lib/gcc/arm-none-eabi/5.4.1/armv7e-m/fpu\libcr_eabihelpers.a(double.o)
                0x00007882                __aeabi_dcmpeq
 .text.__aeabi_dcmplt
                0x000078b2       0x58 c:/nxp/mcuxpressoide_10.0.2_411/ide/tools/bin/../lib/gcc/arm-none-eabi/5.4.1/armv7e-m/fpu\libcr_eabihelpers.a(double.o)
                0x000078b2                __aeabi_dcmplt
 .text.__aeabi_dcmple
                0x0000790a       0x54 c:/nxp/mcuxpressoide_10.0.2_411/ide/tools/bin/../lib/gcc/arm-none-eabi/5.4.1/armv7e-m/fpu\libcr_eabihelpers.a(double.o)
                0x0000790a                __aeabi_dcmple
 .text.__aeabi_dcmpge
                0x0000795e       0x54 c:/nxp/mcuxpressoide_10.0.2_411/ide/tools/bin/../lib/gcc/arm-none-eabi/5.4.1/armv7e-m/fpu\libcr_eabihelpers.a(double.o)
                0x0000795e                __aeabi_dcmpge
 *fill*         0x000079b2        0x2 ff
 .text.__aeabi_f2d
                0x000079b4       0x38 c:/nxp/mcuxpressoide_10.0.2_411/ide/tools/bin/../lib/gcc/arm-none-eabi/5.4.1/armv7e-m/fpu\libcr_eabihelpers.a(float.o)
                0x000079b4                __aeabi_f2d
 .text.__aeabi_memcpy
                0x000079ec       0x34 c:/nxp/mcuxpressoide_10.0.2_411/ide/tools/bin/../lib/gcc/arm-none-eabi/5.4.1/armv7e-m/fpu\libcr_eabihelpers.a(memcpy.o)
                0x000079ec                __aeabi_memcpy
                0x000079f6                __aeabi_memcpy8
                0x000079f6                __aeabi_memcpy4
 .text.__aeabi_memset_lowlevel
                0x00007a20       0x32 c:/nxp/mcuxpressoide_10.0.2_411/ide/tools/bin/../lib/gcc/arm-none-eabi/5.4.1/armv7e-m/fpu\libcr_eabihelpers.a(memcpy.o)
                0x00007a20                __aeabi_lowlevel_memset
 .text.__sys_close
                0x00007a52        0x6 c:/nxp/mcuxpressoide_10.0.2_411/ide/tools/bin/../lib/gcc/arm-none-eabi/5.4.1/../../../../arm-none-eabi/lib/armv7e-m/fpu\libcr_nohost_nf.a(__sys_close.o)
                0x00007a52                __sys_close
 .text.__sys_flen
                0x00007a58        0x6 c:/nxp/mcuxpressoide_10.0.2_411/ide/tools/bin/../lib/gcc/arm-none-eabi/5.4.1/../../../../arm-none-eabi/lib/armv7e-m/fpu\libcr_nohost_nf.a(__sys_flen.o)
                0x00007a58                __sys_flen
 .text.__sys_istty
                0x00007a5e        0x6 c:/nxp/mcuxpressoide_10.0.2_411/ide/tools/bin/../lib/gcc/arm-none-eabi/5.4.1/../../../../arm-none-eabi/lib/armv7e-m/fpu\libcr_nohost_nf.a(__sys_istty.o)
                0x00007a5e                __sys_istty
 .text.__sys_remove
                0x00007a64        0x6 c:/nxp/mcuxpressoide_10.0.2_411/ide/tools/bin/../lib/gcc/arm-none-eabi/5.4.1/../../../../arm-none-eabi/lib/armv7e-m/fpu\libcr_nohost_nf.a(__sys_remove.o)
                0x00007a64                __sys_remove
 .text.__sys_seek
                0x00007a6a        0x6 c:/nxp/mcuxpressoide_10.0.2_411/ide/tools/bin/../lib/gcc/arm-none-eabi/5.4.1/../../../../arm-none-eabi/lib/armv7e-m/fpu\libcr_nohost_nf.a(__sys_seek.o)
                0x00007a6a                __sys_seek
 .text.__sys_tmpnam
                0x00007a70        0x6 c:/nxp/mcuxpressoide_10.0.2_411/ide/tools/bin/../lib/gcc/arm-none-eabi/5.4.1/../../../../arm-none-eabi/lib/armv7e-m/fpu\libcr_nohost_nf.a(__sys_tmpnam.o)
                0x00007a70                __sys_tmpnam
 *(.rodata .rodata.* .constdata .constdata.*)
 *fill*         0x00007a76        0x2 ff
 .rodata.str1.4
                0x00007a78       0x41 ./source/lpcxpresso54608/board.o
 *fill*         0x00007ab9        0x3 ff
 .rodata.OCR_A_Extended__20px__Bold__SingleBitPerPixelGridFit_1BPP_FontElement_lc_r
                0x00007abc        0xc ./source/eGFX/Fonts/OCR_A_Extended__20px__Bold__SingleBitPerPixelGridFit_1BPP/OCR_A_Extended__20px__Bold__SingleBitPerPixelGridFit_1BPP.o
                0x00007abc                OCR_A_Extended__20px__Bold__SingleBitPerPixelGridFit_1BPP_FontElement_lc_r
 .rodata.OCR_A_Extended__20px__Bold__SingleBitPerPixelGridFit_1BPP_FontElement_left_curly_brace
                0x00007ac8        0xc ./source/eGFX/Fonts/OCR_A_Extended__20px__Bold__SingleBitPerPixelGridFit_1BPP/OCR_A_Extended__20px__Bold__SingleBitPerPixelGridFit_1BPP.o
                0x00007ac8                OCR_A_Extended__20px__Bold__SingleBitPerPixelGridFit_1BPP_FontElement_left_curly_brace
 .rodata.OCR_A_Extended__20px__Bold__SingleBitPerPixelGridFit_1BPP_FontElement_plus_Data
                0x00007ad4       0x14 ./source/eGFX/Fonts/OCR_A_Extended__20px__Bold__SingleBitPerPixelGridFit_1BPP/OCR_A_Extended__20px__Bold__SingleBitPerPixelGridFit_1BPP.o
                0x00007ad4                OCR_A_Extended__20px__Bold__SingleBitPerPixelGridFit_1BPP_FontElement_plus_Data
 .rodata.OCR_A_Extended__20px__Bold__SingleBitPerPixelGridFit_1BPP_FontElement_lc_u
                0x00007ae8        0xc ./source/eGFX/Fonts/OCR_A_Extended__20px__Bold__SingleBitPerPixelGridFit_1BPP/OCR_A_Extended__20px__Bold__SingleBitPerPixelGridFit_1BPP.o
                0x00007ae8                OCR_A_Extended__20px__Bold__SingleBitPerPixelGridFit_1BPP_FontElement_lc_u
 .rodata.OCR_A_Extended__20px__Bold__SingleBitPerPixelGridFit_1BPP_FontElement_plus
                0x00007af4        0xc ./source/eGFX/Fonts/OCR_A_Extended__20px__Bold__SingleBitPerPixelGridFit_1BPP/OCR_A_Extended__20px__Bold__SingleBitPerPixelGridFit_1BPP.o
                0x00007af4                OCR_A_Extended__20px__Bold__SingleBitPerPixelGridFit_1BPP_FontElement_plus
 .rodata.OCR_A_Extended__20px__Bold__SingleBitPerPixelGridFit_1BPP_FontElement_lc_v
                0x00007b00        0xc ./source/eGFX/Fonts/OCR_A_Extended__20px__Bold__SingleBitPerPixelGridFit_1BPP/OCR_A_Extended__20px__Bold__SingleBitPerPixelGridFit_1BPP.o
                0x00007b00                OCR_A_Extended__20px__Bold__SingleBitPerPixelGridFit_1BPP_FontElement_lc_v
 .rodata.OCR_A_Extended__20px__Bold__SingleBitPerPixelGridFit_1BPP_FontElement_3_Data
                0x00007b0c       0x28 ./source/eGFX/Fonts/OCR_A_Extended__20px__Bold__SingleBitPerPixelGridFit_1BPP/OCR_A_Extended__20px__Bold__SingleBitPerPixelGridFit_1BPP.o
                0x00007b0c                OCR_A_Extended__20px__Bold__SingleBitPerPixelGridFit_1BPP_FontElement_3_Data
 .rodata.OCR_A_Extended__20px__Bold__SingleBitPerPixelGridFit_1BPP_FontElement_at_Data
                0x00007b34       0x14 ./source/eGFX/Fonts/OCR_A_Extended__20px__Bold__SingleBitPerPixelGridFit_1BPP/OCR_A_Extended__20px__Bold__SingleBitPerPixelGridFit_1BPP.o
                0x00007b34                OCR_A_Extended__20px__Bold__SingleBitPerPixelGridFit_1BPP_FontElement_at_Data
 .rodata.OCR_A_Extended__20px__Bold__SingleBitPerPixelGridFit_1BPP_FontElement_backslash_Data
                0x00007b48       0x14 ./source/eGFX/Fonts/OCR_A_Extended__20px__Bold__SingleBitPerPixelGridFit_1BPP/OCR_A_Extended__20px__Bold__SingleBitPerPixelGridFit_1BPP.o
                0x00007b48                OCR_A_Extended__20px__Bold__SingleBitPerPixelGridFit_1BPP_FontElement_backslash_Data
 .rodata.OCR_A_Extended__20px__Bold__SingleBitPerPixelGridFit_1BPP_FontElement_lc_z
                0x00007b5c        0xc ./source/eGFX/Fonts/OCR_A_Extended__20px__Bold__SingleBitPerPixelGridFit_1BPP/OCR_A_Extended__20px__Bold__SingleBitPerPixelGridFit_1BPP.o
                0x00007b5c                OCR_A_Extended__20px__Bold__SingleBitPerPixelGridFit_1BPP_FontElement_lc_z
 .rodata.OCR_A_Extended__20px__Bold__SingleBitPerPixelGridFit_1BPP_FontElement_dash
                0x00007b68        0xc ./source/eGFX/Fonts/OCR_A_Extended__20px__Bold__SingleBitPerPixelGridFit_1BPP/OCR_A_Extended__20px__Bold__SingleBitPerPixelGridFit_1BPP.o
                0x00007b68                OCR_A_Extended__20px__Bold__SingleBitPerPixelGridFit_1BPP_FontElement_dash
 .rodata.OCR_A_Extended__20px__Bold__SingleBitPerPixelGridFit_1BPP_FontElement_tilde_Data
                0x00007b74       0x28 ./source/eGFX/Fonts/OCR_A_Extended__20px__Bold__SingleBitPerPixelGridFit_1BPP/OCR_A_Extended__20px__Bold__SingleBitPerPixelGridFit_1BPP.o
                0x00007b74                OCR_A_Extended__20px__Bold__SingleBitPerPixelGridFit_1BPP_FontElement_tilde_Data
 .rodata.OCR_A_Extended__20px__Bold__SingleBitPerPixelGridFit_1BPP_FontElement_underscore_Data
                0x00007b9c       0x28 ./source/eGFX/Fonts/OCR_A_Extended__20px__Bold__SingleBitPerPixelGridFit_1BPP/OCR_A_Extended__20px__Bold__SingleBitPerPixelGridFit_1BPP.o
                0x00007b9c                OCR_A_Extended__20px__Bold__SingleBitPerPixelGridFit_1BPP_FontElement_underscore_Data
 .rodata.OCR_A_Extended__20px__Bold__SingleBitPerPixelGridFit_1BPP_FontElement_right_curly_brace
                0x00007bc4        0xc ./source/eGFX/Fonts/OCR_A_Extended__20px__Bold__SingleBitPerPixelGridFit_1BPP/OCR_A_Extended__20px__Bold__SingleBitPerPixelGridFit_1BPP.o
                0x00007bc4                OCR_A_Extended__20px__Bold__SingleBitPerPixelGridFit_1BPP_FontElement_right_curly_brace
 .rodata.OCR_A_Extended__20px__Bold__SingleBitPerPixelGridFit_1BPP_FontElement_uc_H_Data
                0x00007bd0       0x14 ./source/eGFX/Fonts/OCR_A_Extended__20px__Bold__SingleBitPerPixelGridFit_1BPP/OCR_A_Extended__20px__Bold__SingleBitPerPixelGridFit_1BPP.o
                0x00007bd0                OCR_A_Extended__20px__Bold__SingleBitPerPixelGridFit_1BPP_FontElement_uc_H_Data
 .rodata.OCR_A_Extended__20px__Bold__SingleBitPerPixelGridFit_1BPP_FontElement_slanted_single_quote
                0x00007be4        0xc ./source/eGFX/Fonts/OCR_A_Extended__20px__Bold__SingleBitPerPixelGridFit_1BPP/OCR_A_Extended__20px__Bold__SingleBitPerPixelGridFit_1BPP.o
                0x00007be4                OCR_A_Extended__20px__Bold__SingleBitPerPixelGridFit_1BPP_FontElement_slanted_single_quote
 .rodata.OCR_A_Extended__20px__Bold__SingleBitPerPixelGridFit_1BPP_FontElement_uc_Q_Data
                0x00007bf0       0x14 ./source/eGFX/Fonts/OCR_A_Extended__20px__Bold__SingleBitPerPixelGridFit_1BPP/OCR_A_Extended__20px__Bold__SingleBitPerPixelGridFit_1BPP.o
                0x00007bf0                OCR_A_Extended__20px__Bold__SingleBitPerPixelGridFit_1BPP_FontElement_uc_Q_Data
 .rodata.OCR_A_Extended__20px__Bold__SingleBitPerPixelGridFit_1BPP_FontElement_uc_Z_Data
                0x00007c04       0x14 ./source/eGFX/Fonts/OCR_A_Extended__20px__Bold__SingleBitPerPixelGridFit_1BPP/OCR_A_Extended__20px__Bold__SingleBitPerPixelGridFit_1BPP.o
                0x00007c04                OCR_A_Extended__20px__Bold__SingleBitPerPixelGridFit_1BPP_FontElement_uc_Z_Data
 .rodata.OCR_A_Extended__20px__Bold__SingleBitPerPixelGridFit_1BPP_FontElement_lc_g_Data
                0x00007c18       0x14 ./source/eGFX/Fonts/OCR_A_Extended__20px__Bold__SingleBitPerPixelGridFit_1BPP/OCR_A_Extended__20px__Bold__SingleBitPerPixelGridFit_1BPP.o
                0x00007c18                OCR_A_Extended__20px__Bold__SingleBitPerPixelGridFit_1BPP_FontElement_lc_g_Data
 .rodata.OCR_A_Extended__20px__Bold__SingleBitPerPixelGridFit_1BPP_FontElement_uc_A
                0x00007c2c        0xc ./source/eGFX/Fonts/OCR_A_Extended__20px__Bold__SingleBitPerPixelGridFit_1BPP/OCR_A_Extended__20px__Bold__SingleBitPerPixelGridFit_1BPP.o
                0x00007c2c                OCR_A_Extended__20px__Bold__SingleBitPerPixelGridFit_1BPP_FontElement_uc_A
 .rodata.OCR_A_Extended__20px__Bold__SingleBitPerPixelGridFit_1BPP_FontElement_uc_B
                0x00007c38        0xc ./source/eGFX/Fonts/OCR_A_Extended__20px__Bold__SingleBitPerPixelGridFit_1BPP/OCR_A_Extended__20px__Bold__SingleBitPerPixelGridFit_1BPP.o
                0x00007c38                OCR_A_Extended__20px__Bold__SingleBitPerPixelGridFit_1BPP_FontElement_uc_B
 .rodata.OCR_A_Extended__20px__Bold__SingleBitPerPixelGridFit_1BPP_FontElement_uc_C
                0x00007c44        0xc ./source/eGFX/Fonts/OCR_A_Extended__20px__Bold__SingleBitPerPixelGridFit_1BPP/OCR_A_Extended__20px__Bold__SingleBitPerPixelGridFit_1BPP.o
                0x00007c44                OCR_A_Extended__20px__Bold__SingleBitPerPixelGridFit_1BPP_FontElement_uc_C
 .rodata.OCR_A_Extended__20px__Bold__SingleBitPerPixelGridFit_1BPP_FontElement_uc_D
                0x00007c50        0xc ./source/eGFX/Fonts/OCR_A_Extended__20px__Bold__SingleBitPerPixelGridFit_1BPP/OCR_A_Extended__20px__Bold__SingleBitPerPixelGridFit_1BPP.o
                0x00007c50                OCR_A_Extended__20px__Bold__SingleBitPerPixelGridFit_1BPP_FontElement_uc_D
 .rodata.OCR_A_Extended__20px__Bold__SingleBitPerPixelGridFit_1BPP_FontElement_uc_E
                0x00007c5c        0xc ./source/eGFX/Fonts/OCR_A_Extended__20px__Bold__SingleBitPerPixelGridFit_1BPP/OCR_A_Extended__20px__Bold__SingleBitPerPixelGridFit_1BPP.o
                0x00007c5c                OCR_A_Extended__20px__Bold__SingleBitPerPixelGridFit_1BPP_FontElement_uc_E
 .rodata.OCR_A_Extended__20px__Bold__SingleBitPerPixelGridFit_1BPP_FontElement_uc_F
                0x00007c68        0xc ./source/eGFX/Fonts/OCR_A_Extended__20px__Bold__SingleBitPerPixelGridFit_1BPP/OCR_A_Extended__20px__Bold__SingleBitPerPixelGridFit_1BPP.o
                0x00007c68                OCR_A_Extended__20px__Bold__SingleBitPerPixelGridFit_1BPP_FontElement_uc_F
 .rodata.OCR_A_Extended__20px__Bold__SingleBitPerPixelGridFit_1BPP_FontElement_uc_G
                0x00007c74        0xc ./source/eGFX/Fonts/OCR_A_Extended__20px__Bold__SingleBitPerPixelGridFit_1BPP/OCR_A_Extended__20px__Bold__SingleBitPerPixelGridFit_1BPP.o
                0x00007c74                OCR_A_Extended__20px__Bold__SingleBitPerPixelGridFit_1BPP_FontElement_uc_G
 .rodata.OCR_A_Extended__20px__Bold__SingleBitPerPixelGridFit_1BPP_FontElement_uc_H
                0x00007c80        0xc ./source/eGFX/Fonts/OCR_A_Extended__20px__Bold__SingleBitPerPixelGridFit_1BPP/OCR_A_Extended__20px__Bold__SingleBitPerPixelGridFit_1BPP.o
                0x00007c80                OCR_A_Extended__20px__Bold__SingleBitPerPixelGridFit_1BPP_FontElement_uc_H
 .rodata.OCR_A_Extended__20px__Bold__SingleBitPerPixelGridFit_1BPP_FontElement_uc_I
                0x00007c8c        0xc ./source/eGFX/Fonts/OCR_A_Extended__20px__Bold__SingleBitPerPixelGridFit_1BPP/OCR_A_Extended__20px__Bold__SingleBitPerPixelGridFit_1BPP.o
                0x00007c8c                OCR_A_Extended__20px__Bold__SingleBitPerPixelGridFit_1BPP_FontElement_uc_I
 .rodata.OCR_A_Extended__20px__Bold__SingleBitPerPixelGridFit_1BPP_FontElement_uc_J
                0x00007c98        0xc ./source/eGFX/Fonts/OCR_A_Extended__20px__Bold__SingleBitPerPixelGridFit_1BPP/OCR_A_Extended__20px__Bold__SingleBitPerPixelGridFit_1BPP.o
                0x00007c98                OCR_A_Extended__20px__Bold__SingleBitPerPixelGridFit_1BPP_FontElement_uc_J
 .rodata.OCR_A_Extended__20px__Bold__SingleBitPerPixelGridFit_1BPP_FontElement_uc_K
                0x00007ca4        0xc ./source/eGFX/Fonts/OCR_A_Extended__20px__Bold__SingleBitPerPixelGridFit_1BPP/OCR_A_Extended__20px__Bold__SingleBitPerPixelGridFit_1BPP.o
                0x00007ca4                OCR_A_Extended__20px__Bold__SingleBitPerPixelGridFit_1BPP_FontElement_uc_K
 .rodata.OCR_A_Extended__20px__Bold__SingleBitPerPixelGridFit_1BPP_FontElement_uc_L
                0x00007cb0        0xc ./source/eGFX/Fonts/OCR_A_Extended__20px__Bold__SingleBitPerPixelGridFit_1BPP/OCR_A_Extended__20px__Bold__SingleBitPerPixelGridFit_1BPP.o
                0x00007cb0                OCR_A_Extended__20px__Bold__SingleBitPerPixelGridFit_1BPP_FontElement_uc_L
 .rodata.OCR_A_Extended__20px__Bold__SingleBitPerPixelGridFit_1BPP_FontElement_uc_M
                0x00007cbc        0xc ./source/eGFX/Fonts/OCR_A_Extended__20px__Bold__SingleBitPerPixelGridFit_1BPP/OCR_A_Extended__20px__Bold__SingleBitPerPixelGridFit_1BPP.o
                0x00007cbc                OCR_A_Extended__20px__Bold__SingleBitPerPixelGridFit_1BPP_FontElement_uc_M
 .rodata.OCR_A_Extended__20px__Bold__SingleBitPerPixelGridFit_1BPP_FontElement_uc_N
                0x00007cc8        0xc ./source/eGFX/Fonts/OCR_A_Extended__20px__Bold__SingleBitPerPixelGridFit_1BPP/OCR_A_Extended__20px__Bold__SingleBitPerPixelGridFit_1BPP.o
                0x00007cc8                OCR_A_Extended__20px__Bold__SingleBitPerPixelGridFit_1BPP_FontElement_uc_N
 .rodata.OCR_A_Extended__20px__Bold__SingleBitPerPixelGridFit_1BPP_FontElement_uc_O
                0x00007cd4        0xc ./source/eGFX/Fonts/OCR_A_Extended__20px__Bold__SingleBitPerPixelGridFit_1BPP/OCR_A_Extended__20px__Bold__SingleBitPerPixelGridFit_1BPP.o
                0x00007cd4                OCR_A_Extended__20px__Bold__SingleBitPerPixelGridFit_1BPP_FontElement_uc_O
 .rodata.OCR_A_Extended__20px__Bold__SingleBitPerPixelGridFit_1BPP_FontElement_uc_P
                0x00007ce0        0xc ./source/eGFX/Fonts/OCR_A_Extended__20px__Bold__SingleBitPerPixelGridFit_1BPP/OCR_A_Extended__20px__Bold__SingleBitPerPixelGridFit_1BPP.o
                0x00007ce0                OCR_A_Extended__20px__Bold__SingleBitPerPixelGridFit_1BPP_FontElement_uc_P
 .rodata.OCR_A_Extended__20px__Bold__SingleBitPerPixelGridFit_1BPP_FontElement_uc_Q
                0x00007cec        0xc ./source/eGFX/Fonts/OCR_A_Extended__20px__Bold__SingleBitPerPixelGridFit_1BPP/OCR_A_Extended__20px__Bold__SingleBitPerPixelGridFit_1BPP.o
                0x00007cec                OCR_A_Extended__20px__Bold__SingleBitPerPixelGridFit_1BPP_FontElement_uc_Q
 .rodata.OCR_A_Extended__20px__Bold__SingleBitPerPixelGridFit_1BPP_FontElement_uc_R
                0x00007cf8        0xc ./source/eGFX/Fonts/OCR_A_Extended__20px__Bold__SingleBitPerPixelGridFit_1BPP/OCR_A_Extended__20px__Bold__SingleBitPerPixelGridFit_1BPP.o
                0x00007cf8                OCR_A_Extended__20px__Bold__SingleBitPerPixelGridFit_1BPP_FontElement_uc_R
 .rodata.OCR_A_Extended__20px__Bold__SingleBitPerPixelGridFit_1BPP_FontElement_lc_o_Data
                0x00007d04       0x14 ./source/eGFX/Fonts/OCR_A_Extended__20px__Bold__SingleBitPerPixelGridFit_1BPP/OCR_A_Extended__20px__Bold__SingleBitPerPixelGridFit_1BPP.o
                0x00007d04                OCR_A_Extended__20px__Bold__SingleBitPerPixelGridFit_1BPP_FontElement_lc_o_Data
 .rodata.OCR_A_Extended__20px__Bold__SingleBitPerPixelGridFit_1BPP_FontElement_uc_T
                0x00007d18        0xc ./source/eGFX/Fonts/OCR_A_Extended__20px__Bold__SingleBitPerPixelGridFit_1BPP/OCR_A_Extended__20px__Bold__SingleBitPerPixelGridFit_1BPP.o
                0x00007d18                OCR_A_Extended__20px__Bold__SingleBitPerPixelGridFit_1BPP_FontElement_uc_T
 .rodata.OCR_A_Extended__20px__Bold__SingleBitPerPixelGridFit_1BPP_FontElement_uc_U
                0x00007d24        0xc ./source/eGFX/Fonts/OCR_A_Extended__20px__Bold__SingleBitPerPixelGridFit_1BPP/OCR_A_Extended__20px__Bold__SingleBitPerPixelGridFit_1BPP.o
                0x00007d24                OCR_A_Extended__20px__Bold__SingleBitPerPixelGridFit_1BPP_FontElement_uc_U
 .rodata.OCR_A_Extended__20px__Bold__SingleBitPerPixelGridFit_1BPP_FontElement_uc_V
                0x00007d30        0xc ./source/eGFX/Fonts/OCR_A_Extended__20px__Bold__SingleBitPerPixelGridFit_1BPP/OCR_A_Extended__20px__Bold__SingleBitPerPixelGridFit_1BPP.o
                0x00007d30                OCR_A_Extended__20px__Bold__SingleBitPerPixelGridFit_1BPP_FontElement_uc_V
 .rodata.OCR_A_Extended__20px__Bold__SingleBitPerPixelGridFit_1BPP_FontElement_uc_W
                0x00007d3c        0xc ./source/eGFX/Fonts/OCR_A_Extended__20px__Bold__SingleBitPerPixelGridFit_1BPP/OCR_A_Extended__20px__Bold__SingleBitPerPixelGridFit_1BPP.o
                0x00007d3c                OCR_A_Extended__20px__Bold__SingleBitPerPixelGridFit_1BPP_FontElement_uc_W
 .rodata.OCR_A_Extended__20px__Bold__SingleBitPerPixelGridFit_1BPP_FontElement_right_bracket
                0x00007d48        0xc ./source/eGFX/Fonts/OCR_A_Extended__20px__Bold__SingleBitPerPixelGridFit_1BPP/OCR_A_Extended__20px__Bold__SingleBitPerPixelGridFit_1BPP.o
                0x00007d48                OCR_A_Extended__20px__Bold__SingleBitPerPixelGridFit_1BPP_FontElement_right_bracket
 .rodata.OCR_A_Extended__20px__Bold__SingleBitPerPixelGridFit_1BPP_FontElement_uc_Y
                0x00007d54        0xc ./source/eGFX/Fonts/OCR_A_Extended__20px__Bold__SingleBitPerPixelGridFit_1BPP/OCR_A_Extended__20px__Bold__SingleBitPerPixelGridFit_1BPP.o
                0x00007d54                OCR_A_Extended__20px__Bold__SingleBitPerPixelGridFit_1BPP_FontElement_uc_Y
 .rodata.OCR_A_Extended__20px__Bold__SingleBitPerPixelGridFit_1BPP_FontElement_uc_Z
                0x00007d60        0xc ./source/eGFX/Fonts/OCR_A_Extended__20px__Bold__SingleBitPerPixelGridFit_1BPP/OCR_A_Extended__20px__Bold__SingleBitPerPixelGridFit_1BPP.o
                0x00007d60                OCR_A_Extended__20px__Bold__SingleBitPerPixelGridFit_1BPP_FontElement_uc_Z
 .rodata.OCR_A_Extended__20px__Bold__SingleBitPerPixelGridFit_1BPP_FontElement_lc_a
                0x00007d6c        0xc ./source/eGFX/Fonts/OCR_A_Extended__20px__Bold__SingleBitPerPixelGridFit_1BPP/OCR_A_Extended__20px__Bold__SingleBitPerPixelGridFit_1BPP.o
                0x00007d6c                OCR_A_Extended__20px__Bold__SingleBitPerPixelGridFit_1BPP_FontElement_lc_a
 .rodata.OCR_A_Extended__20px__Bold__SingleBitPerPixelGridFit_1BPP_FontElement_lc_b
                0x00007d78        0xc ./source/eGFX/Fonts/OCR_A_Extended__20px__Bold__SingleBitPerPixelGridFit_1BPP/OCR_A_Extended__20px__Bold__SingleBitPerPixelGridFit_1BPP.o
                0x00007d78                OCR_A_Extended__20px__Bold__SingleBitPerPixelGridFit_1BPP_FontElement_lc_b
 .rodata.OCR_A_Extended__20px__Bold__SingleBitPerPixelGridFit_1BPP_FontElement_lc_c
                0x00007d84        0xc ./source/eGFX/Fonts/OCR_A_Extended__20px__Bold__SingleBitPerPixelGridFit_1BPP/OCR_A_Extended__20px__Bold__SingleBitPerPixelGridFit_1BPP.o
                0x00007d84                OCR_A_Extended__20px__Bold__SingleBitPerPixelGridFit_1BPP_FontElement_lc_c
 .rodata.OCR_A_Extended__20px__Bold__SingleBitPerPixelGridFit_1BPP_FontElement_lc_d
                0x00007d90        0xc ./source/eGFX/Fonts/OCR_A_Extended__20px__Bold__SingleBitPerPixelGridFit_1BPP/OCR_A_Extended__20px__Bold__SingleBitPerPixelGridFit_1BPP.o
                0x00007d90                OCR_A_Extended__20px__Bold__SingleBitPerPixelGridFit_1BPP_FontElement_lc_d
 .rodata.OCR_A_Extended__20px__Bold__SingleBitPerPixelGridFit_1BPP_FontElement_lc_e
                0x00007d9c        0xc ./source/eGFX/Fonts/OCR_A_Extended__20px__Bold__SingleBitPerPixelGridFit_1BPP/OCR_A_Extended__20px__Bold__SingleBitPerPixelGridFit_1BPP.o
                0x00007d9c                OCR_A_Extended__20px__Bold__SingleBitPerPixelGridFit_1BPP_FontElement_lc_e
 .rodata.OCR_A_Extended__20px__Bold__SingleBitPerPixelGridFit_1BPP_FontElement_forward_slash
                0x00007da8        0xc ./source/eGFX/Fonts/OCR_A_Extended__20px__Bold__SingleBitPerPixelGridFit_1BPP/OCR_A_Extended__20px__Bold__SingleBitPerPixelGridFit_1BPP.o
                0x00007da8                OCR_A_Extended__20px__Bold__SingleBitPerPixelGridFit_1BPP_FontElement_forward_slash
 .rodata.OCR_A_Extended__20px__Bold__SingleBitPerPixelGridFit_1BPP_FontElement_uc_C_Data
                0x00007db4       0x14 ./source/eGFX/Fonts/OCR_A_Extended__20px__Bold__SingleBitPerPixelGridFit_1BPP/OCR_A_Extended__20px__Bold__SingleBitPerPixelGridFit_1BPP.o
                0x00007db4                OCR_A_Extended__20px__Bold__SingleBitPerPixelGridFit_1BPP_FontElement_uc_C_Data
 .rodata.OCR_A_Extended__20px__Bold__SingleBitPerPixelGridFit_1BPP_FontElement_pound
                0x00007dc8        0xc ./source/eGFX/Fonts/OCR_A_Extended__20px__Bold__SingleBitPerPixelGridFit_1BPP/OCR_A_Extended__20px__Bold__SingleBitPerPixelGridFit_1BPP.o
                0x00007dc8                OCR_A_Extended__20px__Bold__SingleBitPerPixelGridFit_1BPP_FontElement_pound
 .rodata.OCR_A_Extended__20px__Bold__SingleBitPerPixelGridFit_1BPP_FontElement_lc_i
                0x00007dd4        0xc ./source/eGFX/Fonts/OCR_A_Extended__20px__Bold__SingleBitPerPixelGridFit_1BPP/OCR_A_Extended__20px__Bold__SingleBitPerPixelGridFit_1BPP.o
                0x00007dd4                OCR_A_Extended__20px__Bold__SingleBitPerPixelGridFit_1BPP_FontElement_lc_i
 .rodata.OCR_A_Extended__20px__Bold__SingleBitPerPixelGridFit_1BPP_FontElement_lc_j
                0x00007de0        0xc ./source/eGFX/Fonts/OCR_A_Extended__20px__Bold__SingleBitPerPixelGridFit_1BPP/OCR_A_Extended__20px__Bold__SingleBitPerPixelGridFit_1BPP.o
                0x00007de0                OCR_A_Extended__20px__Bold__SingleBitPerPixelGridFit_1BPP_FontElement_lc_j
 .rodata.OCR_A_Extended__20px__Bold__SingleBitPerPixelGridFit_1BPP_FontElement_lc_k
                0x00007dec        0xc ./source/eGFX/Fonts/OCR_A_Extended__20px__Bold__SingleBitPerPixelGridFit_1BPP/OCR_A_Extended__20px__Bold__SingleBitPerPixelGridFit_1BPP.o
                0x00007dec                OCR_A_Extended__20px__Bold__SingleBitPerPixelGridFit_1BPP_FontElement_lc_k
 .rodata.OCR_A_Extended__20px__Bold__SingleBitPerPixelGridFit_1BPP_FontElement_vertical_bar_Data
                0x00007df8       0x14 ./source/eGFX/Fonts/OCR_A_Extended__20px__Bold__SingleBitPerPixelGridFit_1BPP/OCR_A_Extended__20px__Bold__SingleBitPerPixelGridFit_1BPP.o
                0x00007df8                OCR_A_Extended__20px__Bold__SingleBitPerPixelGridFit_1BPP_FontElement_vertical_bar_Data
 .rodata.OCR_A_Extended__20px__Bold__SingleBitPerPixelGridFit_1BPP_FontElement_less_than
                0x00007e0c        0xc ./source/eGFX/Fonts/OCR_A_Extended__20px__Bold__SingleBitPerPixelGridFit_1BPP/OCR_A_Extended__20px__Bold__SingleBitPerPixelGridFit_1BPP.o
                0x00007e0c                OCR_A_Extended__20px__Bold__SingleBitPerPixelGridFit_1BPP_FontElement_less_than
 .rodata.OCR_A_Extended__20px__Bold__SingleBitPerPixelGridFit_1BPP_FontElement_lc_n
                0x00007e18        0xc ./source/eGFX/Fonts/OCR_A_Extended__20px__Bold__SingleBitPerPixelGridFit_1BPP/OCR_A_Extended__20px__Bold__SingleBitPerPixelGridFit_1BPP.o
                0x00007e18                OCR_A_Extended__20px__Bold__SingleBitPerPixelGridFit_1BPP_FontElement_lc_n
 .rodata.OCR_A_Extended__20px__Bold__SingleBitPerPixelGridFit_1BPP_FontElement_lc_o
                0x00007e24        0xc ./source/eGFX/Fonts/OCR_A_Extended__20px__Bold__SingleBitPerPixelGridFit_1BPP/OCR_A_Extended__20px__Bold__SingleBitPerPixelGridFit_1BPP.o
                0x00007e24                OCR_A_Extended__20px__Bold__SingleBitPerPixelGridFit_1BPP_FontElement_lc_o
 .rodata.OCR_A_Extended__20px__Bold__SingleBitPerPixelGridFit_1BPP_FontElement_lc_p
                0x00007e30        0xc ./source/eGFX/Fonts/OCR_A_Extended__20px__Bold__SingleBitPerPixelGridFit_1BPP/OCR_A_Extended__20px__Bold__SingleBitPerPixelGridFit_1BPP.o
                0x00007e30                OCR_A_Extended__20px__Bold__SingleBitPerPixelGridFit_1BPP_FontElement_lc_p
 .rodata.OCR_A_Extended__20px__Bold__SingleBitPerPixelGridFit_1BPP_FontElement_lc_q
                0x00007e3c        0xc ./source/eGFX/Fonts/OCR_A_Extended__20px__Bold__SingleBitPerPixelGridFit_1BPP/OCR_A_Extended__20px__Bold__SingleBitPerPixelGridFit_1BPP.o
                0x00007e3c                OCR_A_Extended__20px__Bold__SingleBitPerPixelGridFit_1BPP_FontElement_lc_q
 .rodata.OCR_A_Extended__20px__Bold__SingleBitPerPixelGridFit_1BPP_FontElement_delete
                0x00007e48        0xc ./source/eGFX/Fonts/OCR_A_Extended__20px__Bold__SingleBitPerPixelGridFit_1BPP/OCR_A_Extended__20px__Bold__SingleBitPerPixelGridFit_1BPP.o
                0x00007e48                OCR_A_Extended__20px__Bold__SingleBitPerPixelGridFit_1BPP_FontElement_delete
 .rodata.OCR_A_Extended__20px__Bold__SingleBitPerPixelGridFit_1BPP_FontElement_lc_s
                0x00007e54        0xc ./source/eGFX/Fonts/OCR_A_Extended__20px__Bold__SingleBitPerPixelGridFit_1BPP/OCR_A_Extended__20px__Bold__SingleBitPerPixelGridFit_1BPP.o
                0x00007e54                OCR_A_Extended__20px__Bold__SingleBitPerPixelGridFit_1BPP_FontElement_lc_s
 .rodata.OCR_A_Extended__20px__Bold__SingleBitPerPixelGridFit_1BPP_FontElement_lc_t
                0x00007e60        0xc ./source/eGFX/Fonts/OCR_A_Extended__20px__Bold__SingleBitPerPixelGridFit_1BPP/OCR_A_Extended__20px__Bold__SingleBitPerPixelGridFit_1BPP.o
                0x00007e60                OCR_A_Extended__20px__Bold__SingleBitPerPixelGridFit_1BPP_FontElement_lc_t
 .rodata.OCR_A_Extended__20px__Bold__SingleBitPerPixelGridFit_1BPP_FontElement_semicolon
                0x00007e6c        0xc ./source/eGFX/Fonts/OCR_A_Extended__20px__Bold__SingleBitPerPixelGridFit_1BPP/OCR_A_Extended__20px__Bold__SingleBitPerPixelGridFit_1BPP.o
                0x00007e6c                OCR_A_Extended__20px__Bold__SingleBitPerPixelGridFit_1BPP_FontElement_semicolon
 .rodata.OCR_A_Extended__20px__Bold__SingleBitPerPixelGridFit_1BPP_FontElement_double_quotes_Data
                0x00007e78       0x14 ./source/eGFX/Fonts/OCR_A_Extended__20px__Bold__SingleBitPerPixelGridFit_1BPP/OCR_A_Extended__20px__Bold__SingleBitPerPixelGridFit_1BPP.o
                0x00007e78                OCR_A_Extended__20px__Bold__SingleBitPerPixelGridFit_1BPP_FontElement_double_quotes_Data
 .rodata.OCR_A_Extended__20px__Bold__SingleBitPerPixelGridFit_1BPP_FontElement_lc_w
                0x00007e8c        0xc ./source/eGFX/Fonts/OCR_A_Extended__20px__Bold__SingleBitPerPixelGridFit_1BPP/OCR_A_Extended__20px__Bold__SingleBitPerPixelGridFit_1BPP.o
                0x00007e8c                OCR_A_Extended__20px__Bold__SingleBitPerPixelGridFit_1BPP_FontElement_lc_w
 .rodata.OCR_A_Extended__20px__Bold__SingleBitPerPixelGridFit_1BPP_FontElement_lc_x
                0x00007e98        0xc ./source/eGFX/Fonts/OCR_A_Extended__20px__Bold__SingleBitPerPixelGridFit_1BPP/OCR_A_Extended__20px__Bold__SingleBitPerPixelGridFit_1BPP.o
                0x00007e98                OCR_A_Extended__20px__Bold__SingleBitPerPixelGridFit_1BPP_FontElement_lc_x
 .rodata.OCR_A_Extended__20px__Bold__SingleBitPerPixelGridFit_1BPP_FontElement_lc_y
                0x00007ea4        0xc ./source/eGFX/Fonts/OCR_A_Extended__20px__Bold__SingleBitPerPixelGridFit_1BPP/OCR_A_Extended__20px__Bold__SingleBitPerPixelGridFit_1BPP.o
                0x00007ea4                OCR_A_Extended__20px__Bold__SingleBitPerPixelGridFit_1BPP_FontElement_lc_y
 .rodata.OCR_A_Extended__20px__Bold__SingleBitPerPixelGridFit_1BPP_FontElement_uc_R_Data
                0x00007eb0       0x14 ./source/eGFX/Fonts/OCR_A_Extended__20px__Bold__SingleBitPerPixelGridFit_1BPP/OCR_A_Extended__20px__Bold__SingleBitPerPixelGridFit_1BPP.o
                0x00007eb0                OCR_A_Extended__20px__Bold__SingleBitPerPixelGridFit_1BPP_FontElement_uc_R_Data
 .rodata.OCR_A_Extended__20px__Bold__SingleBitPerPixelGridFit_1BPP_FontElement_lc_s_Data
                0x00007ec4       0x14 ./source/eGFX/Fonts/OCR_A_Extended__20px__Bold__SingleBitPerPixelGridFit_1BPP/OCR_A_Extended__20px__Bold__SingleBitPerPixelGridFit_1BPP.o
                0x00007ec4                OCR_A_Extended__20px__Bold__SingleBitPerPixelGridFit_1BPP_FontElement_lc_s_Data
 .rodata.OCR_A_Extended__20px__Bold__SingleBitPerPixelGridFit_1BPP_FontElement_delete_Data
                0x00007ed8       0x3c ./source/eGFX/Fonts/OCR_A_Extended__20px__Bold__SingleBitPerPixelGridFit_1BPP/OCR_A_Extended__20px__Bold__SingleBitPerPixelGridFit_1BPP.o
                0x00007ed8                OCR_A_Extended__20px__Bold__SingleBitPerPixelGridFit_1BPP_FontElement_delete_Data
 .rodata.OCR_A_Extended__20px__Bold__SingleBitPerPixelGridFit_1BPP_FontElement_exclamation_point_Data
                0x00007f14       0x14 ./source/eGFX/Fonts/OCR_A_Extended__20px__Bold__SingleBitPerPixelGridFit_1BPP/OCR_A_Extended__20px__Bold__SingleBitPerPixelGridFit_1BPP.o
                0x00007f14                OCR_A_Extended__20px__Bold__SingleBitPerPixelGridFit_1BPP_FontElement_exclamation_point_Data
 .rodata.OCR_A_Extended__20px__Bold__SingleBitPerPixelGridFit_1BPP_FontElement_great_than
                0x00007f28        0xc ./source/eGFX/Fonts/OCR_A_Extended__20px__Bold__SingleBitPerPixelGridFit_1BPP/OCR_A_Extended__20px__Bold__SingleBitPerPixelGridFit_1BPP.o
                0x00007f28                OCR_A_Extended__20px__Bold__SingleBitPerPixelGridFit_1BPP_FontElement_great_than
 .rodata.OCR_A_Extended__20px__Bold__SingleBitPerPixelGridFit_1BPP_FontElement_8_Data
                0x00007f34       0x14 ./source/eGFX/Fonts/OCR_A_Extended__20px__Bold__SingleBitPerPixelGridFit_1BPP/OCR_A_Extended__20px__Bold__SingleBitPerPixelGridFit_1BPP.o
                0x00007f34                OCR_A_Extended__20px__Bold__SingleBitPerPixelGridFit_1BPP_FontElement_8_Data
 .rodata.OCR_A_Extended__20px__Bold__SingleBitPerPixelGridFit_1BPP_FontElement_comma_Data
                0x00007f48       0x14 ./source/eGFX/Fonts/OCR_A_Extended__20px__Bold__SingleBitPerPixelGridFit_1BPP/OCR_A_Extended__20px__Bold__SingleBitPerPixelGridFit_1BPP.o
                0x00007f48                OCR_A_Extended__20px__Bold__SingleBitPerPixelGridFit_1BPP_FontElement_comma_Data
 .rodata.OCR_A_Extended__20px__Bold__SingleBitPerPixelGridFit_1BPP_FontElement_forward_slash_Data
                0x00007f5c       0x14 ./source/eGFX/Fonts/OCR_A_Extended__20px__Bold__SingleBitPerPixelGridFit_1BPP/OCR_A_Extended__20px__Bold__SingleBitPerPixelGridFit_1BPP.o
                0x00007f5c                OCR_A_Extended__20px__Bold__SingleBitPerPixelGridFit_1BPP_FontElement_forward_slash_Data
 .rodata.OCR_A_Extended__20px__Bold__SingleBitPerPixelGridFit_1BPP_FontElement_dollar_sign_Data
                0x00007f70       0x14 ./source/eGFX/Fonts/OCR_A_Extended__20px__Bold__SingleBitPerPixelGridFit_1BPP/OCR_A_Extended__20px__Bold__SingleBitPerPixelGridFit_1BPP.o
                0x00007f70                OCR_A_Extended__20px__Bold__SingleBitPerPixelGridFit_1BPP_FontElement_dollar_sign_Data
 .rodata.OCR_A_Extended__20px__Bold__SingleBitPerPixelGridFit_1BPP_FontElement_uc_D_Data
                0x00007f84       0x14 ./source/eGFX/Fonts/OCR_A_Extended__20px__Bold__SingleBitPerPixelGridFit_1BPP/OCR_A_Extended__20px__Bold__SingleBitPerPixelGridFit_1BPP.o
                0x00007f84                OCR_A_Extended__20px__Bold__SingleBitPerPixelGridFit_1BPP_FontElement_uc_D_Data
 .rodata.OCR_A_Extended__20px__Bold__SingleBitPerPixelGridFit_1BPP_FontElement_uc_M_Data
                0x00007f98       0x14 ./source/eGFX/Fonts/OCR_A_Extended__20px__Bold__SingleBitPerPixelGridFit_1BPP/OCR_A_Extended__20px__Bold__SingleBitPerPixelGridFit_1BPP.o
                0x00007f98                OCR_A_Extended__20px__Bold__SingleBitPerPixelGridFit_1BPP_FontElement_uc_M_Data
 .rodata.OCR_A_Extended__20px__Bold__SingleBitPerPixelGridFit_1BPP_FontElement_uc_V_Data
                0x00007fac       0x14 ./source/eGFX/Fonts/OCR_A_Extended__20px__Bold__SingleBitPerPixelGridFit_1BPP/OCR_A_Extended__20px__Bold__SingleBitPerPixelGridFit_1BPP.o
                0x00007fac                OCR_A_Extended__20px__Bold__SingleBitPerPixelGridFit_1BPP_FontElement_uc_V_Data
 .rodata.OCR_A_Extended__20px__Bold__SingleBitPerPixelGridFit_1BPP_FontElement_lc_p_Data
                0x00007fc0       0x14 ./source/eGFX/Fonts/OCR_A_Extended__20px__Bold__SingleBitPerPixelGridFit_1BPP/OCR_A_Extended__20px__Bold__SingleBitPerPixelGridFit_1BPP.o
                0x00007fc0                OCR_A_Extended__20px__Bold__SingleBitPerPixelGridFit_1BPP_FontElement_lc_p_Data
 .rodata.OCR_A_Extended__20px__Bold__SingleBitPerPixelGridFit_1BPP_FontElement_comma
                0x00007fd4        0xc ./source/eGFX/Fonts/OCR_A_Extended__20px__Bold__SingleBitPerPixelGridFit_1BPP/OCR_A_Extended__20px__Bold__SingleBitPerPixelGridFit_1BPP.o
                0x00007fd4                OCR_A_Extended__20px__Bold__SingleBitPerPixelGridFit_1BPP_FontElement_comma
 .rodata.OCR_A_Extended__20px__Bold__SingleBitPerPixelGridFit_1BPP_FontElement_star_Data
                0x00007fe0       0x14 ./source/eGFX/Fonts/OCR_A_Extended__20px__Bold__SingleBitPerPixelGridFit_1BPP/OCR_A_Extended__20px__Bold__SingleBitPerPixelGridFit_1BPP.o
                0x00007fe0                OCR_A_Extended__20px__Bold__SingleBitPerPixelGridFit_1BPP_FontElement_star_Data
 .rodata.OCR_A_Extended__20px__Bold__SingleBitPerPixelGridFit_1BPP_FontElement_lc_b_Data
                0x00007ff4       0x14 ./source/eGFX/Fonts/OCR_A_Extended__20px__Bold__SingleBitPerPixelGridFit_1BPP/OCR_A_Extended__20px__Bold__SingleBitPerPixelGridFit_1BPP.o
                0x00007ff4                OCR_A_Extended__20px__Bold__SingleBitPerPixelGridFit_1BPP_FontElement_lc_b_Data
 .rodata.OCR_A_Extended__20px__Bold__SingleBitPerPixelGridFit_1BPP_FontElement_lc_k_Data
                0x00008008       0x14 ./source/eGFX/Fonts/OCR_A_Extended__20px__Bold__SingleBitPerPixelGridFit_1BPP/OCR_A_Extended__20px__Bold__SingleBitPerPixelGridFit_1BPP.o
                0x00008008                OCR_A_Extended__20px__Bold__SingleBitPerPixelGridFit_1BPP_FontElement_lc_k_Data
 .rodata.OCR_A_Extended__20px__Bold__SingleBitPerPixelGridFit_1BPP_FontElement_lc_x_Data
                0x0000801c       0x14 ./source/eGFX/Fonts/OCR_A_Extended__20px__Bold__SingleBitPerPixelGridFit_1BPP/OCR_A_Extended__20px__Bold__SingleBitPerPixelGridFit_1BPP.o
                0x0000801c                OCR_A_Extended__20px__Bold__SingleBitPerPixelGridFit_1BPP_FontElement_lc_x_Data
 .rodata.OCR_A_Extended__20px__Bold__SingleBitPerPixelGridFit_1BPP_FontElement_lc_t_Data
                0x00008030       0x28 ./source/eGFX/Fonts/OCR_A_Extended__20px__Bold__SingleBitPerPixelGridFit_1BPP/OCR_A_Extended__20px__Bold__SingleBitPerPixelGridFit_1BPP.o
                0x00008030                OCR_A_Extended__20px__Bold__SingleBitPerPixelGridFit_1BPP_FontElement_lc_t_Data
 .rodata.OCR_A_Extended__20px__Bold__SingleBitPerPixelGridFit_1BPP_FontElement_left_parenthesis_Data
                0x00008058       0x14 ./source/eGFX/Fonts/OCR_A_Extended__20px__Bold__SingleBitPerPixelGridFit_1BPP/OCR_A_Extended__20px__Bold__SingleBitPerPixelGridFit_1BPP.o
                0x00008058                OCR_A_Extended__20px__Bold__SingleBitPerPixelGridFit_1BPP_FontElement_left_parenthesis_Data
 .rodata.OCR_A_Extended__20px__Bold__SingleBitPerPixelGridFit_1BPP_FontElement_lc_d_Data
                0x0000806c       0x14 ./source/eGFX/Fonts/OCR_A_Extended__20px__Bold__SingleBitPerPixelGridFit_1BPP/OCR_A_Extended__20px__Bold__SingleBitPerPixelGridFit_1BPP.o
                0x0000806c                OCR_A_Extended__20px__Bold__SingleBitPerPixelGridFit_1BPP_FontElement_lc_d_Data
 .rodata.OCR_A_Extended__20px__Bold__SingleBitPerPixelGridFit_1BPP_FontElement_0_Data
                0x00008080       0x14 ./source/eGFX/Fonts/OCR_A_Extended__20px__Bold__SingleBitPerPixelGridFit_1BPP/OCR_A_Extended__20px__Bold__SingleBitPerPixelGridFit_1BPP.o
                0x00008080                OCR_A_Extended__20px__Bold__SingleBitPerPixelGridFit_1BPP_FontElement_0_Data
 .rodata.OCR_A_Extended__20px__Bold__SingleBitPerPixelGridFit_1BPP_FontElement_9_Data
                0x00008094       0x14 ./source/eGFX/Fonts/OCR_A_Extended__20px__Bold__SingleBitPerPixelGridFit_1BPP/OCR_A_Extended__20px__Bold__SingleBitPerPixelGridFit_1BPP.o
                0x00008094                OCR_A_Extended__20px__Bold__SingleBitPerPixelGridFit_1BPP_FontElement_9_Data
 .rodata.OCR_A_Extended__20px__Bold__SingleBitPerPixelGridFit_1BPP_FontElement_exclamation_point
                0x000080a8        0xc ./source/eGFX/Fonts/OCR_A_Extended__20px__Bold__SingleBitPerPixelGridFit_1BPP/OCR_A_Extended__20px__Bold__SingleBitPerPixelGridFit_1BPP.o
                0x000080a8                OCR_A_Extended__20px__Bold__SingleBitPerPixelGridFit_1BPP_FontElement_exclamation_point
 .rodata.OCR_A_Extended__20px__Bold__SingleBitPerPixelGridFit_1BPP_FontElement_right_bracket_Data
                0x000080b4       0x14 ./source/eGFX/Fonts/OCR_A_Extended__20px__Bold__SingleBitPerPixelGridFit_1BPP/OCR_A_Extended__20px__Bold__SingleBitPerPixelGridFit_1BPP.o
                0x000080b4                OCR_A_Extended__20px__Bold__SingleBitPerPixelGridFit_1BPP_FontElement_right_bracket_Data
 .rodata.OCR_A_Extended__20px__Bold__SingleBitPerPixelGridFit_1BPP_FontElement_vertical_bar
                0x000080c8        0xc ./source/eGFX/Fonts/OCR_A_Extended__20px__Bold__SingleBitPerPixelGridFit_1BPP/OCR_A_Extended__20px__Bold__SingleBitPerPixelGridFit_1BPP.o
                0x000080c8                OCR_A_Extended__20px__Bold__SingleBitPerPixelGridFit_1BPP_FontElement_vertical_bar
 .rodata.OCR_A_Extended__20px__Bold__SingleBitPerPixelGridFit_1BPP_FontElement_precent_sign
                0x000080d4        0xc ./source/eGFX/Fonts/OCR_A_Extended__20px__Bold__SingleBitPerPixelGridFit_1BPP/OCR_A_Extended__20px__Bold__SingleBitPerPixelGridFit_1BPP.o
                0x000080d4                OCR_A_Extended__20px__Bold__SingleBitPerPixelGridFit_1BPP_FontElement_precent_sign
 .rodata.OCR_A_Extended__20px__Bold__SingleBitPerPixelGridFit_1BPP_FontElement_uc_N_Data
                0x000080e0       0x14 ./source/eGFX/Fonts/OCR_A_Extended__20px__Bold__SingleBitPerPixelGridFit_1BPP/OCR_A_Extended__20px__Bold__SingleBitPerPixelGridFit_1BPP.o
                0x000080e0                OCR_A_Extended__20px__Bold__SingleBitPerPixelGridFit_1BPP_FontElement_uc_N_Data
 .rodata.OCR_A_Extended__20px__Bold__SingleBitPerPixelGridFit_1BPP_FontElement_uc_E_Data
                0x000080f4       0x14 ./source/eGFX/Fonts/OCR_A_Extended__20px__Bold__SingleBitPerPixelGridFit_1BPP/OCR_A_Extended__20px__Bold__SingleBitPerPixelGridFit_1BPP.o
                0x000080f4                OCR_A_Extended__20px__Bold__SingleBitPerPixelGridFit_1BPP_FontElement_uc_E_Data
 .rodata.OCR_A_Extended__20px__Bold__SingleBitPerPixelGridFit_1BPP_FontElement_lc_f_Data
                0x00008108       0x14 ./source/eGFX/Fonts/OCR_A_Extended__20px__Bold__SingleBitPerPixelGridFit_1BPP/OCR_A_Extended__20px__Bold__SingleBitPerPixelGridFit_1BPP.o
                0x00008108                OCR_A_Extended__20px__Bold__SingleBitPerPixelGridFit_1BPP_FontElement_lc_f_Data
 .rodata.OCR_A_Extended__20px__Bold__SingleBitPerPixelGridFit_1BPP_FontElement_uc_W_Data
                0x0000811c       0x28 ./source/eGFX/Fonts/OCR_A_Extended__20px__Bold__SingleBitPerPixelGridFit_1BPP/OCR_A_Extended__20px__Bold__SingleBitPerPixelGridFit_1BPP.o
                0x0000811c                OCR_A_Extended__20px__Bold__SingleBitPerPixelGridFit_1BPP_FontElement_uc_W_Data
 .rodata.OCR_A_Extended__20px__Bold__SingleBitPerPixelGridFit_1BPP_FontElement_less_than_Data
                0x00008144       0x14 ./source/eGFX/Fonts/OCR_A_Extended__20px__Bold__SingleBitPerPixelGridFit_1BPP/OCR_A_Extended__20px__Bold__SingleBitPerPixelGridFit_1BPP.o
                0x00008144                OCR_A_Extended__20px__Bold__SingleBitPerPixelGridFit_1BPP_FontElement_less_than_Data
 .rodata.OCR_A_Extended__20px__Bold__SingleBitPerPixelGridFit_1BPP_FontElement_question_mark_Data
                0x00008158       0x14 ./source/eGFX/Fonts/OCR_A_Extended__20px__Bold__SingleBitPerPixelGridFit_1BPP/OCR_A_Extended__20px__Bold__SingleBitPerPixelGridFit_1BPP.o
                0x00008158                OCR_A_Extended__20px__Bold__SingleBitPerPixelGridFit_1BPP_FontElement_question_mark_Data
 .rodata.OCR_A_Extended__20px__Bold__SingleBitPerPixelGridFit_1BPP_FontElement_dash_Data
                0x0000816c       0x14 ./source/eGFX/Fonts/OCR_A_Extended__20px__Bold__SingleBitPerPixelGridFit_1BPP/OCR_A_Extended__20px__Bold__SingleBitPerPixelGridFit_1BPP.o
                0x0000816c                OCR_A_Extended__20px__Bold__SingleBitPerPixelGridFit_1BPP_FontElement_dash_Data
 .rodata.OCR_A_Extended__20px__Bold__SingleBitPerPixelGridFit_1BPP_FontElement_lc_l_Data
                0x00008180       0x14 ./source/eGFX/Fonts/OCR_A_Extended__20px__Bold__SingleBitPerPixelGridFit_1BPP/OCR_A_Extended__20px__Bold__SingleBitPerPixelGridFit_1BPP.o
                0x00008180                OCR_A_Extended__20px__Bold__SingleBitPerPixelGridFit_1BPP_FontElement_lc_l_Data
 .rodata.OCR_A_Extended__20px__Bold__SingleBitPerPixelGridFit_1BPP_FontElement_lc_u_Data
                0x00008194       0x14 ./source/eGFX/Fonts/OCR_A_Extended__20px__Bold__SingleBitPerPixelGridFit_1BPP/OCR_A_Extended__20px__Bold__SingleBitPerPixelGridFit_1BPP.o
                0x00008194                OCR_A_Extended__20px__Bold__SingleBitPerPixelGridFit_1BPP_FontElement_lc_u_Data
 .rodata.OCR_A_Extended__20px__Bold__SingleBitPerPixelGridFit_1BPP_FontElement_6
                0x000081a8        0xc ./source/eGFX/Fonts/OCR_A_Extended__20px__Bold__SingleBitPerPixelGridFit_1BPP/OCR_A_Extended__20px__Bold__SingleBitPerPixelGridFit_1BPP.o
                0x000081a8                OCR_A_Extended__20px__Bold__SingleBitPerPixelGridFit_1BPP_FontElement_6
 .rodata.OCR_A_Extended__20px__Bold__SingleBitPerPixelGridFit_1BPP_FontElement_single_quote
                0x000081b4        0xc ./source/eGFX/Fonts/OCR_A_Extended__20px__Bold__SingleBitPerPixelGridFit_1BPP/OCR_A_Extended__20px__Bold__SingleBitPerPixelGridFit_1BPP.o
                0x000081b4                OCR_A_Extended__20px__Bold__SingleBitPerPixelGridFit_1BPP_FontElement_single_quote
 .rodata.OCR_A_Extended__20px__Bold__SingleBitPerPixelGridFit_1BPP_FontElement_1_Data
                0x000081c0       0x14 ./source/eGFX/Fonts/OCR_A_Extended__20px__Bold__SingleBitPerPixelGridFit_1BPP/OCR_A_Extended__20px__Bold__SingleBitPerPixelGridFit_1BPP.o
                0x000081c0                OCR_A_Extended__20px__Bold__SingleBitPerPixelGridFit_1BPP_FontElement_1_Data
 .rodata.OCR_A_Extended__20px__Bold__SingleBitPerPixelGridFit_1BPP_FontElement_right_parenthesis_Data
                0x000081d4       0x14 ./source/eGFX/Fonts/OCR_A_Extended__20px__Bold__SingleBitPerPixelGridFit_1BPP/OCR_A_Extended__20px__Bold__SingleBitPerPixelGridFit_1BPP.o
                0x000081d4                OCR_A_Extended__20px__Bold__SingleBitPerPixelGridFit_1BPP_FontElement_right_parenthesis_Data
 .rodata.OCR_A_Extended__20px__Bold__SingleBitPerPixelGridFit_1BPP_FontElement_great_than_Data
                0x000081e8       0x14 ./source/eGFX/Fonts/OCR_A_Extended__20px__Bold__SingleBitPerPixelGridFit_1BPP/OCR_A_Extended__20px__Bold__SingleBitPerPixelGridFit_1BPP.o
                0x000081e8                OCR_A_Extended__20px__Bold__SingleBitPerPixelGridFit_1BPP_FontElement_great_than_Data
 .rodata.OCR_A_Extended__20px__Bold__SingleBitPerPixelGridFit_1BPP_FontElement_at
                0x000081fc        0xc ./source/eGFX/Fonts/OCR_A_Extended__20px__Bold__SingleBitPerPixelGridFit_1BPP/OCR_A_Extended__20px__Bold__SingleBitPerPixelGridFit_1BPP.o
                0x000081fc                OCR_A_Extended__20px__Bold__SingleBitPerPixelGridFit_1BPP_FontElement_at
 .rodata.OCR_A_Extended__20px__Bold__SingleBitPerPixelGridFit_1BPP_FontElement_single_quote_Data
                0x00008208       0x14 ./source/eGFX/Fonts/OCR_A_Extended__20px__Bold__SingleBitPerPixelGridFit_1BPP/OCR_A_Extended__20px__Bold__SingleBitPerPixelGridFit_1BPP.o